ARM Linker, 5.03 [Build 76] [MDK-ARM Professional]

==============================================================================

Section Cross References

    system_lpc17xx.o(.text) refers to lludivv7m.o(.text) for __aeabi_uldivmod
    system_lpc17xx.o(.text) refers to system_lpc17xx.o(.data) for SystemCoreClock
    startup_lpc17xx.o(STACK) refers (Special) to heapauxi.o(.text) for __use_two_region_memory
    startup_lpc17xx.o(HEAP) refers (Special) to heapauxi.o(.text) for __use_two_region_memory
    startup_lpc17xx.o(RESET) refers (Special) to heapauxi.o(.text) for __use_two_region_memory
    startup_lpc17xx.o(RESET) refers to startup_lpc17xx.o(STACK) for __initial_sp
    startup_lpc17xx.o(RESET) refers to startup_lpc17xx.o(.text) for Reset_Handler
    startup_lpc17xx.o(RESET) refers to main.o(.text) for TIMER0_IRQHandler
    startup_lpc17xx.o(RESET) refers to dma.o(.text) for DMA_IRQHandler
    startup_lpc17xx.o(.ARM.__at_0x02FC) refers (Special) to heapauxi.o(.text) for __use_two_region_memory
    startup_lpc17xx.o(.text) refers (Special) to heapauxi.o(.text) for __use_two_region_memory
    startup_lpc17xx.o(.text) refers to system_lpc17xx.o(.text) for SystemInit
    startup_lpc17xx.o(.text) refers to __main.o(!!!main) for __main
    startup_lpc17xx.o(.text) refers to startup_lpc17xx.o(HEAP) for Heap_Mem
    startup_lpc17xx.o(.text) refers to startup_lpc17xx.o(STACK) for Stack_Mem
    asciilib.o(.text) refers to rt_memcpy_v6.o(.text) for __aeabi_memcpy
    asciilib.o(.text) refers to asciilib.o(.constdata) for AsciiLib
    glcd.o(.text) refers to glcd.o(.data) for LCD_Code
    glcd.o(.text) refers to asciilib.o(.text) for GetASCIICode
    debug_frmwrk.o(.text) refers to lpc17xx_uart.o(.text) for UART_Send
    debug_frmwrk.o(.text) refers to lpc17xx_pinsel.o(.text) for PINSEL_ConfigPin
    debug_frmwrk.o(.text) refers to debug_frmwrk.o(.data) for _db_msg
    lpc17xx_adc.o(.text) refers to lpc17xx_libcfg_default.o(.text) for check_failed
    lpc17xx_adc.o(.text) refers to lpc17xx_clkpwr.o(.text) for CLKPWR_ConfigPPWR
    lpc17xx_can.o(.text) refers to lpc17xx_libcfg_default.o(.text) for check_failed
    lpc17xx_can.o(.text) refers to lpc17xx_clkpwr.o(.text) for CLKPWR_GetPCLK
    lpc17xx_can.o(.text) refers to lpc17xx_can.o(.data) for FULLCAN_ENABLE
    lpc17xx_clkpwr.o(.text) refers to system_lpc17xx.o(.data) for SystemCoreClock
    lpc17xx_dac.o(.text) refers to lpc17xx_libcfg_default.o(.text) for check_failed
    lpc17xx_emac.o(.text) refers to lpc17xx_clkpwr.o(.text) for CLKPWR_ConfigPPWR
    lpc17xx_emac.o(.text) refers to lpc17xx_emac.o(.bss) for rx_buf
    lpc17xx_emac.o(.text) refers to system_lpc17xx.o(.data) for SystemCoreClock
    lpc17xx_emac.o(.text) refers to lpc17xx_emac.o(.constdata) for EMAC_clkdiv
    lpc17xx_gpdma.o(.text) refers to lpc17xx_clkpwr.o(.text) for CLKPWR_ConfigPPWR
    lpc17xx_gpdma.o(.text) refers to lpc17xx_libcfg_default.o(.text) for check_failed
    lpc17xx_gpdma.o(.text) refers to lpc17xx_gpdma.o(.data) for pGPDMACh
    lpc17xx_gpdma.o(.text) refers to lpc17xx_gpdma.o(.constdata) for GPDMA_LUTPerAddr
    lpc17xx_i2c.o(.text) refers to lpc17xx_libcfg_default.o(.text) for check_failed
    lpc17xx_i2c.o(.text) refers to lpc17xx_clkpwr.o(.text) for CLKPWR_GetPCLK
    lpc17xx_i2c.o(.text) refers to lpc17xx_i2c.o(.bss) for i2cdat
    lpc17xx_i2c.o(.text) refers to lpc17xx_i2c.o(.data) for I2C_MonitorBufferIndex
    lpc17xx_i2s.o(.text) refers to lpc17xx_libcfg_default.o(.text) for check_failed
    lpc17xx_i2s.o(.text) refers to lpc17xx_clkpwr.o(.text) for CLKPWR_ConfigPPWR
    lpc17xx_mcpwm.o(.text) refers to lpc17xx_clkpwr.o(.text) for CLKPWR_ConfigPPWR
    lpc17xx_pwm.o(.text) refers to lpc17xx_libcfg_default.o(.text) for check_failed
    lpc17xx_pwm.o(.text) refers to lpc17xx_clkpwr.o(.text) for CLKPWR_ConfigPPWR
    lpc17xx_pwm.o(.text) refers to lludivv7m.o(.text) for __aeabi_uldivmod
    lpc17xx_qei.o(.text) refers to lpc17xx_libcfg_default.o(.text) for check_failed
    lpc17xx_qei.o(.text) refers to lpc17xx_clkpwr.o(.text) for CLKPWR_ConfigPPWR
    lpc17xx_qei.o(.text) refers to lludivv7m.o(.text) for __aeabi_uldivmod
    lpc17xx_rit.o(.text) refers to lpc17xx_libcfg_default.o(.text) for check_failed
    lpc17xx_rit.o(.text) refers to lpc17xx_clkpwr.o(.text) for CLKPWR_ConfigPPWR
    lpc17xx_rtc.o(.text) refers to lpc17xx_libcfg_default.o(.text) for check_failed
    lpc17xx_rtc.o(.text) refers to lpc17xx_clkpwr.o(.text) for CLKPWR_ConfigPPWR
    lpc17xx_spi.o(.text) refers to lpc17xx_libcfg_default.o(.text) for check_failed
    lpc17xx_spi.o(.text) refers to lpc17xx_clkpwr.o(.text) for CLKPWR_GetPCLK
    lpc17xx_ssp.o(.text) refers to lpc17xx_libcfg_default.o(.text) for check_failed
    lpc17xx_ssp.o(.text) refers to lpc17xx_clkpwr.o(.text) for CLKPWR_GetPCLK
    lpc17xx_systick.o(.text) refers to fflt_clz.o(x$fpl$ffltu) for __aeabi_ui2f
    lpc17xx_systick.o(.text) refers to frleqf.o(x$fpl$frleqf) for __aeabi_cfrcmple
[...]
    scalbn.o(x$fpl$scalbn) refers to dcheck1.o(x$fpl$dcheck1) for __fpl_dcheck_NaN1
    ldexp.o(i.__softfp_ldexp) refers (Special) to usenofp.o(x$fpl$usenofp) for __I$use$fp
    ldexp.o(i.__softfp_ldexp) refers to ldexp.o(i.ldexp) for ldexp
    ldexp.o(i.__support_ldexp) refers (Special) to usenofp.o(x$fpl$usenofp) for __I$use$fp
    ldexp.o(i.__support_ldexp) refers to ldexp.o(i.ldexp) for ldexp
    ldexp.o(i.ldexp) refers (Special) to usenofp.o(x$fpl$usenofp) for __I$use$fp
    ldexp.o(i.ldexp) refers to deqf.o(x$fpl$deqf) for __aeabi_cdcmpeq
    ldexp.o(i.ldexp) refers to scalbn.o(x$fpl$scalbn) for __ARM_scalbn
    ldexp.o(i.ldexp) refers to _rserrno.o(.text) for __set_errno
    ldexp.o(i.ldexp) refers to dunder.o(i.__mathlib_dbl_underflow) for __mathlib_dbl_underflow
    ldexp_x.o(i.____softfp_ldexp$lsc) refers (Special) to usenofp.o(x$fpl$usenofp) for __I$use$fp
    ldexp_x.o(i.____softfp_ldexp$lsc) refers to ldexp_x.o(i.__ldexp$lsc) for __ldexp$lsc
    ldexp_x.o(i.____support_ldexp$lsc) refers (Special) to usenofp.o(x$fpl$usenofp) for __I$use$fp
    ldexp_x.o(i.____support_ldexp$lsc) refers to ldexp_x.o(i.__ldexp$lsc) for __ldexp$lsc
    ldexp_x.o(i.__ldexp$lsc) refers (Special) to usenofp.o(x$fpl$usenofp) for __I$use$fp
    ldexp_x.o(i.__ldexp$lsc) refers to deqf.o(x$fpl$deqf) for __aeabi_cdcmpeq
    ldexp_x.o(i.__ldexp$lsc) refers to scalbn.o(x$fpl$scalbn) for __ARM_scalbn
    ldexp_x.o(i.__ldexp$lsc) refers to _rserrno.o(.text) for __set_errno
    ldexp_x.o(i.__ldexp$lsc) refers to qnan.o(.constdata) for __mathlib_zero
    defsig_abrt_inner.o(.text) refers to defsig_general.o(.text) for __default_signal_display
    defsig_rtred_inner.o(.text) refers to defsig_general.o(.text) for __default_signal_display
    defsig_rtmem_inner.o(.text) refers to defsig_general.o(.text) for __default_signal_display
    defsig_stak_inner.o(.text) refers to defsig_general.o(.text) for __default_signal_display
    defsig_pvfn_inner.o(.text) refers to defsig_general.o(.text) for __default_signal_display
    defsig_cppl_inner.o(.text) refers to defsig_general.o(.text) for __default_signal_display
    defsig_segv_inner.o(.text) refers to defsig_general.o(.text) for __default_signal_display
    defsig_other.o(.text) refers to defsig_general.o(.text) for __default_signal_display
    dcheck1.o(x$fpl$dcheck1) refers (Special) to usenofp.o(x$fpl$usenofp) for __I$use$fp
    dcheck1.o(x$fpl$dcheck1) refers to retnan.o(x$fpl$retnan) for __fpl_return_NaN
    dunder.o(i.__mathlib_dbl_underflow) refers to scalbn.o(x$fpl$scalbn) for __ARM_scalbn
    qnan.o(.constdata) refers (Special) to usenofp.o(x$fpl$usenofp) for __I$use$fp
    retnan.o(x$fpl$retnan) refers (Special) to usenofp.o(x$fpl$usenofp) for __I$use$fp
    retnan.o(x$fpl$retnan) refers to trapv.o(x$fpl$trapveneer) for __fpl_cmpreturn
    trapv.o(x$fpl$trapveneer) refers (Special) to usenofp.o(x$fpl$usenofp) for __I$use$fp
    scanf_fp.o(i._is_digit) refers (Special) to usenofp.o(x$fpl$usenofp) for __I$use$fp
    scanf_fp.o(i._is_digit) refers (Special) to lc_numeric_c.o(locale$$code) for _get_lc_numeric


==============================================================================

Removing Unused input sections from the image.

    Removing system_lpc17xx.o(.rev16_text), (4 bytes).
    Removing system_lpc17xx.o(.revsh_text), (4 bytes).
    Removing asciilib.o(.text), (32 bytes).
    Removing asciilib.o(.constdata), (1520 bytes).
    Removing glcd.o(.rev16_text), (4 bytes).
    Removing glcd.o(.revsh_text), (4 bytes).
    Removing glcd.o(.text), (69888 bytes).
    Removing glcd.o(.data), (1 bytes).
    Removing debug_frmwrk.o(.rev16_text), (4 bytes).
    Removing debug_frmwrk.o(.revsh_text), (4 bytes).
    Removing debug_frmwrk.o(.text), (1060 bytes).
    Removing debug_frmwrk.o(.data), (40 bytes).
    Removing lpc17xx_adc.o(.rev16_text), (4 bytes).
    Removing lpc17xx_adc.o(.revsh_text), (4 bytes).
    Removing lpc17xx_adc.o(.text), (820 bytes).
    Removing lpc17xx_can.o(.rev16_text), (4 bytes).
    Removing lpc17xx_can.o(.revsh_text), (4 bytes).
    Removing lpc17xx_can.o(.text), (7832 bytes).
    Removing lpc17xx_can.o(.data), (11 bytes).
    Removing lpc17xx_clkpwr.o(.rev16_text), (4 bytes).
    Removing lpc17xx_clkpwr.o(.revsh_text), (4 bytes).
    Removing lpc17xx_clkpwr.o(.text), (336 bytes).
    Removing lpc17xx_dac.o(.rev16_text), (4 bytes).
    Removing lpc17xx_dac.o(.revsh_text), (4 bytes).
    Removing lpc17xx_dac.o(.text), (276 bytes).
    Removing lpc17xx_emac.o(.rev16_text), (4 bytes).
    Removing lpc17xx_emac.o(.revsh_text), (4 bytes).
    Removing lpc17xx_emac.o(.text), (1748 bytes).
    Removing lpc17xx_emac.o(.bss), (10852 bytes).
    Removing lpc17xx_emac.o(.constdata), (7 bytes).
    Removing lpc17xx_exti.o(.rev16_text), (4 bytes).
    Removing lpc17xx_exti.o(.revsh_text), (4 bytes).
    Removing lpc17xx_exti.o(.text), (196 bytes).
    Removing lpc17xx_gpdma.o(.rev16_text), (4 bytes).
    Removing lpc17xx_gpdma.o(.revsh_text), (4 bytes).
    Removing lpc17xx_gpdma.o(.text), (992 bytes).
    Removing lpc17xx_gpdma.o(.constdata), (212 bytes).
    Removing lpc17xx_gpdma.o(.data), (32 bytes).
    Removing lpc17xx_gpio.o(.rev16_text), (4 bytes).
    Removing lpc17xx_gpio.o(.revsh_text), (4 bytes).
    Removing lpc17xx_gpio.o(.text), (1060 bytes).
    Removing lpc17xx_i2c.o(.rev16_text), (4 bytes).
    Removing lpc17xx_i2c.o(.revsh_text), (4 bytes).
    Removing lpc17xx_i2c.o(.text), (2980 bytes).
    Removing lpc17xx_i2c.o(.bss), (48 bytes).
    Removing lpc17xx_i2c.o(.data), (4 bytes).
    Removing lpc17xx_i2s.o(.rev16_text), (4 bytes).
    Removing lpc17xx_i2s.o(.revsh_text), (4 bytes).
    Removing lpc17xx_i2s.o(.text), (1944 bytes).
    Removing lpc17xx_libcfg_default.o(.text), (4 bytes).
    Removing lpc17xx_mcpwm.o(.rev16_text), (4 bytes).
    Removing lpc17xx_mcpwm.o(.revsh_text), (4 bytes).
    Removing lpc17xx_mcpwm.o(.text), (1082 bytes).
    Removing lpc17xx_nvic.o(.rev16_text), (4 bytes).
    Removing lpc17xx_nvic.o(.revsh_text), (4 bytes).
    Removing lpc17xx_nvic.o(.text), (168 bytes).
    Removing lpc17xx_pinsel.o(.rev16_text), (4 bytes).
    Removing lpc17xx_pinsel.o(.revsh_text), (4 bytes).
    Removing lpc17xx_pinsel.o(.text), (256 bytes).
    Removing lpc17xx_pwm.o(.rev16_text), (4 bytes).
    Removing lpc17xx_pwm.o(.revsh_text), (4 bytes).
    Removing lpc17xx_pwm.o(.text), (1956 bytes).
    Removing lpc17xx_qei.o(.rev16_text), (4 bytes).
    Removing lpc17xx_qei.o(.revsh_text), (4 bytes).
    Removing lpc17xx_qei.o(.text), (1452 bytes).
    Removing lpc17xx_rit.o(.rev16_text), (4 bytes).
    Removing lpc17xx_rit.o(.revsh_text), (4 bytes).
    Removing lpc17xx_rit.o(.text), (396 bytes).
    Removing lpc17xx_rtc.o(.rev16_text), (4 bytes).
    Removing lpc17xx_rtc.o(.revsh_text), (4 bytes).
    Removing lpc17xx_rtc.o(.text), (2492 bytes).
    Removing lpc17xx_spi.o(.rev16_text), (4 bytes).
    Removing lpc17xx_spi.o(.revsh_text), (4 bytes).
    Removing lpc17xx_spi.o(.text), (916 bytes).
    Removing lpc17xx_ssp.o(.rev16_text), (4 bytes).
    Removing lpc17xx_ssp.o(.revsh_text), (4 bytes).
    Removing lpc17xx_ssp.o(.text), (1744 bytes).
    Removing lpc17xx_systick.o(.rev16_text), (4 bytes).
    Removing lpc17xx_systick.o(.revsh_text), (4 bytes).
    Removing lpc17xx_systick.o(.text), (356 bytes).
    Removing lpc17xx_systick.o(.constdata), (68 bytes).
    Removing lpc17xx_timer.o(.rev16_text), (4 bytes).
    Removing lpc17xx_timer.o(.revsh_text), (4 bytes).
    Removing lpc17xx_timer.o(.text), (1604 bytes).
    Removing lpc17xx_timer.o(.constdata), (68 bytes).
    Removing lpc17xx_uart.o(.rev16_text), (4 bytes).
    Removing lpc17xx_uart.o(.revsh_text), (4 bytes).
    Removing lpc17xx_uart.o(.text), (3548 bytes).
    Removing lpc17xx_uart.o(.constdata), (68 bytes).
    Removing lpc17xx_wdt.o(.rev16_text), (4 bytes).
    Removing lpc17xx_wdt.o(.revsh_text), (4 bytes).
    Removing lpc17xx_wdt.o(.text), (512 bytes).
    Removing dma.o(.rev16_text), (4 bytes).
    Removing dma.o(.revsh_text), (4 bytes).
    Removing main.o(.rev16_text), (4 bytes).
    Removing main.o(.revsh_text), (4 bytes).
    Removing main.o(.bss), (30 bytes).
    Removing touchpanel.o(.rev16_text), (4 bytes).
    Removing touchpanel.o(.revsh_text), (4 bytes).
    Removing touchpanel.o(.text), (2032 bytes).
    Removing touchpanel.o(.bss), (68 bytes).
    Removing touchpanel.o(.data), (20 bytes).
    Removing i2c_lpc17xx.o(.rev16_text), (4 bytes).
    Removing i2c_lpc17xx.o(.revsh_text), (4 bytes).
    Removing init.o(.rev16_text), (4 bytes).
    Removing init.o(.revsh_text), (4 bytes).
    Removing pwm.o(.rev16_text), (4 bytes).
    Removing pwm.o(.revsh_text), (4 bytes).

108 unused section(s) (total 120987 bytes) removed from the image.

==============================================================================

Image Symbol Table

    Local Symbols

    Symbol Name                              Value     Ov Type        Size  Object(Section)

    RESET                                    0x00000000   Section      204  startup_lpc17xx.o(RESET)
    ../clib/angel/boardlib.s                 0x00000000   Number         0  boardshut.o ABSOLUTE
    ../clib/angel/boardlib.s                 0x00000000   Number         0  boardinit2.o ABSOLUTE
    ../clib/angel/boardlib.s                 0x00000000   Number         0  boardinit3.o ABSOLUTE
    ../clib/angel/boardlib.s                 0x00000000   Number         0  boardinit1.o ABSOLUTE
    ../clib/angel/dclz77c.s                  0x00000000   Number         0  __dclz77c.o ABSOLUTE
    ../clib/angel/handlers.s                 0x00000000   Number         0  __scatter_zi.o ABSOLUTE
    ../clib/angel/kernel.s                   0x00000000   Number         0  rtentry2.o ABSOLUTE
    ../clib/angel/kernel.s                   0x00000000   Number         0  rtentry.o ABSOLUTE
    ../clib/angel/kernel.s                   0x00000000   Number         0  rtexit.o ABSOLUTE
    ../clib/angel/kernel.s                   0x00000000   Number         0  rtentry4.o ABSOLUTE
    ../clib/angel/kernel.s                   0x00000000   Number         0  rtexit2.o ABSOLUTE
    ../clib/angel/rt.s                       0x00000000   Number         0  aeabi_ldiv0.o ABSOLUTE
    ../clib/angel/rt.s                       0x00000000   Number         0  rt_div0.o ABSOLUTE
    ../clib/angel/rt.s                       0x00000000   Number         0  rt_errno_addr.o ABSOLUTE
    ../clib/angel/rt.s                       0x00000000   Number         0  rt_errno_addr_intlibspace.o ABSOLUTE
    ../clib/angel/rt.s                       0x00000000   Number         0  aeabi_ldiv0_sigfpe.o ABSOLUTE
    ../clib/angel/rt.s                       0x00000000   Number         0  rt_locale_intlibspace.o ABSOLUTE
    ../clib/angel/rt.s                       0x00000000   Number         0  rt_locale.o ABSOLUTE
    ../clib/angel/rt.s                       0x00000000   Number         0  rt_ctype_table.o ABSOLUTE
    ../clib/angel/rt.s                       0x00000000   Number         0  rt_raise.o ABSOLUTE
    ../clib/angel/scatter.s                  0x00000000   Number         0  __scatter.o ABSOLUTE
    ../clib/angel/startup.s                  0x00000000   Number         0  __main.o ABSOLUTE
    ../clib/angel/sys.s                      0x00000000   Number         0  use_no_semi.o ABSOLUTE
    ../clib/angel/sys.s                      0x00000000   Number         0  indicate_semi.o ABSOLUTE
    ../clib/angel/sys.s                      0x00000000   Number         0  sys_stackheap_outer.o ABSOLUTE
    ../clib/angel/sys.s                      0x00000000   Number         0  libspace.o ABSOLUTE
    ../clib/angel/sysapp.c                   0x00000000   Number         0  sys_exit.o ABSOLUTE
    ../clib/angel/sysapp.c                   0x00000000   Number         0  sys_wrch.o ABSOLUTE
    ../clib/angel/sysapp.c                   0x00000000   Number         0  sys_command.o ABSOLUTE
    ../clib/armsys.c                         0x00000000   Number         0  argv_veneer.o ABSOLUTE
    ../clib/armsys.c                         0x00000000   Number         0  argv_veneer.o ABSOLUTE
    ../clib/armsys.c                         0x00000000   Number         0  no_argv.o ABSOLUTE
    ../clib/armsys.c                         0x00000000   Number         0  _get_argv_nomalloc.o ABSOLUTE
    ../clib/bigflt.c                         0x00000000   Number         0  bigflt0.o ABSOLUTE
    ../clib/btod.s                           0x00000000   Number         0  btod.o ABSOLUTE
    ../clib/ctype.c                          0x00000000   Number         0  isspace.o ABSOLUTE
    ../clib/fenv.c                           0x00000000   Number         0  _rserrno.o ABSOLUTE
    ../clib/heapalloc.c                      0x00000000   Number         0  hrguard.o ABSOLUTE
    ../clib/heapaux.c                        0x00000000   Number         0  heapauxi.o ABSOLUTE
    ../clib/libinit.s                        0x00000000   Number         0  libshutdown.o ABSOLUTE
    ../clib/libinit.s                        0x00000000   Number         0  libinit2.o ABSOLUTE
    ../clib/libinit.s                        0x00000000   Number         0  libinit.o ABSOLUTE
    ../clib/libinit.s                        0x00000000   Number         0  libshutdown2.o ABSOLUTE
    ../clib/locale.s                         0x00000000   Number         0  lc_ctype_c.o ABSOLUTE
    ../clib/locale.s                         0x00000000   Number         0  lc_numeric_c.o ABSOLUTE
    ../clib/longlong.s                       0x00000000   Number         0  lludivv7m.o ABSOLUTE
    ../clib/longlong.s                       0x00000000   Number         0  llshl.o ABSOLUTE
    ../clib/memcpset.s                       0x00000000   Number         0  rt_memcpy_v6.o ABSOLUTE
    ../clib/memcpset.s                       0x00000000   Number         0  strcmpv7m.o ABSOLUTE
    ../clib/memcpset.s                       0x00000000   Number         0  rt_memcpy_w.o ABSOLUTE
    ../clib/memcpset.s                       0x00000000   Number         0  rt_memclr_w.o ABSOLUTE
    ../clib/scanf.c                          0x00000000   Number         0  scanf_hexfp.o ABSOLUTE
    ../clib/scanf.c                          0x00000000   Number         0  strtod.o ABSOLUTE
    ../clib/scanf.c                          0x00000000   Number         0  _sgetc.o ABSOLUTE
    ../clib/scanf.c                          0x00000000   Number         0  scanf_fp.o ABSOLUTE
    ../clib/scanf.c                          0x00000000   Number         0  _chval.o ABSOLUTE
    ../clib/scanf.c                          0x00000000   Number         0  scanf_infnan.o ABSOLUTE
    ../clib/signal.c                         0x00000000   Number         0  defsig_exit.o ABSOLUTE
    ../clib/signal.c                         0x00000000   Number         0  defsig_fpe_outer.o ABSOLUTE
    ../clib/signal.c                         0x00000000   Number         0  defsig_fpe_inner.o ABSOLUTE
    ../clib/signal.c                         0x00000000   Number         0  defsig_abrt_inner.o ABSOLUTE
    ../clib/signal.c                         0x00000000   Number         0  defsig_general.o ABSOLUTE
    ../clib/signal.c                         0x00000000   Number         0  defsig_rtred_inner.o ABSOLUTE
    ../clib/signal.c                         0x00000000   Number         0  __raise.o ABSOLUTE
    ../clib/signal.c                         0x00000000   Number         0  defsig_cppl_inner.o ABSOLUTE
    ../clib/signal.c                         0x00000000   Number         0  defsig_segv_inner.o ABSOLUTE
    ../clib/signal.c                         0x00000000   Number         0  defsig_stak_inner.o ABSOLUTE
    ../clib/signal.c                         0x00000000   Number         0  defsig_rtmem_formal.o ABSOLUTE
    ../clib/signal.c                         0x00000000   Number         0  defsig_rtmem_inner.o ABSOLUTE
    ../clib/signal.c                         0x00000000   Number         0  defsig_pvfn_inner.o ABSOLUTE
    ../clib/signal.c                         0x00000000   Number         0  defsig_other.o ABSOLUTE
    ../clib/signal.c                         0x00000000   Number         0  defsig_rtmem_outer.o ABSOLUTE
    ../clib/signal.c                         0x00000000   Number         0  defsig_fpe_formal.o ABSOLUTE
    ../clib/signal.s                         0x00000000   Number         0  defsig.o ABSOLUTE
    ../clib/stdlib.c                         0x00000000   Number         0  exit.o ABSOLUTE
    ../clib/string.c                         0x00000000   Number         0  strcpy.o ABSOLUTE
    ../clib/string.c                         0x00000000   Number         0  strcat.o ABSOLUTE
    ../fplib/d2f.s                           0x00000000   Number         0  d2f.o ABSOLUTE
    ../fplib/daddsub.s                       0x00000000   Number         0  daddsub_clz.o ABSOLUTE
    ../fplib/dcheck1.s                       0x00000000   Number         0  dcheck1.o ABSOLUTE
    ../fplib/dcmpi.s                         0x00000000   Number         0  dcmpi.o ABSOLUTE
    ../fplib/ddiv.s                          0x00000000   Number         0  ddiv.o ABSOLUTE
    ../fplib/deqf.s                          0x00000000   Number         0  deqf.o ABSOLUTE
    ../fplib/dfixu.s                         0x00000000   Number         0  dfixu.o ABSOLUTE
    ../fplib/dflt.s                          0x00000000   Number         0  dflt_clz.o ABSOLUTE
    ../fplib/dleqf.s                         0x00000000   Number         0  dleqf.o ABSOLUTE
    ../fplib/dmul.s                          0x00000000   Number         0  dmul.o ABSOLUTE
    ../fplib/dnaninf.s                       0x00000000   Number         0  dnaninf.o ABSOLUTE
    ../fplib/dretinf.s                       0x00000000   Number         0  dretinf.o ABSOLUTE
    ../fplib/drleqf.s                        0x00000000   Number         0  drleqf.o ABSOLUTE
    ../fplib/fcmpi.s                         0x00000000   Number         0  fcmpi.o ABSOLUTE
    ../fplib/fdiv.s                          0x00000000   Number         0  fdiv.o ABSOLUTE
    ../fplib/ffixu.s                         0x00000000   Number         0  ffixu.o ABSOLUTE
    ../fplib/fflt.s                          0x00000000   Number         0  fflt_clz.o ABSOLUTE
    ../fplib/fleqf.s                         0x00000000   Number         0  fleqf.o ABSOLUTE
    ../fplib/fmul.s                          0x00000000   Number         0  fmul.o ABSOLUTE
    ../fplib/fnaninf.s                       0x00000000   Number         0  fnaninf.o ABSOLUTE
    ../fplib/fpconst.s                       0x00000000   Number         0  fpconst.o ABSOLUTE
    ../fplib/fpinit.s                        0x00000000   Number         0  fpinit.o ABSOLUTE
    ../fplib/fretinf.s                       0x00000000   Number         0  fretinf.o ABSOLUTE
    ../fplib/frleqf.s                        0x00000000   Number         0  frleqf.o ABSOLUTE
    ../fplib/istatus.s                       0x00000000   Number         0  istatus.o ABSOLUTE
    ../fplib/retnan.s                        0x00000000   Number         0  retnan.o ABSOLUTE
    ../fplib/scalbn.s                        0x00000000   Number         0  scalbn.o ABSOLUTE
    ../fplib/scanf1.s                        0x00000000   Number         0  scanf1.o ABSOLUTE
    ../fplib/scanf2.s                        0x00000000   Number         0  scanf2.o ABSOLUTE
    ../fplib/scanf2a.s                       0x00000000   Number         0  scanf2a.o ABSOLUTE
    ../fplib/scanf2b.s                       0x00000000   Number         0  scanf2b.o ABSOLUTE
    ../fplib/trapv.s                         0x00000000   Number         0  trapv.o ABSOLUTE
    ../fplib/usenofp.s                       0x00000000   Number         0  usenofp.o ABSOLUTE
    ../mathlib/atof.c                        0x00000000   Number         0  atof.o ABSOLUTE
    ../mathlib/dunder.c                      0x00000000   Number         0  dunder.o ABSOLUTE
    ../mathlib/frexp.c                       0x00000000   Number         0  frexp.o ABSOLUTE
    ../mathlib/ldexp.c                       0x00000000   Number         0  ldexp.o ABSOLUTE
    ../mathlib/ldexp.c                       0x00000000   Number         0  ldexp_x.o ABSOLUTE
    ../mathlib/narrow.c                      0x00000000   Number         0  narrow.o ABSOLUTE
    ../mathlib/qnan.c                        0x00000000   Number         0  qnan.o ABSOLUTE
    ..\Libraries\GLCD\AsciiLib.c             0x00000000   Number         0  asciilib.o ABSOLUTE
    ..\Libraries\GLCD\GLCD.c                 0x00000000   Number         0  glcd.o ABSOLUTE
    ..\Libraries\LPC1700CMSIS_Firmware_Library\source\debug_frmwrk.c 0x00000000   Number         0  debug_frmwrk.o ABSOLUTE
    ..\Libraries\LPC1700CMSIS_Firmware_Library\source\lpc17xx_adc.c 0x00000000   Number         0  lpc17xx_adc.o ABSOLUTE
    ..\Libraries\LPC1700CMSIS_Firmware_Library\source\lpc17xx_can.c 0x00000000   Number         0  lpc17xx_can.o ABSOLUTE
    ..\Libraries\LPC1700CMSIS_Firmware_Library\source\lpc17xx_clkpwr.c 0x00000000   Number         0  lpc17xx_clkpwr.o ABSOLUTE
    ..\Libraries\LPC1700CMSIS_Firmware_Library\source\lpc17xx_dac.c 0x00000000   Number         0  lpc17xx_dac.o ABSOLUTE
    ..\Libraries\LPC1700CMSIS_Firmware_Library\source\lpc17xx_emac.c 0x00000000   Number         0  lpc17xx_emac.o ABSOLUTE
    ..\Libraries\LPC1700CMSIS_Firmware_Library\source\lpc17xx_exti.c 0x00000000   Number         0  lpc17xx_exti.o ABSOLUTE
    ..\Libraries\LPC1700CMSIS_Firmware_Library\source\lpc17xx_gpdma.c 0x00000000   Number         0  lpc17xx_gpdma.o ABSOLUTE
    ..\Libraries\LPC1700CMSIS_Firmware_Library\source\lpc17xx_gpio.c 0x00000000   Number         0  lpc17xx_gpio.o ABSOLUTE
    ..\Libraries\LPC1700CMSIS_Firmware_Library\source\lpc17xx_i2c.c 0x00000000   Number         0  lpc17xx_i2c.o ABSOLUTE
    ..\Libraries\LPC1700CMSIS_Firmware_Library\source\lpc17xx_i2s.c 0x00000000   Number         0  lpc17xx_i2s.o ABSOLUTE
    ..\Libraries\LPC1700CMSIS_Firmware_Library\source\lpc17xx_libcfg_default.c 0x00000000   Number         0  lpc17xx_libcfg_default.o ABSOLUTE
    ..\Libraries\LPC1700CMSIS_Firmware_Library\source\lpc17xx_mcpwm.c 0x00000000   Number         0  lpc17xx_mcpwm.o ABSOLUTE
    ..\Libraries\LPC1700CMSIS_Firmware_Library\source\lpc17xx_nvic.c 0x00000000   Number         0  lpc17xx_nvic.o ABSOLUTE
    ..\Libraries\LPC1700CMSIS_Firmware_Library\source\lpc17xx_pinsel.c 0x00000000   Number         0  lpc17xx_pinsel.o ABSOLUTE
    ..\Libraries\LPC1700CMSIS_Firmware_Library\source\lpc17xx_pwm.c 0x00000000   Number         0  lpc17xx_pwm.o ABSOLUTE
    ..\Libraries\LPC1700CMSIS_Firmware_Library\source\lpc17xx_qei.c 0x00000000   Number         0  lpc17xx_qei.o ABSOLUTE
    ..\Libraries\LPC1700CMSIS_Firmware_Library\source\lpc17xx_rit.c 0x00000000   Number         0  lpc17xx_rit.o ABSOLUTE
    ..\Libraries\LPC1700CMSIS_Firmware_Library\source\lpc17xx_rtc.c 0x00000000   Number         0  lpc17xx_rtc.o ABSOLUTE
    ..\Libraries\LPC1700CMSIS_Firmware_Library\source\lpc17xx_spi.c 0x00000000   Number         0  lpc17xx_spi.o ABSOLUTE
    ..\Libraries\LPC1700CMSIS_Firmware_Library\source\lpc17xx_ssp.c 0x00000000   Number         0  lpc17xx_ssp.o ABSOLUTE
    ..\Libraries\LPC1700CMSIS_Firmware_Library\source\lpc17xx_systick.c 0x00000000   Number         0  lpc17xx_systick.o ABSOLUTE
    ..\Libraries\LPC1700CMSIS_Firmware_Library\source\lpc17xx_timer.c 0x00000000   Number         0  lpc17xx_timer.o ABSOLUTE
    ..\Libraries\LPC1700CMSIS_Firmware_Library\source\lpc17xx_uart.c 0x00000000   Number         0  lpc17xx_uart.o ABSOLUTE
    ..\Libraries\LPC1700CMSIS_Firmware_Library\source\lpc17xx_wdt.c 0x00000000   Number         0  lpc17xx_wdt.o ABSOLUTE
    ..\USER\DMA.c                            0x00000000   Number         0  dma.o ABSOLUTE
    ..\USER\PWM.c                            0x00000000   Number         0  pwm.o ABSOLUTE
    ..\USER\TouchPanel.c                     0x00000000   Number         0  touchpanel.o ABSOLUTE
    ..\USER\i2c_lpc17xx.c                    0x00000000   Number         0  i2c_lpc17xx.o ABSOLUTE
    ..\USER\init.c                           0x00000000   Number         0  init.o ABSOLUTE
    ..\USER\main.c                           0x00000000   Number         0  main.o ABSOLUTE
    ..\\Libraries\\GLCD\\GLCD.c              0x00000000   Number         0  glcd.o ABSOLUTE
    ..\\Libraries\\LPC1700CMSIS_Firmware_Library\\source\\debug_frmwrk.c 0x00000000   Number         0  debug_frmwrk.o ABSOLUTE
    ..\\Libraries\\LPC1700CMSIS_Firmware_Library\\source\\lpc17xx_adc.c 0x00000000   Number         0  lpc17xx_adc.o ABSOLUTE
    ..\\Libraries\\LPC1700CMSIS_Firmware_Library\\source\\lpc17xx_can.c 0x00000000   Number         0  lpc17xx_can.o ABSOLUTE
    ..\\Libraries\\LPC1700CMSIS_Firmware_Library\\source\\lpc17xx_clkpwr.c 0x00000000   Number         0  lpc17xx_clkpwr.o ABSOLUTE
    ..\\Libraries\\LPC1700CMSIS_Firmware_Library\\source\\lpc17xx_dac.c 0x00000000   Number         0  lpc17xx_dac.o ABSOLUTE
    ..\\Libraries\\LPC1700CMSIS_Firmware_Library\\source\\lpc17xx_emac.c 0x00000000   Number         0  lpc17xx_emac.o ABSOLUTE
    ..\\Libraries\\LPC1700CMSIS_Firmware_Library\\source\\lpc17xx_exti.c 0x00000000   Number         0  lpc17xx_exti.o ABSOLUTE
    ..\\Libraries\\LPC1700CMSIS_Firmware_Library\\source\\lpc17xx_gpdma.c 0x00000000   Number         0  lpc17xx_gpdma.o ABSOLUTE
    ..\\Libraries\\LPC1700CMSIS_Firmware_Library\\source\\lpc17xx_gpio.c 0x00000000   Number         0  lpc17xx_gpio.o ABSOLUTE
    ..\\Libraries\\LPC1700CMSIS_Firmware_Library\\source\\lpc17xx_i2c.c 0x00000000   Number         0  lpc17xx_i2c.o ABSOLUTE
    ..\\Libraries\\LPC1700CMSIS_Firmware_Library\\source\\lpc17xx_i2s.c 0x00000000   Number         0  lpc17xx_i2s.o ABSOLUTE
    ..\\Libraries\\LPC1700CMSIS_Firmware_Library\\source\\lpc17xx_mcpwm.c 0x00000000   Number         0  lpc17xx_mcpwm.o ABSOLUTE
    ..\\Libraries\\LPC1700CMSIS_Firmware_Library\\source\\lpc17xx_nvic.c 0x00000000   Number         0  lpc17xx_nvic.o ABSOLUTE
    ..\\Libraries\\LPC1700CMSIS_Firmware_Library\\source\\lpc17xx_pinsel.c 0x00000000   Number         0  lpc17xx_pinsel.o ABSOLUTE
    ..\\Libraries\\LPC1700CMSIS_Firmware_Library\\source\\lpc17xx_pwm.c 0x00000000   Number         0  lpc17xx_pwm.o ABSOLUTE
    ..\\Libraries\\LPC1700CMSIS_Firmware_Library\\source\\lpc17xx_qei.c 0x00000000   Number         0  lpc17xx_qei.o ABSOLUTE
    ..\\Libraries\\LPC1700CMSIS_Firmware_Library\\source\\lpc17xx_rit.c 0x00000000   Number         0  lpc17xx_rit.o ABSOLUTE
    ..\\Libraries\\LPC1700CMSIS_Firmware_Library\\source\\lpc17xx_rtc.c 0x00000000   Number         0  lpc17xx_rtc.o ABSOLUTE
    ..\\Libraries\\LPC1700CMSIS_Firmware_Library\\source\\lpc17xx_spi.c 0x00000000   Number         0  lpc17xx_spi.o ABSOLUTE
    ..\\Libraries\\LPC1700CMSIS_Firmware_Library\\source\\lpc17xx_ssp.c 0x00000000   Number         0  lpc17xx_ssp.o ABSOLUTE
    ..\\Libraries\\LPC1700CMSIS_Firmware_Library\\source\\lpc17xx_systick.c 0x00000000   Number         0  lpc17xx_systick.o ABSOLUTE
    ..\\Libraries\\LPC1700CMSIS_Firmware_Library\\source\\lpc17xx_timer.c 0x00000000   Number         0  lpc17xx_timer.o ABSOLUTE
    ..\\Libraries\\LPC1700CMSIS_Firmware_Library\\source\\lpc17xx_uart.c 0x00000000   Number         0  lpc17xx_uart.o ABSOLUTE
    ..\\Libraries\\LPC1700CMSIS_Firmware_Library\\source\\lpc17xx_wdt.c 0x00000000   Number         0  lpc17xx_wdt.o ABSOLUTE
    ..\\USER\\DMA.c                          0x00000000   Number         0  dma.o ABSOLUTE
    ..\\USER\\PWM.c                          0x00000000   Number         0  pwm.o ABSOLUTE
    ..\\USER\\TouchPanel.c                   0x00000000   Number         0  touchpanel.o ABSOLUTE
    ..\\USER\\i2c_lpc17xx.c                  0x00000000   Number         0  i2c_lpc17xx.o ABSOLUTE
    ..\\USER\\init.c                         0x00000000   Number         0  init.o ABSOLUTE
    ..\\USER\\main.c                         0x00000000   Number         0  main.o ABSOLUTE
    C:\Keil\ARM\Startup\NXP\LPC17xx\startup_LPC17xx.s 0x00000000   Number         0  startup_lpc17xx.o ABSOLUTE
    C:\Keil\ARM\Startup\NXP\LPC17xx\system_LPC17xx.c 0x00000000   Number         0  system_lpc17xx.o ABSOLUTE
    C:\\Keil\\ARM\\Startup\\NXP\\LPC17xx\\system_LPC17xx.c 0x00000000   Number         0  system_lpc17xx.o ABSOLUTE
    dc.s                                     0x00000000   Number         0  dc.o ABSOLUTE
    !!!main                                  0x000000cc   Section        8  __main.o(!!!main)
    !!!scatter                               0x000000d4   Section       52  __scatter.o(!!!scatter)
    !!dclz77c                                0x00000108   Section      100  __dclz77c.o(!!dclz77c)
    !!handler_zi                             0x0000016c   Section       28  __scatter_zi.o(!!handler_zi)
    .ARM.Collect$$libinit$$00000000          0x00000188   Section        2  libinit.o(.ARM.Collect$$libinit$$00000000)
    .ARM.Collect$$libinit$$00000002          0x0000018a   Section        0  libinit2.o(.ARM.Collect$$libinit$$00000002)
    .ARM.Collect$$libinit$$00000008          0x0000018a   Section        0  libinit2.o(.ARM.Collect$$libinit$$00000008)
    .ARM.Collect$$libinit$$0000000A          0x0000018a   Section        0  libinit2.o(.ARM.Collect$$libinit$$0000000A)
    .ARM.Collect$$libinit$$0000000C          0x0000018a   Section        0  libinit2.o(.ARM.Collect$$libinit$$0000000C)
    .ARM.Collect$$libinit$$0000000D          0x0000018a   Section        6  libinit2.o(.ARM.Collect$$libinit$$0000000D)
    .ARM.Collect$$libinit$$0000000F          0x00000190   Section        0  libinit2.o(.ARM.Collect$$libinit$$0000000F)
    .ARM.Collect$$libinit$$00000010          0x00000190   Section       12  libinit2.o(.ARM.Collect$$libinit$$00000010)
    .ARM.Collect$$libinit$$00000011          0x0000019c   Section        0  libinit2.o(.ARM.Collect$$libinit$$00000011)
    .ARM.Collect$$libinit$$00000013          0x0000019c   Section        0  libinit2.o(.ARM.Collect$$libinit$$00000013)
    .ARM.Collect$$libinit$$00000014          0x0000019c   Section       10  libinit2.o(.ARM.Collect$$libinit$$00000014)
    .ARM.Collect$$libinit$$00000015          0x000001a6   Section        0  libinit2.o(.ARM.Collect$$libinit$$00000015)
    .ARM.Collect$$libinit$$00000017          0x000001a6   Section        0  libinit2.o(.ARM.Collect$$libinit$$00000017)
    .ARM.Collect$$libinit$$00000019          0x000001a6   Section        0  libinit2.o(.ARM.Collect$$libinit$$00000019)
    .ARM.Collect$$libinit$$0000001B          0x000001a6   Section        0  libinit2.o(.ARM.Collect$$libinit$$0000001B)
    .ARM.Collect$$libinit$$0000001D          0x000001a6   Section        0  libinit2.o(.ARM.Collect$$libinit$$0000001D)
    .ARM.Collect$$libinit$$0000001F          0x000001a6   Section        0  libinit2.o(.ARM.Collect$$libinit$$0000001F)
    .ARM.Collect$$libinit$$00000021          0x000001a6   Section        0  libinit2.o(.ARM.Collect$$libinit$$00000021)
    .ARM.Collect$$libinit$$00000023          0x000001a6   Section        0  libinit2.o(.ARM.Collect$$libinit$$00000023)
    .ARM.Collect$$libinit$$0000002A          0x000001a6   Section        0  libinit2.o(.ARM.Collect$$libinit$$0000002A)
    .ARM.Collect$$libinit$$0000002C          0x000001a6   Section        0  libinit2.o(.ARM.Collect$$libinit$$0000002C)
    .ARM.Collect$$libinit$$0000002E          0x000001a6   Section        0  libinit2.o(.ARM.Collect$$libinit$$0000002E)
    .ARM.Collect$$libinit$$00000030          0x000001a6   Section        0  libinit2.o(.ARM.Collect$$libinit$$00000030)
    .ARM.Collect$$libinit$$00000031          0x000001a6   Section        2  libinit2.o(.ARM.Collect$$libinit$$00000031)
    .ARM.Collect$$libshutdown$$00000000      0x000001a8   Section        2  libshutdown.o(.ARM.Collect$$libshutdown$$00000000)
    .ARM.Collect$$libshutdown$$00000003      0x000001aa   Section        0  libshutdown2.o(.ARM.Collect$$libshutdown$$00000003)
    .ARM.Collect$$libshutdown$$00000006      0x000001aa   Section        0  libshutdown2.o(.ARM.Collect$$libshutdown$$00000006)
    .ARM.Collect$$libshutdown$$00000009      0x000001aa   Section        0  libshutdown2.o(.ARM.Collect$$libshutdown$$00000009)
    .ARM.Collect$$libshutdown$$0000000B      0x000001aa   Section        0  libshutdown2.o(.ARM.Collect$$libshutdown$$0000000B)
    .ARM.Collect$$libshutdown$$0000000E      0x000001aa   Section        0  libshutdown2.o(.ARM.Collect$$libshutdown$$0000000E)
    .ARM.Collect$$libshutdown$$0000000F      0x000001aa   Section        2  libshutdown2.o(.ARM.Collect$$libshutdown$$0000000F)
    .ARM.Collect$$rtentry$$00000000          0x000001ac   Section        0  rtentry.o(.ARM.Collect$$rtentry$$00000000)
    .ARM.Collect$$rtentry$$00000002          0x000001ac   Section        0  rtentry2.o(.ARM.Collect$$rtentry$$00000002)
    .ARM.Collect$$rtentry$$00000004          0x000001ac   Section        6  rtentry4.o(.ARM.Collect$$rtentry$$00000004)
    .ARM.Collect$$rtentry$$00000009          0x000001b2   Section        0  rtentry2.o(.ARM.Collect$$rtentry$$00000009)
    .ARM.Collect$$rtentry$$0000000A          0x000001b2   Section        4  rtentry2.o(.ARM.Collect$$rtentry$$0000000A)
    .ARM.Collect$$rtentry$$0000000C          0x000001b6   Section        0  rtentry2.o(.ARM.Collect$$rtentry$$0000000C)
    .ARM.Collect$$rtentry$$0000000D          0x000001b6   Section        8  rtentry2.o(.ARM.Collect$$rtentry$$0000000D)
    .ARM.Collect$$rtexit$$00000000           0x000001be   Section        2  rtexit.o(.ARM.Collect$$rtexit$$00000000)
    .ARM.Collect$$rtexit$$00000002           0x000001c0   Section        0  rtexit2.o(.ARM.Collect$$rtexit$$00000002)
    .ARM.Collect$$rtexit$$00000003           0x000001c0   Section        4  rtexit2.o(.ARM.Collect$$rtexit$$00000003)
    .ARM.Collect$$rtexit$$00000004           0x000001c4   Section        6  rtexit2.o(.ARM.Collect$$rtexit$$00000004)
    .text                                    0x000001cc   Section       60  startup_lpc17xx.o(.text)
    .text                                    0x00000208   Section        0  pwm.o(.text)
    .text                                    0x00000288   Section        0  strcpy.o(.text)
    .text                                    0x000002d0   Section        0  strcat.o(.text)
    .text                                    0x000002e8   Section        0  heapauxi.o(.text)
    .text                                    0x000002f0   Section        8  rt_errno_addr_intlibspace.o(.text)
    .text                                    0x000002f8   Section        2  use_no_semi.o(.text)
    .text                                    0x000002fa   Section        0  indicate_semi.o(.text)
    x$fpl$usenofp                            0x000002fa   Section        0  usenofp.o(x$fpl$usenofp)
    .ARM.__at_0x02FC                         0x000002fc   Section        4  startup_lpc17xx.o(.ARM.__at_0x02FC)
    .text                                    0x00000300   Section        0  system_lpc17xx.o(.text)
    .text                                    0x00000618   Section        0  dma.o(.text)
    NVIC_EnableIRQ                           0x000007a1   Thumb Code    24  dma.o(.text)
    NVIC_DisableIRQ                          0x000007b9   Thumb Code    18  dma.o(.text)
    .text                                    0x00000804   Section        0  main.o(.text)
    NVIC_SetPriority                         0x00000805   Thumb Code    32  main.o(.text)
    NVIC_EnableIRQ                           0x000009fd   Thumb Code    24  main.o(.text)
    .text                                    0x00000a64   Section        0  i2c_lpc17xx.o(.text)
    .text                                    0x00000ba4   Section        0  init.o(.text)
    .text                                    0x00000da8   Section      238  lludivv7m.o(.text)
    .text                                    0x00000e96   Section        0  _rserrno.o(.text)
    .text                                    0x00000eac   Section        0  strtod.o(.text)
    _local_sscanf                            0x00000ead   Thumb Code    60  strtod.o(.text)
    .text                                    0x00000f4c   Section        0  isspace.o(.text)
    .text                                    0x00000f5e   Section        0  _sgetc.o(.text)
    .text                                    0x00000fa0   Section        8  libspace.o(.text)
    .text                                    0x00000fa8   Section       74  sys_stackheap_outer.o(.text)
    .text                                    0x00000ff4   Section       16  rt_ctype_table.o(.text)
    .text                                    0x00001004   Section        0  scanf_fp.o(.text)
    _fp_value                                0x00001005   Thumb Code   504  scanf_fp.o(.text)
    .text                                    0x000014a8   Section        0  exit.o(.text)
    .text                                    0x000014b4   Section      128  strcmpv7m.o(.text)
    .text                                    0x00001534   Section        8  rt_locale_intlibspace.o(.text)
    .text                                    0x0000153c   Section        0  bigflt0.o(.text)
    .text                                    0x00001620   Section        0  sys_exit.o(.text)
    .text                                    0x0000162c   Section        0  scanf_hexfp.o(.text)
    .text                                    0x00001940   Section        0  scanf_infnan.o(.text)
    .text                                    0x00001a7c   Section       38  llshl.o(.text)
    .text                                    0x00001aa2   Section        0  _chval.o(.text)
    CL$$btod_div_common                      0x00001abe   Section      824  btod.o(CL$$btod_div_common)
    CL$$btod_e2d                             0x00001df8   Section       84  btod.o(CL$$btod_e2d)
    CL$$btod_e2e                             0x00001e4c   Section      198  btod.o(CL$$btod_e2e)
    CL$$btod_ediv                            0x00001f12   Section       40  btod.o(CL$$btod_ediv)
    CL$$btod_edivd                           0x00001f3a   Section       40  btod.o(CL$$btod_edivd)
    CL$$btod_emul                            0x00001f62   Section       40  btod.o(CL$$btod_emul)
    CL$$btod_emuld                           0x00001f8a   Section       40  btod.o(CL$$btod_emuld)
    CL$$btod_mult_common                     0x00001fb2   Section      580  btod.o(CL$$btod_mult_common)
    i.__mathlib_dbl_underflow                0x000021f8   Section        0  dunder.o(i.__mathlib_dbl_underflow)
    i.__mathlib_narrow                       0x00002208   Section        0  narrow.o(i.__mathlib_narrow)
    i.__mathlib_tofloat                      0x00002218   Section        0  narrow.o(i.__mathlib_tofloat)
    i.__support_ldexp                        0x000022a0   Section        0  ldexp.o(i.__support_ldexp)
    i._is_digit                              0x000022b6   Section        0  scanf_fp.o(i._is_digit)
    i.atof                                   0x000022c4   Section        0  atof.o(i.atof)
    i.frexp                                  0x000022f0   Section        0  frexp.o(i.frexp)
    i.ldexp                                  0x00002348   Section        0  ldexp.o(i.ldexp)
    locale$$code                             0x000023c8   Section       44  lc_numeric_c.o(locale$$code)
    locale$$code                             0x000023f4   Section       44  lc_ctype_c.o(locale$$code)
    x$fpl$d2f                                0x00002420   Section       98  d2f.o(x$fpl$d2f)
    x$fpl$dadd                               0x00002484   Section      336  daddsub_clz.o(x$fpl$dadd)
    _dadd1                                   0x00002495   Thumb Code     0  daddsub_clz.o(x$fpl$dadd)
    x$fpl$dcheck1                            0x000025d4   Section       16  dcheck1.o(x$fpl$dcheck1)
    x$fpl$dcmpinf                            0x000025e4   Section       24  dcmpi.o(x$fpl$dcmpinf)
    x$fpl$ddiv                               0x000025fc   Section      688  ddiv.o(x$fpl$ddiv)
    ddiv_entry                               0x00002603   Thumb Code     0  ddiv.o(x$fpl$ddiv)
    x$fpl$deqf                               0x000028ac   Section      120  deqf.o(x$fpl$deqf)
    x$fpl$dfixu                              0x00002924   Section       90  dfixu.o(x$fpl$dfixu)
    x$fpl$dfltu                              0x0000297e   Section       38  dflt_clz.o(x$fpl$dfltu)
    x$fpl$dleqf                              0x000029a4   Section      120  dleqf.o(x$fpl$dleqf)
    x$fpl$dmul                               0x00002a1c   Section      340  dmul.o(x$fpl$dmul)
    x$fpl$dnaninf                            0x00002b70   Section      156  dnaninf.o(x$fpl$dnaninf)
    x$fpl$dretinf                            0x00002c0c   Section       12  dretinf.o(x$fpl$dretinf)
    x$fpl$drleqf                             0x00002c18   Section      108  drleqf.o(x$fpl$drleqf)
    x$fpl$dsub                               0x00002c84   Section      468  daddsub_clz.o(x$fpl$dsub)
    _dsub1                                   0x00002c95   Thumb Code     0  daddsub_clz.o(x$fpl$dsub)
    x$fpl$fcmpinf                            0x00002e58   Section       24  fcmpi.o(x$fpl$fcmpinf)
    x$fpl$fdiv                               0x00002e70   Section      388  fdiv.o(x$fpl$fdiv)
    _fdiv1                                   0x00002e71   Thumb Code     0  fdiv.o(x$fpl$fdiv)
    x$fpl$ffixu                              0x00002ff4   Section       62  ffixu.o(x$fpl$ffixu)
    x$fpl$ffltu                              0x00003034   Section       38  fflt_clz.o(x$fpl$ffltu)
    x$fpl$fleqf                              0x0000305c   Section      104  fleqf.o(x$fpl$fleqf)
    x$fpl$fmul                               0x000030c4   Section      258  fmul.o(x$fpl$fmul)
    x$fpl$fnaninf                            0x000031c6   Section      140  fnaninf.o(x$fpl$fnaninf)
    x$fpl$fretinf                            0x00003252   Section       10  fretinf.o(x$fpl$fretinf)
    x$fpl$retnan                             0x0000325c   Section      100  retnan.o(x$fpl$retnan)
    x$fpl$scalbn                             0x000032c0   Section       92  scalbn.o(x$fpl$scalbn)
    x$fpl$scanf1                             0x0000331c   Section        4  scanf1.o(x$fpl$scanf1)
    x$fpl$scanf2                             0x00003320   Section        8  scanf2.o(x$fpl$scanf2)
    x$fpl$trapveneer                         0x00003328   Section       48  trapv.o(x$fpl$trapveneer)
    .constdata                               0x00003358   Section      148  bigflt0.o(.constdata)
    tenpwrs_x                                0x00003358   Data          60  bigflt0.o(.constdata)
    tenpwrs_i                                0x00003394   Data          64  bigflt0.o(.constdata)
    c$$dinf                                  0x0000340c   Section        8  fpconst.o(c$$dinf)
    locale$$data                             0x00003414   Section       28  lc_numeric_c.o(locale$$data)
    __lcnum_c_name                           0x00003418   Data           2  lc_numeric_c.o(locale$$data)
    __lcnum_c_start                          0x00003420   Data           0  lc_numeric_c.o(locale$$data)
    __lcnum_c_point                          0x0000342c   Data           0  lc_numeric_c.o(locale$$data)
    __lcnum_c_thousands                      0x0000342e   Data           0  lc_numeric_c.o(locale$$data)
    __lcnum_c_grouping                       0x0000342f   Data           0  lc_numeric_c.o(locale$$data)
    locale$$data                             0x00003430   Section      272  lc_ctype_c.o(locale$$data)
    __lcnum_c_end                            0x00003430   Data           0  lc_numeric_c.o(locale$$data)
    __lcctype_c_name                         0x00003434   Data           2  lc_ctype_c.o(locale$$data)
    __lcctype_c_start                        0x0000343c   Data           0  lc_ctype_c.o(locale$$data)
    __lcctype_c_end                          0x00003540   Data           0  lc_ctype_c.o(locale$$data)
    .data                                    0x10000000   Section        4  system_lpc17xx.o(.data)
    .data                                    0x10000004   Section    32008  dma.o(.data)
    .data                                    0x10007d0c   Section       29  main.o(.data)
    .bss                                     0x10007d2c   Section       96  libspace.o(.bss)
    HEAP                                     0x10007d90   Section        0  startup_lpc17xx.o(HEAP)
    STACK                                    0x10007d90   Section      512  startup_lpc17xx.o(STACK)
    Heap_Mem                                 0x10007d90   Data           0  startup_lpc17xx.o(HEAP)
    Stack_Mem                                0x10007d90   Data         512  startup_lpc17xx.o(STACK)
    __initial_sp                             0x10007f90   Data           0  startup_lpc17xx.o(STACK)

    Global Symbols

    Symbol Name                              Value     Ov Type        Size  Object(Section)

    BuildAttributes$$THM_ISAv4$P$D$K$B$S$PE$A:L22UL41UL21$X:L11$S22US41US21$IEEE1$IW$USESV6$~STKCKD$USESV7$~SHL$OTIME$ROPI$IEEEX$EBA8$UX$STANDARDLIB$REQ8$PRES8$EABIv2 0x00000000   Number         0  anon$$obj.o ABSOLUTE
    __ARM_use_no_argv                        0x00000000   Number         0  main.o ABSOLUTE
    __Vectors                                0x00000000   Data           4  startup_lpc17xx.o(RESET)
    __ARM_exceptions_init                     - Undefined Weak Reference
    __alloca_initialize                       - Undefined Weak Reference
    __cpp_initialize__aeabi_                  - Undefined Weak Reference
    __cxa_finalize                            - Undefined Weak Reference
    __sigvec_lookup                           - Undefined Weak Reference
    _atexit_init                              - Undefined Weak Reference
    _call_atexit_fns                          - Undefined Weak Reference
    _clock_init                               - Undefined Weak Reference
    _fp_trap_init                             - Undefined Weak Reference
    _fp_trap_shutdown                         - Undefined Weak Reference
    _get_lc_collate                           - Undefined Weak Reference
    _get_lc_monetary                          - Undefined Weak Reference
    _get_lc_time                              - Undefined Weak Reference
    _getenv_init                              - Undefined Weak Reference
    _handle_redirection                       - Undefined Weak Reference
    _init_alloc                               - Undefined Weak Reference
    _init_user_alloc                          - Undefined Weak Reference
    _initio                                   - Undefined Weak Reference
    _rand_init                                - Undefined Weak Reference
    _signal_finish                            - Undefined Weak Reference
    _signal_init                              - Undefined Weak Reference
    _terminate_alloc                          - Undefined Weak Reference
    _terminate_user_alloc                     - Undefined Weak Reference
    _terminateio                              - Undefined Weak Reference
    __main                                   0x000000cd   Thumb Code     8  __main.o(!!!main)
    __scatterload                            0x000000d5   Thumb Code     0  __scatter.o(!!!scatter)
    __scatterload_rt2                        0x000000d5   Thumb Code    44  __scatter.o(!!!scatter)
    __scatterload_rt2_thumb_only             0x000000d5   Thumb Code     0  __scatter.o(!!!scatter)
    __scatterload_null                       0x000000e3   Thumb Code     0  __scatter.o(!!!scatter)
    __decompress                             0x00000109   Thumb Code   100  __dclz77c.o(!!dclz77c)
    __decompress2                            0x00000109   Thumb Code     0  __dclz77c.o(!!dclz77c)
    __scatterload_zeroinit                   0x0000016d   Thumb Code    28  __scatter_zi.o(!!handler_zi)
    __rt_lib_init                            0x00000189   Thumb Code     0  libinit.o(.ARM.Collect$$libinit$$00000000)
    __rt_lib_init_fp_1                       0x0000018b   Thumb Code     0  libinit2.o(.ARM.Collect$$libinit$$00000002)
    __rt_lib_init_heap_1                     0x0000018b   Thumb Code     0  libinit2.o(.ARM.Collect$$libinit$$00000008)
    __rt_lib_init_lc_common                  0x0000018b   Thumb Code     0  libinit2.o(.ARM.Collect$$libinit$$0000000D)
    __rt_lib_init_rand_1                     0x0000018b   Thumb Code     0  libinit2.o(.ARM.Collect$$libinit$$0000000C)
    __rt_lib_init_user_alloc_1               0x0000018b   Thumb Code     0  libinit2.o(.ARM.Collect$$libinit$$0000000A)
    __rt_lib_init_lc_collate_1               0x00000191   Thumb Code     0  libinit2.o(.ARM.Collect$$libinit$$0000000F)
    __rt_lib_init_lc_ctype_2                 0x00000191   Thumb Code     0  libinit2.o(.ARM.Collect$$libinit$$00000010)
    __rt_lib_init_lc_ctype_1                 0x0000019d   Thumb Code     0  libinit2.o(.ARM.Collect$$libinit$$00000011)
    __rt_lib_init_lc_monetary_1              0x0000019d   Thumb Code     0  libinit2.o(.ARM.Collect$$libinit$$00000013)
    __rt_lib_init_lc_numeric_2               0x0000019d   Thumb Code     0  libinit2.o(.ARM.Collect$$libinit$$00000014)
    __rt_lib_init_alloca_1                   0x000001a7   Thumb Code     0  libinit2.o(.ARM.Collect$$libinit$$0000002C)
    __rt_lib_init_argv_1                     0x000001a7   Thumb Code     0  libinit2.o(.ARM.Collect$$libinit$$0000002A)
    __rt_lib_init_atexit_1                   0x000001a7   Thumb Code     0  libinit2.o(.ARM.Collect$$libinit$$00000019)
    __rt_lib_init_clock_1                    0x000001a7   Thumb Code     0  libinit2.o(.ARM.Collect$$libinit$$0000001F)
    __rt_lib_init_cpp_1                      0x000001a7   Thumb Code     0  libinit2.o(.ARM.Collect$$libinit$$00000030)
    __rt_lib_init_exceptions_1               0x000001a7   Thumb Code     0  libinit2.o(.ARM.Collect$$libinit$$0000002E)
    __rt_lib_init_fp_trap_1                  0x000001a7   Thumb Code     0  libinit2.o(.ARM.Collect$$libinit$$0000001D)
    __rt_lib_init_getenv_1                   0x000001a7   Thumb Code     0  libinit2.o(.ARM.Collect$$libinit$$00000021)
    __rt_lib_init_lc_numeric_1               0x000001a7   Thumb Code     0  libinit2.o(.ARM.Collect$$libinit$$00000015)
    __rt_lib_init_lc_time_1                  0x000001a7   Thumb Code     0  libinit2.o(.ARM.Collect$$libinit$$00000017)
    __rt_lib_init_return                     0x000001a7   Thumb Code     0  libinit2.o(.ARM.Collect$$libinit$$00000031)
    __rt_lib_init_signal_1                   0x000001a7   Thumb Code     0  libinit2.o(.ARM.Collect$$libinit$$0000001B)
    __rt_lib_init_stdio_1                    0x000001a7   Thumb Code     0  libinit2.o(.ARM.Collect$$libinit$$00000023)
    __rt_lib_shutdown                        0x000001a9   Thumb Code     0  libshutdown.o(.ARM.Collect$$libshutdown$$00000000)
    __rt_lib_shutdown_fp_trap_1              0x000001ab   Thumb Code     0  libshutdown2.o(.ARM.Collect$$libshutdown$$00000006)
    __rt_lib_shutdown_heap_1                 0x000001ab   Thumb Code     0  libshutdown2.o(.ARM.Collect$$libshutdown$$0000000E)
    __rt_lib_shutdown_return                 0x000001ab   Thumb Code     0  libshutdown2.o(.ARM.Collect$$libshutdown$$0000000F)
    __rt_lib_shutdown_signal_1               0x000001ab   Thumb Code     0  libshutdown2.o(.ARM.Collect$$libshutdown$$00000009)
    __rt_lib_shutdown_stdio_1                0x000001ab   Thumb Code     0  libshutdown2.o(.ARM.Collect$$libshutdown$$00000003)
    __rt_lib_shutdown_user_alloc_1           0x000001ab   Thumb Code     0  libshutdown2.o(.ARM.Collect$$libshutdown$$0000000B)
    __rt_entry                               0x000001ad   Thumb Code     0  rtentry.o(.ARM.Collect$$rtentry$$00000000)
    __rt_entry_presh_1                       0x000001ad   Thumb Code     0  rtentry2.o(.ARM.Collect$$rtentry$$00000002)
    __rt_entry_sh                            0x000001ad   Thumb Code     0  rtentry4.o(.ARM.Collect$$rtentry$$00000004)
    __rt_entry_li                            0x000001b3   Thumb Code     0  rtentry2.o(.ARM.Collect$$rtentry$$0000000A)
    __rt_entry_postsh_1                      0x000001b3   Thumb Code     0  rtentry2.o(.ARM.Collect$$rtentry$$00000009)
    __rt_entry_main                          0x000001b7   Thumb Code     0  rtentry2.o(.ARM.Collect$$rtentry$$0000000D)
    __rt_entry_postli_1                      0x000001b7   Thumb Code     0  rtentry2.o(.ARM.Collect$$rtentry$$0000000C)
    __rt_exit                                0x000001bf   Thumb Code     0  rtexit.o(.ARM.Collect$$rtexit$$00000000)
    __rt_exit_ls                             0x000001c1   Thumb Code     0  rtexit2.o(.ARM.Collect$$rtexit$$00000003)
    __rt_exit_prels_1                        0x000001c1   Thumb Code     0  rtexit2.o(.ARM.Collect$$rtexit$$00000002)
    __rt_exit_exit                           0x000001c5   Thumb Code     0  rtexit2.o(.ARM.Collect$$rtexit$$00000004)
    Reset_Handler                            0x000001cd   Thumb Code     8  startup_lpc17xx.o(.text)
    NMI_Handler                              0x000001d5   Thumb Code     2  startup_lpc17xx.o(.text)
    HardFault_Handler                        0x000001d7   Thumb Code     2  startup_lpc17xx.o(.text)
    MemManage_Handler                        0x000001d9   Thumb Code     2  startup_lpc17xx.o(.text)
    BusFault_Handler                         0x000001db   Thumb Code     2  startup_lpc17xx.o(.text)
    UsageFault_Handler                       0x000001dd   Thumb Code     2  startup_lpc17xx.o(.text)
    SVC_Handler                              0x000001df   Thumb Code     2  startup_lpc17xx.o(.text)
    DebugMon_Handler                         0x000001e1   Thumb Code     2  startup_lpc17xx.o(.text)
    PendSV_Handler                           0x000001e3   Thumb Code     2  startup_lpc17xx.o(.text)
    SysTick_Handler                          0x000001e5   Thumb Code     2  startup_lpc17xx.o(.text)
    BOD_IRQHandler                           0x000001e7   Thumb Code     0  startup_lpc17xx.o(.text)
    CANActivity_IRQHandler                   0x000001e7   Thumb Code     0  startup_lpc17xx.o(.text)
    CAN_IRQHandler                           0x000001e7   Thumb Code     0  startup_lpc17xx.o(.text)
    EINT0_IRQHandler                         0x000001e7   Thumb Code     0  startup_lpc17xx.o(.text)
    EINT3_IRQHandler                         0x000001e7   Thumb Code     0  startup_lpc17xx.o(.text)
    ENET_IRQHandler                          0x000001e7   Thumb Code     0  startup_lpc17xx.o(.text)
    I2C0_IRQHandler                          0x000001e7   Thumb Code     0  startup_lpc17xx.o(.text)
    I2C1_IRQHandler                          0x000001e7   Thumb Code     0  startup_lpc17xx.o(.text)
    I2C2_IRQHandler                          0x000001e7   Thumb Code     0  startup_lpc17xx.o(.text)
    I2S_IRQHandler                           0x000001e7   Thumb Code     0  startup_lpc17xx.o(.text)
    MCPWM_IRQHandler                         0x000001e7   Thumb Code     0  startup_lpc17xx.o(.text)
    PLL0_IRQHandler                          0x000001e7   Thumb Code     0  startup_lpc17xx.o(.text)
    PLL1_IRQHandler                          0x000001e7   Thumb Code     0  startup_lpc17xx.o(.text)
    PWM1_IRQHandler                          0x000001e7   Thumb Code     0  startup_lpc17xx.o(.text)
    QEI_IRQHandler                           0x000001e7   Thumb Code     0  startup_lpc17xx.o(.text)
    RIT_IRQHandler                           0x000001e7   Thumb Code     0  startup_lpc17xx.o(.text)
    RTC_IRQHandler                           0x000001e7   Thumb Code     0  startup_lpc17xx.o(.text)
    SPI_IRQHandler                           0x000001e7   Thumb Code     0  startup_lpc17xx.o(.text)
    SSP0_IRQHandler                          0x000001e7   Thumb Code     0  startup_lpc17xx.o(.text)
    SSP1_IRQHandler                          0x000001e7   Thumb Code     0  startup_lpc17xx.o(.text)
    TIMER1_IRQHandler                        0x000001e7   Thumb Code     0  startup_lpc17xx.o(.text)
    TIMER2_IRQHandler                        0x000001e7   Thumb Code     0  startup_lpc17xx.o(.text)
    TIMER3_IRQHandler                        0x000001e7   Thumb Code     0  startup_lpc17xx.o(.text)
    UART0_IRQHandler                         0x000001e7   Thumb Code     0  startup_lpc17xx.o(.text)
    UART1_IRQHandler                         0x000001e7   Thumb Code     0  startup_lpc17xx.o(.text)
    UART2_IRQHandler                         0x000001e7   Thumb Code     0  startup_lpc17xx.o(.text)
    UART3_IRQHandler                         0x000001e7   Thumb Code     0  startup_lpc17xx.o(.text)
    USBActivity_IRQHandler                   0x000001e7   Thumb Code     0  startup_lpc17xx.o(.text)
    USB_IRQHandler                           0x000001e7   Thumb Code     0  startup_lpc17xx.o(.text)
    WDT_IRQHandler                           0x000001e7   Thumb Code     0  startup_lpc17xx.o(.text)
    __user_initial_stackheap                 0x000001e9   Thumb Code     0  startup_lpc17xx.o(.text)
    init_PWM                                 0x00000209   Thumb Code    52  pwm.o(.text)
    set_ciclo_trabajo_PWM                    0x0000023d   Thumb Code    54  pwm.o(.text)
    strcpy                                   0x00000289   Thumb Code    72  strcpy.o(.text)
    strcat                                   0x000002d1   Thumb Code    24  strcat.o(.text)
    __use_two_region_memory                  0x000002e9   Thumb Code     2  heapauxi.o(.text)
    __rt_heap_escrow$2region                 0x000002eb   Thumb Code     2  heapauxi.o(.text)
    __rt_heap_expand$2region                 0x000002ed   Thumb Code     2  heapauxi.o(.text)
    __aeabi_errno_addr                       0x000002f1   Thumb Code     8  rt_errno_addr_intlibspace.o(.text)
    __errno$intlibspace                      0x000002f1   Thumb Code     0  rt_errno_addr_intlibspace.o(.text)
    __rt_errno_addr$intlibspace              0x000002f1   Thumb Code     0  rt_errno_addr_intlibspace.o(.text)
    __I$use$semihosting                      0x000002f9   Thumb Code     0  use_no_semi.o(.text)
    __use_no_semihosting_swi                 0x000002f9   Thumb Code     2  use_no_semi.o(.text)
    __I$use$fp                               0x000002fa   Number         0  usenofp.o(x$fpl$usenofp)
    __semihosting_library_function           0x000002fb   Thumb Code     0  indicate_semi.o(.text)
    SystemCoreClockUpdate                    0x00000301   Thumb Code   424  system_lpc17xx.o(.text)
    SystemInit                               0x000004a9   Thumb Code   290  system_lpc17xx.o(.text)
    apagar_DMA                               0x00000619   Thumb Code    16  dma.o(.text)
    init_DMA_DAC                             0x00000629   Thumb Code   104  dma.o(.text)
    init_DMA_ADC                             0x00000691   Thumb Code   108  dma.o(.text)
    DMA_IRQHandler                           0x000006fd   Thumb Code   116  dma.o(.text)
    rec                                      0x00000771   Thumb Code    28  dma.o(.text)
    play                                     0x0000078d   Thumb Code    20  dma.o(.text)
    TIMER0_IRQHandler                        0x00000825   Thumb Code    98  main.o(.text)
    EINT1_IRQHandler                         0x00000887   Thumb Code     8  main.o(.text)
    EINT2_IRQHandler                         0x0000088f   Thumb Code     8  main.o(.text)
    ADC_IRQHandler                           0x00000897   Thumb Code   138  main.o(.text)
    config_DS1621                            0x00000921   Thumb Code    50  main.o(.text)
    leer_DS1621                              0x00000953   Thumb Code    84  main.o(.text)
    main                                     0x000009a7   Thumb Code    86  main.o(.text)
    I2Cdelay                                 0x00000a65   Thumb Code    14  i2c_lpc17xx.o(.text)
    pulso_SCL                                0x00000a73   Thumb Code    24  i2c_lpc17xx.o(.text)
    I2CSendByte                              0x00000a8b   Thumb Code    74  i2c_lpc17xx.o(.text)
    I2CSendAddr                              0x00000ad5   Thumb Code    68  i2c_lpc17xx.o(.text)
    I2CGetByte                               0x00000b19   Thumb Code   100  i2c_lpc17xx.o(.text)
    I2CSendStop                              0x00000b7d   Thumb Code    34  i2c_lpc17xx.o(.text)
    init_GPIO                                0x00000ba5   Thumb Code   154  init.o(.text)
    init_TIMER0                              0x00000c3f   Thumb Code    42  init.o(.text)
    init_TIMER1                              0x00000c69   Thumb Code    48  init.o(.text)
    init_TIMER2                              0x00000c99   Thumb Code    40  init.o(.text)
    init_TIMER3                              0x00000cc1   Thumb Code    24  init.o(.text)
    init_ADC_sensores                        0x00000cd9   Thumb Code   108  init.o(.text)
    init_ADC_grabar                          0x00000d45   Thumb Code    48  init.o(.text)
    __aeabi_uldivmod                         0x00000da9   Thumb Code     0  lludivv7m.o(.text)
    _ll_udiv                                 0x00000da9   Thumb Code   238  lludivv7m.o(.text)
    __read_errno                             0x00000e97   Thumb Code    10  _rserrno.o(.text)
    __set_errno                              0x00000ea1   Thumb Code    12  _rserrno.o(.text)
    __strtod_int                             0x00000ee9   Thumb Code    88  strtod.o(.text)
    isspace                                  0x00000f4d   Thumb Code    18  isspace.o(.text)
    _sgetc                                   0x00000f5f   Thumb Code    30  _sgetc.o(.text)
    _sbackspace                              0x00000f7d   Thumb Code    34  _sgetc.o(.text)
    __user_libspace                          0x00000fa1   Thumb Code     8  libspace.o(.text)
    __user_perproc_libspace                  0x00000fa1   Thumb Code     0  libspace.o(.text)
    __user_perthread_libspace                0x00000fa1   Thumb Code     0  libspace.o(.text)
    __user_setup_stackheap                   0x00000fa9   Thumb Code    74  sys_stackheap_outer.o(.text)
    __rt_ctype_table                         0x00000ff5   Thumb Code    16  rt_ctype_table.o(.text)
    _scanf_really_real                       0x000011fd   Thumb Code   672  scanf_fp.o(.text)
    exit                                     0x000014a9   Thumb Code    12  exit.o(.text)
    strcmp                                   0x000014b5   Thumb Code   128  strcmpv7m.o(.text)
    __rt_locale                              0x00001535   Thumb Code     8  rt_locale_intlibspace.o(.text)
    _btod_etento                             0x0000153d   Thumb Code   222  bigflt0.o(.text)
    _sys_exit                                0x00001621   Thumb Code     8  sys_exit.o(.text)
    _scanf_really_hex_real                   0x0000162d   Thumb Code   776  scanf_hexfp.o(.text)
    _scanf_really_infnan                     0x00001941   Thumb Code   298  scanf_infnan.o(.text)
    __aeabi_llsl                             0x00001a7d   Thumb Code     0  llshl.o(.text)
    _ll_shift_l                              0x00001a7d   Thumb Code    38  llshl.o(.text)
    _chval                                   0x00001aa3   Thumb Code    28  _chval.o(.text)
    __btod_div_common                        0x00001abf   Thumb Code   696  btod.o(CL$$btod_div_common)
    _e2d                                     0x00001df9   Thumb Code    80  btod.o(CL$$btod_e2d)
    _e2e                                     0x00001e4d   Thumb Code   198  btod.o(CL$$btod_e2e)
    _btod_ediv                               0x00001f13   Thumb Code    40  btod.o(CL$$btod_ediv)
    _btod_edivd                              0x00001f3b   Thumb Code    40  btod.o(CL$$btod_edivd)
    _btod_emul                               0x00001f63   Thumb Code    40  btod.o(CL$$btod_emul)
    _btod_emuld                              0x00001f8b   Thumb Code    40  btod.o(CL$$btod_emuld)
    __btod_mult_common                       0x00001fb3   Thumb Code   580  btod.o(CL$$btod_mult_common)
    __mathlib_dbl_underflow                  0x000021f9   Thumb Code    10  dunder.o(i.__mathlib_dbl_underflow)
    __mathlib_narrow                         0x00002209   Thumb Code    16  narrow.o(i.__mathlib_narrow)
    __mathlib_tofloat                        0x00002219   Thumb Code   132  narrow.o(i.__mathlib_tofloat)
    __support_ldexp                          0x000022a1   Thumb Code    22  ldexp.o(i.__support_ldexp)
    _is_digit                                0x000022b7   Thumb Code    14  scanf_fp.o(i._is_digit)
    atof                                     0x000022c5   Thumb Code    42  atof.o(i.atof)
    frexp                                    0x000022f1   Thumb Code    80  frexp.o(i.frexp)
    ldexp                                    0x00002349   Thumb Code   126  ldexp.o(i.ldexp)
    _get_lc_numeric                          0x000023c9   Thumb Code    44  lc_numeric_c.o(locale$$code)
    _get_lc_ctype                            0x000023f5   Thumb Code    44  lc_ctype_c.o(locale$$code)
    __aeabi_d2f                              0x00002421   Thumb Code     0  d2f.o(x$fpl$d2f)
    _d2f                                     0x00002421   Thumb Code    98  d2f.o(x$fpl$d2f)
    __aeabi_dadd                             0x00002485   Thumb Code     0  daddsub_clz.o(x$fpl$dadd)
    _dadd                                    0x00002485   Thumb Code   332  daddsub_clz.o(x$fpl$dadd)
    __fpl_dcheck_NaN1                        0x000025d5   Thumb Code    10  dcheck1.o(x$fpl$dcheck1)
    __fpl_dcmp_Inf                           0x000025e5   Thumb Code    24  dcmpi.o(x$fpl$dcmpinf)
    __aeabi_ddiv                             0x000025fd   Thumb Code     0  ddiv.o(x$fpl$ddiv)
    _ddiv                                    0x000025fd   Thumb Code   552  ddiv.o(x$fpl$ddiv)
    __aeabi_cdcmpeq                          0x000028ad   Thumb Code     0  deqf.o(x$fpl$deqf)
    _dcmpeq                                  0x000028ad   Thumb Code   120  deqf.o(x$fpl$deqf)
    __aeabi_d2uiz                            0x00002925   Thumb Code     0  dfixu.o(x$fpl$dfixu)
    _dfixu                                   0x00002925   Thumb Code    90  dfixu.o(x$fpl$dfixu)
    __aeabi_ui2d                             0x0000297f   Thumb Code     0  dflt_clz.o(x$fpl$dfltu)
    _dfltu                                   0x0000297f   Thumb Code    38  dflt_clz.o(x$fpl$dfltu)
    __aeabi_cdcmple                          0x000029a5   Thumb Code     0  dleqf.o(x$fpl$dleqf)
    _dcmple                                  0x000029a5   Thumb Code   120  dleqf.o(x$fpl$dleqf)
    __fpl_dcmple_InfNaN                      0x00002a07   Thumb Code     0  dleqf.o(x$fpl$dleqf)
    __aeabi_dmul                             0x00002a1d   Thumb Code     0  dmul.o(x$fpl$dmul)
    _dmul                                    0x00002a1d   Thumb Code   332  dmul.o(x$fpl$dmul)
    __fpl_dnaninf                            0x00002b71   Thumb Code   156  dnaninf.o(x$fpl$dnaninf)
    __fpl_dretinf                            0x00002c0d   Thumb Code    12  dretinf.o(x$fpl$dretinf)
    __aeabi_cdrcmple                         0x00002c19   Thumb Code     0  drleqf.o(x$fpl$drleqf)
    _drcmple                                 0x00002c19   Thumb Code   108  drleqf.o(x$fpl$drleqf)
    __aeabi_dsub                             0x00002c85   Thumb Code     0  daddsub_clz.o(x$fpl$dsub)
    _dsub                                    0x00002c85   Thumb Code   464  daddsub_clz.o(x$fpl$dsub)
    __fpl_fcmp_Inf                           0x00002e59   Thumb Code    24  fcmpi.o(x$fpl$fcmpinf)
    __aeabi_fdiv                             0x00002e71   Thumb Code     0  fdiv.o(x$fpl$fdiv)
    _fdiv                                    0x00002e71   Thumb Code   384  fdiv.o(x$fpl$fdiv)
    __aeabi_f2uiz                            0x00002ff5   Thumb Code     0  ffixu.o(x$fpl$ffixu)
    _ffixu                                   0x00002ff5   Thumb Code    62  ffixu.o(x$fpl$ffixu)
    __aeabi_ui2f                             0x00003035   Thumb Code     0  fflt_clz.o(x$fpl$ffltu)
    _ffltu                                   0x00003035   Thumb Code    38  fflt_clz.o(x$fpl$ffltu)
    __aeabi_cfcmple                          0x0000305d   Thumb Code     0  fleqf.o(x$fpl$fleqf)
    _fcmple                                  0x0000305d   Thumb Code   104  fleqf.o(x$fpl$fleqf)
    __fpl_fcmple_InfNaN                      0x000030af   Thumb Code     0  fleqf.o(x$fpl$fleqf)
    __aeabi_fmul                             0x000030c5   Thumb Code     0  fmul.o(x$fpl$fmul)
    _fmul                                    0x000030c5   Thumb Code   258  fmul.o(x$fpl$fmul)
    __fpl_fnaninf                            0x000031c7   Thumb Code   140  fnaninf.o(x$fpl$fnaninf)
    __fpl_fretinf                            0x00003253   Thumb Code    10  fretinf.o(x$fpl$fretinf)
    __fpl_return_NaN                         0x0000325d   Thumb Code   100  retnan.o(x$fpl$retnan)
    __ARM_scalbn                             0x000032c1   Thumb Code    92  scalbn.o(x$fpl$scalbn)
    _scanf_real                              0x0000331d   Thumb Code     4  scanf1.o(x$fpl$scanf1)
    _scanf_hex_real                          0x00003321   Thumb Code     4  scanf2.o(x$fpl$scanf2)
    _scanf_infnan                            0x00003325   Thumb Code     4  scanf2.o(x$fpl$scanf2)
    __fpl_cmpreturn                          0x00003329   Thumb Code    48  trapv.o(x$fpl$trapveneer)
    Region$$Table$$Base                      0x000033ec   Number         0  anon$$obj.o(Region$$Table)
    Region$$Table$$Limit                     0x0000340c   Number         0  anon$$obj.o(Region$$Table)
    __aeabi_HUGE_VAL                         0x0000340c   Data           0  fpconst.o(c$$dinf)
    __aeabi_HUGE_VALL                        0x0000340c   Data           0  fpconst.o(c$$dinf)
    __aeabi_INFINITY                         0x0000340c   Data           0  fpconst.o(c$$dinf)
    __dInf                                   0x0000340c   Data           0  fpconst.o(c$$dinf)
    __huge_val                               0x0000340c   Data           0  fpconst.o(c$$dinf)
    __ctype                                  0x0000343d   Data           0  lc_ctype_c.o(locale$$data)
    SystemCoreClock                          0x10000000   Data           4  system_lpc17xx.o(.data)
    muestras                                 0x10000004   Data       32000  dma.o(.data)
    counter                                  0x10007d04   Data           4  dma.o(.data)
    index1                                   0x10007d08   Data           4  dma.o(.data)
    temp_LM35                                0x10007d0c   Data           4  main.o(.data)
    humedad                                  0x10007d10   Data           4  main.o(.data)
    vel_anemometro                           0x10007d14   Data           4  main.o(.data)
    umbral_temp                              0x10007d18   Data           2  main.o(.data)
    fin                                      0x10007d1a   Data           1  main.o(.data)
    ptr_rx                                   0x10007d1c   Data           4  main.o(.data)
    rx_completa                              0x10007d20   Data           1  main.o(.data)
    ptr_tx                                   0x10007d24   Data           4  main.o(.data)
    tx_completa                              0x10007d28   Data           1  main.o(.data)
    __libspace_start                         0x10007d2c   Data          96  libspace.o(.bss)
    __temporary_stack_top$libspace           0x10007d8c   Data           0  libspace.o(.bss)



==============================================================================

Memory Map of the image

  Image Entry point : 0x000000cd

  Load Region LR_IROM1 (Base: 0x00000000, Size: 0x0000b26c, Max: 0x00080000, ABSOLUTE, COMPRESSED[0x0000642c])

    Execution Region ER_IROM1 (Base: 0x00000000, Size: 0x00003540, Max: 0x00080000, ABSOLUTE)

    Base Addr    Size         Type   Attr      Idx    E Section Name        Object

    0x00000000   0x000000cc   Data   RO           48    RESET               startup_lpc17xx.o
    0x000000cc   0x00000008   Code   RO          889  * !!!main             c_w.l(__main.o)
    0x000000d4   0x00000034   Code   RO         1235    !!!scatter          c_w.l(__scatter.o)
    0x00000108   0x00000064   Code   RO         1233    !!dclz77c           c_w.l(__dclz77c.o)
    0x0000016c   0x0000001c   Code   RO         1237    !!handler_zi        c_w.l(__scatter_zi.o)
    0x00000188   0x00000002   Code   RO         1020    .ARM.Collect$$libinit$$00000000  c_w.l(libinit.o)
    0x0000018a   0x00000000   Code   RO         1022    .ARM.Collect$$libinit$$00000002  c_w.l(libinit2.o)
    0x0000018a   0x00000000   Code   RO         1025    .ARM.Collect$$libinit$$00000008  c_w.l(libinit2.o)
    0x0000018a   0x00000000   Code   RO         1027    .ARM.Collect$$libinit$$0000000A  c_w.l(libinit2.o)
    0x0000018a   0x00000000   Code   RO         1029    .ARM.Collect$$libinit$$0000000C  c_w.l(libinit2.o)
    0x0000018a   0x00000006   Code   RO         1030    .ARM.Collect$$libinit$$0000000D  c_w.l(libinit2.o)
    0x00000190   0x00000000   Code   RO         1032    .ARM.Collect$$libinit$$0000000F  c_w.l(libinit2.o)
    0x00000190   0x0000000c   Code   RO         1033    .ARM.Collect$$libinit$$00000010  c_w.l(libinit2.o)
    0x0000019c   0x00000000   Code   RO         1034    .ARM.Collect$$libinit$$00000011  c_w.l(libinit2.o)
    0x0000019c   0x00000000   Code   RO         1036    .ARM.Collect$$libinit$$00000013  c_w.l(libinit2.o)
    0x0000019c   0x0000000a   Code   RO         1037    .ARM.Collect$$libinit$$00000014  c_w.l(libinit2.o)
    0x000001a6   0x00000000   Code   RO         1038    .ARM.Collect$$libinit$$00000015  c_w.l(libinit2.o)
    0x000001a6   0x00000000   Code   RO         1040    .ARM.Collect$$libinit$$00000017  c_w.l(libinit2.o)
    0x000001a6   0x00000000   Code   RO         1042    .ARM.Collect$$libinit$$00000019  c_w.l(libinit2.o)
    0x000001a6   0x00000000   Code   RO         1044    .ARM.Collect$$libinit$$0000001B  c_w.l(libinit2.o)
    0x000001a6   0x00000000   Code   RO         1046    .ARM.Collect$$libinit$$0000001D  c_w.l(libinit2.o)
    0x000001a6   0x00000000   Code   RO         1048    .ARM.Collect$$libinit$$0000001F  c_w.l(libinit2.o)
    0x000001a6   0x00000000   Code   RO         1050    .ARM.Collect$$libinit$$00000021  c_w.l(libinit2.o)
    0x000001a6   0x00000000   Code   RO         1052    .ARM.Collect$$libinit$$00000023  c_w.l(libinit2.o)
    0x000001a6   0x00000000   Code   RO         1056    .ARM.Collect$$libinit$$0000002A  c_w.l(libinit2.o)
    0x000001a6   0x00000000   Code   RO         1058    .ARM.Collect$$libinit$$0000002C  c_w.l(libinit2.o)
    0x000001a6   0x00000000   Code   RO         1060    .ARM.Collect$$libinit$$0000002E  c_w.l(libinit2.o)
    0x000001a6   0x00000000   Code   RO         1062    .ARM.Collect$$libinit$$00000030  c_w.l(libinit2.o)
    0x000001a6   0x00000002   Code   RO         1063    .ARM.Collect$$libinit$$00000031  c_w.l(libinit2.o)
    0x000001a8   0x00000002   Code   RO         1174    .ARM.Collect$$libshutdown$$00000000  c_w.l(libshutdown.o)
    0x000001aa   0x00000000   Code   RO         1209    .ARM.Collect$$libshutdown$$00000003  c_w.l(libshutdown2.o)
    0x000001aa   0x00000000   Code   RO         1212    .ARM.Collect$$libshutdown$$00000006  c_w.l(libshutdown2.o)
    0x000001aa   0x00000000   Code   RO         1215    .ARM.Collect$$libshutdown$$00000009  c_w.l(libshutdown2.o)
    0x000001aa   0x00000000   Code   RO         1217    .ARM.Collect$$libshutdown$$0000000B  c_w.l(libshutdown2.o)
    0x000001aa   0x00000000   Code   RO         1220    .ARM.Collect$$libshutdown$$0000000E  c_w.l(libshutdown2.o)
    0x000001aa   0x00000002   Code   RO         1221    .ARM.Collect$$libshutdown$$0000000F  c_w.l(libshutdown2.o)
    0x000001ac   0x00000000   Code   RO          941    .ARM.Collect$$rtentry$$00000000  c_w.l(rtentry.o)
    0x000001ac   0x00000000   Code   RO          966    .ARM.Collect$$rtentry$$00000002  c_w.l(rtentry2.o)
    0x000001ac   0x00000006   Code   RO          978    .ARM.Collect$$rtentry$$00000004  c_w.l(rtentry4.o)
    0x000001b2   0x00000000   Code   RO          968    .ARM.Collect$$rtentry$$00000009  c_w.l(rtentry2.o)
    0x000001b2   0x00000004   Code   RO          969    .ARM.Collect$$rtentry$$0000000A  c_w.l(rtentry2.o)
    0x000001b6   0x00000000   Code   RO          971    .ARM.Collect$$rtentry$$0000000C  c_w.l(rtentry2.o)
    0x000001b6   0x00000008   Code   RO          972    .ARM.Collect$$rtentry$$0000000D  c_w.l(rtentry2.o)
    0x000001be   0x00000002   Code   RO         1064    .ARM.Collect$$rtexit$$00000000  c_w.l(rtexit.o)
    0x000001c0   0x00000000   Code   RO         1129    .ARM.Collect$$rtexit$$00000002  c_w.l(rtexit2.o)
    0x000001c0   0x00000004   Code   RO         1130    .ARM.Collect$$rtexit$$00000003  c_w.l(rtexit2.o)
    0x000001c4   0x00000006   Code   RO         1131    .ARM.Collect$$rtexit$$00000004  c_w.l(rtexit2.o)
    0x000001ca   0x00000002   PAD
    0x000001cc   0x0000003c   Code   RO           50    .text               startup_lpc17xx.o
    0x00000208   0x00000080   Code   RO          857    .text               pwm.o
    0x00000288   0x00000048   Code   RO          879    .text               c_w.l(strcpy.o)
    0x000002d0   0x00000018   Code   RO          881    .text               c_w.l(strcat.o)
    0x000002e8   0x00000006   Code   RO          887    .text               c_w.l(heapauxi.o)
    0x000002ee   0x00000002   PAD
    0x000002f0   0x00000008   Code   RO          985    .text               c_w.l(rt_errno_addr_intlibspace.o)
    0x000002f8   0x00000002   Code   RO         1157    .text               c_w.l(use_no_semi.o)
    0x000002fa   0x00000000   Code   RO         1159    .text               c_w.l(indicate_semi.o)
    0x000002fa   0x00000000   Code   RO          964    x$fpl$usenofp       fz_ws.l(usenofp.o)
    0x000002fa   0x00000002   PAD
    0x000002fc   0x00000004   Code   RO           49    .ARM.__at_0x02FC    startup_lpc17xx.o
    0x00000300   0x00000318   Code   RO            3    .text               system_lpc17xx.o
    0x00000618   0x000001ec   Code   RO          715    .text               dma.o
    0x00000804   0x00000260   Code   RO          749    .text               main.o
    0x00000a64   0x00000140   Code   RO          813    .text               i2c_lpc17xx.o
    0x00000ba4   0x00000204   Code   RO          833    .text               init.o
    0x00000da8   0x000000ee   Code   RO          877    .text               c_w.l(lludivv7m.o)
    0x00000e96   0x00000016   Code   RO          946    .text               c_w.l(_rserrno.o)
    0x00000eac   0x000000a0   Code   RO          948    .text               c_w.l(strtod.o)
    0x00000f4c   0x00000012   Code   RO          987    .text               c_w.l(isspace.o)
    0x00000f5e   0x00000040   Code   RO          989    .text               c_w.l(_sgetc.o)
    0x00000f9e   0x00000002   PAD
    0x00000fa0   0x00000008   Code   RO          996    .text               c_w.l(libspace.o)
    0x00000fa8   0x0000004a   Code   RO          999    .text               c_w.l(sys_stackheap_outer.o)
    0x00000ff2   0x00000002   PAD
    0x00000ff4   0x00000010   Code   RO         1001    .text               c_w.l(rt_ctype_table.o)
    0x00001004   0x000004a4   Code   RO         1003    .text               c_w.l(scanf_fp.o)
    0x000014a8   0x0000000c   Code   RO         1007    .text               c_w.l(exit.o)
    0x000014b4   0x00000080   Code   RO         1013    .text               c_w.l(strcmpv7m.o)
    0x00001534   0x00000008   Code   RO         1071    .text               c_w.l(rt_locale_intlibspace.o)
    0x0000153c   0x000000e4   Code   RO         1073    .text               c_w.l(bigflt0.o)
    0x00001620   0x0000000c   Code   RO         1126    .text               c_w.l(sys_exit.o)
    0x0000162c   0x00000314   Code   RO         1135    .text               c_w.l(scanf_hexfp.o)
    0x00001940   0x0000013c   Code   RO         1137    .text               c_w.l(scanf_infnan.o)
    0x00001a7c   0x00000026   Code   RO         1162    .text               c_w.l(llshl.o)
    0x00001aa2   0x0000001c   Code   RO         1164    .text               c_w.l(_chval.o)
    0x00001abe   0x00000338   Code   RO         1086    CL$$btod_div_common  c_w.l(btod.o)
    0x00001df6   0x00000002   PAD
    0x00001df8   0x00000054   Code   RO         1084    CL$$btod_e2d        c_w.l(btod.o)
    0x00001e4c   0x000000c6   Code   RO         1083    CL$$btod_e2e        c_w.l(btod.o)
    0x00001f12   0x00000028   Code   RO         1080    CL$$btod_ediv       c_w.l(btod.o)
    0x00001f3a   0x00000028   Code   RO         1082    CL$$btod_edivd      c_w.l(btod.o)
    0x00001f62   0x00000028   Code   RO         1079    CL$$btod_emul       c_w.l(btod.o)
    0x00001f8a   0x00000028   Code   RO         1081    CL$$btod_emuld      c_w.l(btod.o)
    0x00001fb2   0x00000244   Code   RO         1085    CL$$btod_mult_common  c_w.l(btod.o)
    0x000021f6   0x00000002   PAD
    0x000021f8   0x00000010   Code   RO         1224    i.__mathlib_dbl_underflow  m_ws.l(dunder.o)
    0x00002208   0x00000010   Code   RO         1120    i.__mathlib_narrow  m_ws.l(narrow.o)
    0x00002218   0x00000088   Code   RO         1121    i.__mathlib_tofloat  m_ws.l(narrow.o)
    0x000022a0   0x00000016   Code   RO         1180    i.__support_ldexp   m_ws.l(ldexp.o)
    0x000022b6   0x0000000e   Code   RO         1005    i._is_digit         c_w.l(scanf_fp.o)
    0x000022c4   0x0000002a   Code   RO          938    i.atof              m_ws.l(atof.o)
    0x000022ee   0x00000002   PAD
    0x000022f0   0x00000058   Code   RO         1150    i.frexp             m_ws.l(frexp.o)
    0x00002348   0x0000007e   Code   RO         1181    i.ldexp             m_ws.l(ldexp.o)
    0x000023c6   0x00000002   PAD
    0x000023c8   0x0000002c   Code   RO          992    locale$$code        c_w.l(lc_numeric_c.o)
    0x000023f4   0x0000002c   Code   RO         1099    locale$$code        c_w.l(lc_ctype_c.o)
    0x00002420   0x00000062   Code   RO          891    x$fpl$d2f           fz_ws.l(d2f.o)
    0x00002482   0x00000002   PAD
    0x00002484   0x00000150   Code   RO          893    x$fpl$dadd          fz_ws.l(daddsub_clz.o)
    0x000025d4   0x00000010   Code   RO         1222    x$fpl$dcheck1       fz_ws.l(dcheck1.o)
    0x000025e4   0x00000018   Code   RO          952    x$fpl$dcmpinf       fz_ws.l(dcmpi.o)
    0x000025fc   0x000002b0   Code   RO          900    x$fpl$ddiv          fz_ws.l(ddiv.o)
    0x000028ac   0x00000078   Code   RO          903    x$fpl$deqf          fz_ws.l(deqf.o)
    0x00002924   0x0000005a   Code   RO          905    x$fpl$dfixu         fz_ws.l(dfixu.o)
    0x0000297e   0x00000026   Code   RO          909    x$fpl$dfltu         fz_ws.l(dflt_clz.o)
    0x000029a4   0x00000078   Code   RO         1175    x$fpl$dleqf         fz_ws.l(dleqf.o)
    0x00002a1c   0x00000154   Code   RO          915    x$fpl$dmul          fz_ws.l(dmul.o)
    0x00002b70   0x0000009c   Code   RO          954    x$fpl$dnaninf       fz_ws.l(dnaninf.o)
    0x00002c0c   0x0000000c   Code   RO          956    x$fpl$dretinf       fz_ws.l(dretinf.o)
    0x00002c18   0x0000006c   Code   RO         1147    x$fpl$drleqf        fz_ws.l(drleqf.o)
    0x00002c84   0x000001d4   Code   RO          895    x$fpl$dsub          fz_ws.l(daddsub_clz.o)
    0x00002e58   0x00000018   Code   RO          958    x$fpl$fcmpinf       fz_ws.l(fcmpi.o)
    0x00002e70   0x00000184   Code   RO          918    x$fpl$fdiv          fz_ws.l(fdiv.o)
    0x00002ff4   0x0000003e   Code   RO          921    x$fpl$ffixu         fz_ws.l(ffixu.o)
    0x00003032   0x00000002   PAD
    0x00003034   0x00000026   Code   RO          925    x$fpl$ffltu         fz_ws.l(fflt_clz.o)
    0x0000305a   0x00000002   PAD
    0x0000305c   0x00000068   Code   RO          931    x$fpl$fleqf         fz_ws.l(fleqf.o)
    0x000030c4   0x00000102   Code   RO          933    x$fpl$fmul          fz_ws.l(fmul.o)
    0x000031c6   0x0000008c   Code   RO          960    x$fpl$fnaninf       fz_ws.l(fnaninf.o)
    0x00003252   0x0000000a   Code   RO          962    x$fpl$fretinf       fz_ws.l(fretinf.o)
    0x0000325c   0x00000064   Code   RO         1227    x$fpl$retnan        fz_ws.l(retnan.o)
    0x000032c0   0x0000005c   Code   RO         1177    x$fpl$scalbn        fz_ws.l(scalbn.o)
    0x0000331c   0x00000004   Code   RO          994    x$fpl$scanf1        fz_ws.l(scanf1.o)
    0x00003320   0x00000008   Code   RO         1114    x$fpl$scanf2        fz_ws.l(scanf2.o)
    0x00003328   0x00000030   Code   RO         1229    x$fpl$trapveneer    fz_ws.l(trapv.o)
    0x00003358   0x00000094   Data   RO         1074    .constdata          c_w.l(bigflt0.o)
    0x000033ec   0x00000020   Data   RO         1231    Region$$Table       anon$$obj.o
    0x0000340c   0x00000008   Data   RO         1107    c$$dinf             fz_ws.l(fpconst.o)
    0x00003414   0x0000001c   Data   RO          991    locale$$data        c_w.l(lc_numeric_c.o)
    0x00003430   0x00000110   Data   RO         1098    locale$$data        c_w.l(lc_ctype_c.o)


    Execution Region RW_IRAM1 (Base: 0x10000000, Size: 0x00007f90, Max: 0x00008000, ABSOLUTE, COMPRESSED[0x00002eec])

    Base Addr    Size         Type   Attr      Idx    E Section Name        Object

    0x10000000   0x00000004   Data   RW            4    .data               system_lpc17xx.o
    0x10000004   0x00007d08   Data   RW          716    .data               dma.o
    0x10007d0c   0x0000001d   Data   RW          751    .data               main.o
    0x10007d29   0x00000003   PAD
    0x10007d2c   0x00000060   Zero   RW          997    .bss                c_w.l(libspace.o)
    0x10007d8c   0x00000004   PAD
    0x10007d90   0x00000000   Zero   RW           47    HEAP                startup_lpc17xx.o
    0x10007d90   0x00000200   Zero   RW           46    STACK               startup_lpc17xx.o


==============================================================================

Image component sizes


      Code (inc. data)   RO Data    RW Data    ZI Data      Debug   Object Name

       492         58          0      32008          0      25732   dma.o
         0          0          0          0          0      16616   glcd.o
       320          6          0          0          0       1428   i2c_lpc17xx.o
       516         52          0          0          0      25045   init.o
       608         80          0         29          0      26323   main.o
       128         22          0          0          0        633   pwm.o
        64         26        204          0        512       1008   startup_lpc17xx.o
       792         78          0          4          0       5209   system_lpc17xx.o

    ----------------------------------------------------------------------
      2920        322        236      32044        512     101994   Object Totals
         0          0         32          0          0          0   (incl. Generated)
         0          0          0          3          0          0   (incl. Padding)

    ----------------------------------------------------------------------

      Code (inc. data)   RO Data    RW Data    ZI Data      Debug   Library Member Name

       100          0          0          0          0          0   __dclz77c.o
         8          0          0          0          0         68   __main.o
        52          8          0          0          0          0   __scatter.o
        28          0          0          0          0          0   __scatter_zi.o
        28          0          0          0          0         68   _chval.o
        22          0          0          0          0        100   _rserrno.o
        64          0          0          0          0         84   _sgetc.o
       228          6        148          0          0         96   bigflt0.o
      1846        132          0          0          0        736   btod.o
        12          0          0          0          0         72   exit.o
         6          0          0          0          0        152   heapauxi.o
         0          0          0          0          0          0   indicate_semi.o
        18          0          0          0          0         76   isspace.o
        44         10        272          0          0         76   lc_ctype_c.o
        44         10         28          0          0         76   lc_numeric_c.o
         2          0          0          0          0          0   libinit.o
        30          0          0          0          0          0   libinit2.o
         2          0          0          0          0          0   libshutdown.o
         2          0          0          0          0          0   libshutdown2.o
         8          4          0          0         96         68   libspace.o
        38          0          0          0          0         68   llshl.o
       238          0          0          0          0        100   lludivv7m.o
        16          4          0          0          0         76   rt_ctype_table.o
         8          4          0          0          0         68   rt_errno_addr_intlibspace.o
         8          4          0          0          0         68   rt_locale_intlibspace.o
         0          0          0          0          0          0   rtentry.o
        12          0          0          0          0          0   rtentry2.o
         6          0          0          0          0          0   rtentry4.o
         2          0          0          0          0          0   rtexit.o
        10          0          0          0          0          0   rtexit2.o
      1202         12          0          0          0        216   scanf_fp.o
       788         12          0          0          0        100   scanf_hexfp.o
       316         18          0          0          0        100   scanf_infnan.o
        24          0          0          0          0         68   strcat.o
       128          0          0          0          0         68   strcmpv7m.o
        72          0          0          0          0         80   strcpy.o
       160         12          0          0          0        120   strtod.o
        12          4          0          0          0         68   sys_exit.o
        74          0          0          0          0         80   sys_stackheap_outer.o
         2          0          0          0          0         68   use_no_semi.o
        98          4          0          0          0         92   d2f.o
       804         16          0          0          0        272   daddsub_clz.o
        16          4          0          0          0         68   dcheck1.o
        24          0          0          0          0         68   dcmpi.o
       688        140          0          0          0        208   ddiv.o
       120          4          0          0          0         92   deqf.o
        90          4          0          0          0         92   dfixu.o
        38          0          0          0          0         68   dflt_clz.o
       120          4          0          0          0         92   dleqf.o
       340         12          0          0          0        104   dmul.o
       156          4          0          0          0         92   dnaninf.o
        12          0          0          0          0         68   dretinf.o
       108          0          0          0          0         80   drleqf.o
        24          0          0          0          0         68   fcmpi.o
       388         76          0          0          0         96   fdiv.o
        62          4          0          0          0         84   ffixu.o
        38          0          0          0          0         68   fflt_clz.o
       104          4          0          0          0         84   fleqf.o
       258          4          0          0          0         84   fmul.o
       140          4          0          0          0         84   fnaninf.o
         0          0          8          0          0          0   fpconst.o
        10          0          0          0          0         68   fretinf.o
       100          0          0          0          0         68   retnan.o
        92          0          0          0          0         68   scalbn.o
         4          0          0          0          0         68   scanf1.o
         8          0          0          0          0         84   scanf2.o
        48          0          0          0          0         68   trapv.o
         0          0          0          0          0          0   usenofp.o
        42          0          0          0          0         84   atof.o
        16          6          0          0          0         68   dunder.o
        88          8          0          0          0         76   frexp.o
       148          0          0          0          0        160   ldexp.o
       152          4          0          0          0        160   narrow.o

    ----------------------------------------------------------------------
     10020        544        456          0        100       5956   Library Totals
        24          2          0          0          4          0   (incl. Padding)

    ----------------------------------------------------------------------

      Code (inc. data)   RO Data    RW Data    ZI Data      Debug   Library Name

      5660        240        448          0         96       3020   c_w.l
      3890        284          8          0          0       2388   fz_ws.l
       446         18          0          0          0        548   m_ws.l

    ----------------------------------------------------------------------
     10020        544        456          0        100       5956   Library Totals

    ----------------------------------------------------------------------

==============================================================================


      Code (inc. data)   RO Data    RW Data    ZI Data      Debug   

     12940        866        692      32044        612     103894   Grand Totals
     12940        866        692      12012        612     103894   ELF Image Totals (compressed)
     12940        866        692      12012          0          0   ROM Totals

==============================================================================

    Total RO  Size (Code + RO Data)                13632 (  13.31kB)
    Total RW  Size (RW Data + ZI Data)             32656 (  31.89kB)
    Total ROM Size (Code + RO Data + RW Data)      25644 (  25.04kB)

==============================================================================

