<html>
<body>
<pre>
<h1>µVision Build Log</h1>
<h2>Project:</h2>
C:\Users\GalleDoh\Documents\Universidad\Máster\Curso 1\Cuatrimestre 1\Subsistemas Electrónicos\Práctica final\Efectos\Distorsion\distorsion.uvproj
Project File Date:  12/29/2017

<h2>Output:</h2>
Load "C:\\Users\\GalleDoh\\Documents\\Universidad\\Máster\\Curso 1\\Cuatrimestre 1\\Subsistemas Electrónicos\\Práctica final\\Efectos\\Distorsion\\distorsion.axf" 
_____^
*** error 56: cannot open file
Rebuild target 'Target 1'
compiling distorsion.c...
assembling startup_LPC17xx.s...
compiling system_LPC17xx.c...
linking...
Program Size: Code=1772 RO-data=236 RW-data=8 ZI-data=608  
".\distorsion.axf" - 0 Errors, 0 Warning(s).
Rebuild target 'Target 1'
compiling distorsion.c...
assembling startup_LPC17xx.s...
compiling system_LPC17xx.c...
linking...
Program Size: Code=1772 RO-data=236 RW-data=8 ZI-data=608  
".\distorsion.axf" - 0 Errors, 0 Warning(s).
Load "C:\\Users\\GalleDoh\\Documents\\Universidad\\Máster\\Curso 1\\Cuatrimestre 1\\Subsistemas Electrónicos\\Práctica final\\Efectos\\Distorsion\\distorsion.axf" 
Erase Done.
Programming Done.
Verify OK.
Application running ...
