<html>
<body>
<pre>
<h1>µVision Build Log</h1>
<h2>Project:</h2>
C:\Users\GalleDoh\Documents\Subsistemas-SEDA\SEDA\Proyecto_web2\Http_demo.uvproj
Project File Date:  02/13/2018

<h2>Output:</h2>
Rebuild target 'MCB1700'
custom translating Web.inp...
Custom: C:\Keil\ARM\bin\fcarm @Web\Web.inp
FCARM FILE CONVERTER V2.41
Completed 2 File(s), Ratio 92%
compiling Web.c...
compiling HTTP_demo.c...
.\USER\DS1621.h(5): warning:  #1295-D: Deprecated declaration leer_DS1621 - give arg types
.\USER\DS1621.h(7): warning:  #1-D: last line of file ends without a newline
.\USER\DMA.h(15): warning:  #1-D: last line of file ends without a newline
compiling HTTP_CGI.c...
compiling DMA.c...
USER\DMA.h(15): warning:  #1-D: last line of file ends without a newline
USER\DMA.c(50): warning:  #61-D: integer operation result is out of range
USER\DMA.c(79): warning:  #61-D: integer operation result is out of range
compiling i2c_lpc17xx.c...
compiling init.c...
USER\init.c(9): warning:  #61-D: integer operation result is out of range
USER\init.c(12): warning:  #61-D: integer operation result is out of range
compiling PWM.c...
compiling TouchPanel.c...
compiling uart.c...
compiling DS1621.c...
USER\DS1621.h(5): warning:  #1295-D: Deprecated declaration leer_DS1621 - give arg types
USER\DS1621.h(7): warning:  #1-D: last line of file ends without a newline
USER\DS1621.c(22): warning:  #550-D: variable "f_decimal" was set but never used
compiling Net_Config.c...
assembling startup_LPC17xx.s...
compiling RTX_Conf_CM.c...
compiling EMAC_LPC17xx_100Mb.c...
compiling system_LPC17xx.c...
compiling HzLib.c...
compiling lpc17xx_pinsel.c...
compiling lpc17xx_gpio.c...
compiling lpc17xx_ssp.c...
compiling lpc17xx_libcfg_default.c...
compiling lpc17xx_clkpwr.c...
compiling GLCD.c...
compiling AsciiLib.c...
linking...
Program Size: Code=98492 RO-data=6660 RW-data=32204 ZI-data=25132  
".\Obj\Http_demo.axf" - 0 Errors, 11 Warning(s).
Load "C:\\Users\\Usuario\\Desktop\\Proyecto_web2\\Obj\\Http_demo.axf" 
Set JLink Project File to "C:\Users\Usuario\Desktop\Proyecto_web2\JLinkSettings.ini"
* JLink Info: Device "LPC1768" selected (512 KB flash, 32 KB RAM).
 
JLink info:
------------
DLL: V4.68a, compiled Apr 12 2013 13:26:50
Firmware: J-Link ARM-OB STM32 compiled Aug 22 2012 19:52:04
Hardware: V7.00
Feature(s) : RDI,FlashDL,FlashBP,JFlash,GDBFull 
 
* JLink Info: TotalIRLen = 4, IRPrint = 0x01
* JLink Info: Found Cortex-M3 r2p0, Little endian.
* JLink Info: TPIU fitted.
* JLink Info: ETM fitted.
* JLink Info: FPUnit: 6 code (BP) slots and 2 literal slots
ROMTableAddr = 0xE00FF003
* JLink Info: Found Cortex-M3 r2p0, Little endian.
* JLink Info: TPIU fitted.
* JLink Info: ETM fitted.
* JLink Info: FPUnit: 6 code (BP) slots and 2 literal slots
 
Target info:
------------
Device: LPC1768
VTarget = 3.300V
State of Pins: 
TCK: 1, TDI: 0, TDO: 1, TMS: 0, TRES: 1, TRST: 1
Hardware-Breakpoints: 6
Software-Breakpoints: 8192
Watchpoints:          4
JTAG speed: 4000 kHz
 
Full Chip Erase Done.
Programming Done.
* JLink Info: Found Cortex-M3 r2p0, Little endian.
* JLink Info: TPIU fitted.
* JLink Info: ETM fitted.
* JLink Info: FPUnit: 6 code (BP) slots and 2 literal slots
Application running ...
Rebuild target 'MCB1700'
custom translating Web.inp...
Custom: C:\Keil\ARM\bin\fcarm @Web\Web.inp
FCARM FILE CONVERTER V2.41
Completed 2 File(s), Ratio 92%
compiling Web.c...
compiling HTTP_demo.c...
.\USER\DS1621.h(5): warning:  #1295-D: Deprecated declaration leer_DS1621 - give arg types
.\USER\DS1621.h(7): warning:  #1-D: last line of file ends without a newline
.\USER\DMA.h(15): warning:  #1-D: last line of file ends without a newline
compiling HTTP_CGI.c...
compiling DMA.c...
USER\DMA.h(15): warning:  #1-D: last line of file ends without a newline
USER\DMA.c(50): warning:  #61-D: integer operation result is out of range
USER\DMA.c(79): warning:  #61-D: integer operation result is out of range
compiling i2c_lpc17xx.c...
compiling init.c...
USER\init.c(9): warning:  #61-D: integer operation result is out of range
USER\init.c(12): warning:  #61-D: integer operation result is out of range
compiling PWM.c...
compiling TouchPanel.c...
compiling uart.c...
compiling DS1621.c...
USER\DS1621.h(5): warning:  #1295-D: Deprecated declaration leer_DS1621 - give arg types
USER\DS1621.h(7): warning:  #1-D: last line of file ends without a newline
USER\DS1621.c(22): warning:  #550-D: variable "f_decimal" was set but never used
compiling Net_Config.c...
assembling startup_LPC17xx.s...
compiling RTX_Conf_CM.c...
compiling EMAC_LPC17xx_100Mb.c...
compiling system_LPC17xx.c...
compiling HzLib.c...
compiling lpc17xx_pinsel.c...
compiling lpc17xx_gpio.c...
compiling lpc17xx_ssp.c...
compiling lpc17xx_libcfg_default.c...
compiling lpc17xx_clkpwr.c...
compiling GLCD.c...
compiling AsciiLib.c...
linking...
Program Size: Code=98492 RO-data=6660 RW-data=32204 ZI-data=25132  
".\Obj\Http_demo.axf" - 0 Errors, 11 Warning(s).
Build target 'MCB1700'
custom translating Web.inp...
Custom: C:\Keil\ARM\bin\fcarm @Web\Web.inp
FCARM FILE CONVERTER V2.41
Completed 2 File(s), Ratio 92%
linking...
Program Size: Code=98492 RO-data=6660 RW-data=32204 ZI-data=25132  
".\Obj\Http_demo.axf" - 0 Errors, 0 Warning(s).
Load "C:\\Users\\Usuario\\Desktop\\Proyecto_web2\\Obj\\Http_demo.axf" 
Set JLink Project File to "C:\Users\Usuario\Desktop\Proyecto_web2\JLinkSettings.ini"
* JLink Info: Device "LPC1768" selected (512 KB flash, 32 KB RAM).
 
JLink info:
------------
DLL: V4.68a, compiled Apr 12 2013 13:26:50
Firmware: J-Link ARM-OB STM32 compiled Aug 22 2012 19:52:04
Hardware: V7.00
Feature(s) : RDI,FlashDL,FlashBP,JFlash,GDBFull 
 
* JLink Info: TotalIRLen = 4, IRPrint = 0x01
* JLink Info: Found Cortex-M3 r2p0, Little endian.
* JLink Info: TPIU fitted.
* JLink Info: ETM fitted.
* JLink Info: FPUnit: 6 code (BP) slots and 2 literal slots
ROMTableAddr = 0xE00FF003
* JLink Info: Found Cortex-M3 r2p0, Little endian.
* JLink Info: TPIU fitted.
* JLink Info: ETM fitted.
* JLink Info: FPUnit: 6 code (BP) slots and 2 literal slots
 
Target info:
------------
Device: LPC1768
VTarget = 3.300V
State of Pins: 
TCK: 1, TDI: 0, TDO: 1, TMS: 0, TRES: 1, TRST: 1
Hardware-Breakpoints: 6
Software-Breakpoints: 8192
Watchpoints:          4
JTAG speed: 4000 kHz
 
Full Chip Erase Done.
Programming Done.
* JLink Info: Found Cortex-M3 r2p0, Little endian.
* JLink Info: TPIU fitted.
* JLink Info: ETM fitted.
* JLink Info: FPUnit: 6 code (BP) slots and 2 literal slots
Application running ...
Rebuild target 'MCB1700'
custom translating Web.inp...
Custom: C:\Keil\ARM\bin\fcarm @Web\Web.inp
FCARM FILE CONVERTER V2.41
Completed 2 File(s), Ratio 92%
compiling Web.c...
compiling HTTP_demo.c...
.\USER\DS1621.h(5): warning:  #1295-D: Deprecated declaration leer_DS1621 - give arg types
.\USER\DS1621.h(7): warning:  #1-D: last line of file ends without a newline
.\USER\DMA.h(15): warning:  #1-D: last line of file ends without a newline
compiling HTTP_CGI.c...
compiling DMA.c...
USER\DMA.h(15): warning:  #1-D: last line of file ends without a newline
USER\DMA.c(50): warning:  #61-D: integer operation result is out of range
USER\DMA.c(79): warning:  #61-D: integer operation result is out of range
compiling i2c_lpc17xx.c...
compiling init.c...
USER\init.c(9): warning:  #61-D: integer operation result is out of range
USER\init.c(12): warning:  #61-D: integer operation result is out of range
compiling PWM.c...
compiling TouchPanel.c...
compiling uart.c...
compiling DS1621.c...
USER\DS1621.h(5): warning:  #1295-D: Deprecated declaration leer_DS1621 - give arg types
USER\DS1621.h(7): warning:  #1-D: last line of file ends without a newline
USER\DS1621.c(22): warning:  #550-D: variable "f_decimal" was set but never used
compiling Net_Config.c...
assembling startup_LPC17xx.s...
compiling RTX_Conf_CM.c...
compiling EMAC_LPC17xx_100Mb.c...
compiling system_LPC17xx.c...
compiling HzLib.c...
compiling lpc17xx_pinsel.c...
compiling lpc17xx_gpio.c...
compiling lpc17xx_ssp.c...
compiling lpc17xx_libcfg_default.c...
compiling lpc17xx_clkpwr.c...
compiling GLCD.c...
compiling AsciiLib.c...
linking...
Program Size: Code=98492 RO-data=6660 RW-data=32204 ZI-data=25132  
".\Obj\Http_demo.axf" - 0 Errors, 11 Warning(s).
Load "C:\\Users\\Usuario\\Desktop\\Proyecto_web2\\Obj\\Http_demo.axf" 
Set JLink Project File to "C:\Users\Usuario\Desktop\Proyecto_web2\JLinkSettings.ini"
* JLink Info: Device "LPC1768" selected (512 KB flash, 32 KB RAM).
 
JLink info:
------------
DLL: V4.68a, compiled Apr 12 2013 13:26:50
Firmware: J-Link ARM-OB STM32 compiled Aug 22 2012 19:52:04
Hardware: V7.00
Feature(s) : RDI,FlashDL,FlashBP,JFlash,GDBFull 
 
* JLink Info: TotalIRLen = 4, IRPrint = 0x01
* JLink Info: Found Cortex-M3 r2p0, Little endian.
* JLink Info: TPIU fitted.
* JLink Info: ETM fitted.
* JLink Info: FPUnit: 6 code (BP) slots and 2 literal slots
ROMTableAddr = 0xE00FF003
* JLink Info: Found Cortex-M3 r2p0, Little endian.
* JLink Info: TPIU fitted.
* JLink Info: ETM fitted.
* JLink Info: FPUnit: 6 code (BP) slots and 2 literal slots
 
Target info:
------------
Device: LPC1768
VTarget = 3.300V
State of Pins: 
TCK: 1, TDI: 0, TDO: 1, TMS: 0, TRES: 1, TRST: 1
Hardware-Breakpoints: 6
Software-Breakpoints: 8192
Watchpoints:          4
JTAG speed: 4000 kHz
 
Full Chip Erase Done.
Programming Done.
* JLink Info: Found Cortex-M3 r2p0, Little endian.
* JLink Info: TPIU fitted.
* JLink Info: ETM fitted.
* JLink Info: FPUnit: 6 code (BP) slots and 2 literal slots
Application running ...
Build target 'MCB1700'
custom translating Web.inp...
Custom: C:\Keil\ARM\bin\fcarm @Web\Web.inp
FCARM FILE CONVERTER V2.41
Completed 2 File(s), Ratio 92%
linking...
Program Size: Code=98492 RO-data=6660 RW-data=32204 ZI-data=25132  
".\Obj\Http_demo.axf" - 0 Errors, 0 Warning(s).
Load "C:\\Users\\Usuario\\Desktop\\Proyecto_web2\\Obj\\Http_demo.axf" 
Set JLink Project File to "C:\Users\Usuario\Desktop\Proyecto_web2\JLinkSettings.ini"
* JLink Info: Device "LPC1768" selected (512 KB flash, 32 KB RAM).
 
JLink info:
------------
DLL: V4.68a, compiled Apr 12 2013 13:26:50
Firmware: J-Link ARM-OB STM32 compiled Aug 22 2012 19:52:04
Hardware: V7.00
Feature(s) : RDI,FlashDL,FlashBP,JFlash,GDBFull 
 
* JLink Info: TotalIRLen = 4, IRPrint = 0x01
* JLink Info: Found Cortex-M3 r2p0, Little endian.
* JLink Info: TPIU fitted.
* JLink Info: ETM fitted.
* JLink Info: FPUnit: 6 code (BP) slots and 2 literal slots
ROMTableAddr = 0xE00FF003
* JLink Info: Found Cortex-M3 r2p0, Little endian.
* JLink Info: TPIU fitted.
* JLink Info: ETM fitted.
* JLink Info: FPUnit: 6 code (BP) slots and 2 literal slots
 
Target info:
------------
Device: LPC1768
VTarget = 3.300V
State of Pins: 
TCK: 1, TDI: 0, TDO: 1, TMS: 0, TRES: 1, TRST: 1
Hardware-Breakpoints: 6
Software-Breakpoints: 8192
Watchpoints:          4
JTAG speed: 4000 kHz
 
Full Chip Erase Done.
Programming Done.
* JLink Info: Found Cortex-M3 r2p0, Little endian.
* JLink Info: TPIU fitted.
* JLink Info: ETM fitted.
* JLink Info: FPUnit: 6 code (BP) slots and 2 literal slots
Application running ...
Build target 'MCB1700'
custom translating Web.inp...
Custom: C:\Keil\ARM\bin\fcarm @Web\Web.inp
FCARM FILE CONVERTER V2.41
Completed 2 File(s), Ratio 92%
compiling Web.c...
linking...
Program Size: Code=98492 RO-data=6656 RW-data=32204 ZI-data=25132  
".\Obj\Http_demo.axf" - 0 Errors, 0 Warning(s).
Load "C:\\Users\\Usuario\\Desktop\\Proyecto_web2\\Obj\\Http_demo.axf" 
Set JLink Project File to "C:\Users\Usuario\Desktop\Proyecto_web2\JLinkSettings.ini"
* JLink Info: Device "LPC1768" selected (512 KB flash, 32 KB RAM).
 
JLink info:
------------
DLL: V4.68a, compiled Apr 12 2013 13:26:50
Firmware: J-Link ARM-OB STM32 compiled Aug 22 2012 19:52:04
Hardware: V7.00
Feature(s) : RDI,FlashDL,FlashBP,JFlash,GDBFull 
 
* JLink Info: TotalIRLen = 4, IRPrint = 0x01
* JLink Info: Found Cortex-M3 r2p0, Little endian.
* JLink Info: TPIU fitted.
* JLink Info: ETM fitted.
* JLink Info: FPUnit: 6 code (BP) slots and 2 literal slots
ROMTableAddr = 0xE00FF003
* JLink Info: Found Cortex-M3 r2p0, Little endian.
* JLink Info: TPIU fitted.
* JLink Info: ETM fitted.
* JLink Info: FPUnit: 6 code (BP) slots and 2 literal slots
 
Target info:
------------
Device: LPC1768
VTarget = 3.300V
State of Pins: 
TCK: 1, TDI: 0, TDO: 1, TMS: 0, TRES: 1, TRST: 1
Hardware-Breakpoints: 6
Software-Breakpoints: 8192
Watchpoints:          4
JTAG speed: 4000 kHz
 
Full Chip Erase Done.
Programming Done.
* JLink Info: Found Cortex-M3 r2p0, Little endian.
* JLink Info: TPIU fitted.
* JLink Info: ETM fitted.
* JLink Info: FPUnit: 6 code (BP) slots and 2 literal slots
Application running ...
Build target 'MCB1700'
custom translating Web.inp...
Custom: C:\Keil\ARM\bin\fcarm @Web\Web.inp
FCARM FILE CONVERTER V2.41
Completed 2 File(s), Ratio 93%
linking...
Program Size: Code=98492 RO-data=6656 RW-data=32204 ZI-data=25132  
".\Obj\Http_demo.axf" - 0 Errors, 0 Warning(s).
Load "C:\\Users\\Usuario\\Desktop\\Proyecto_web2\\Obj\\Http_demo.axf" 
Set JLink Project File to "C:\Users\Usuario\Desktop\Proyecto_web2\JLinkSettings.ini"
* JLink Info: Device "LPC1768" selected (512 KB flash, 32 KB RAM).
 
JLink info:
------------
DLL: V4.68a, compiled Apr 12 2013 13:26:50
Firmware: J-Link ARM-OB STM32 compiled Aug 22 2012 19:52:04
Hardware: V7.00
Feature(s) : RDI,FlashDL,FlashBP,JFlash,GDBFull 
 
* JLink Info: TotalIRLen = 4, IRPrint = 0x01
* JLink Info: Found Cortex-M3 r2p0, Little endian.
* JLink Info: TPIU fitted.
* JLink Info: ETM fitted.
* JLink Info: FPUnit: 6 code (BP) slots and 2 literal slots
ROMTableAddr = 0xE00FF003
* JLink Info: Found Cortex-M3 r2p0, Little endian.
* JLink Info: TPIU fitted.
* JLink Info: ETM fitted.
* JLink Info: FPUnit: 6 code (BP) slots and 2 literal slots
 
Target info:
------------
Device: LPC1768
VTarget = 3.300V
State of Pins: 
TCK: 1, TDI: 0, TDO: 1, TMS: 0, TRES: 1, TRST: 1
Hardware-Breakpoints: 6
Software-Breakpoints: 8192
Watchpoints:          4
JTAG speed: 4000 kHz
 
Full Chip Erase Done.
Programming Done.
* JLink Info: Found Cortex-M3 r2p0, Little endian.
* JLink Info: TPIU fitted.
* JLink Info: ETM fitted.
* JLink Info: FPUnit: 6 code (BP) slots and 2 literal slots
Application running ...
Build target 'MCB1700'
custom translating Web.inp...
Custom: C:\Keil\ARM\bin\fcarm @Web\Web.inp
FCARM FILE CONVERTER V2.41
Completed 2 File(s), Ratio 92%
compiling Web.c...
linking...
Program Size: Code=98492 RO-data=6664 RW-data=32204 ZI-data=25132  
".\Obj\Http_demo.axf" - 0 Errors, 0 Warning(s).
Load "C:\\Users\\Usuario\\Desktop\\Proyecto_web2\\Obj\\Http_demo.axf" 
Set JLink Project File to "C:\Users\Usuario\Desktop\Proyecto_web2\JLinkSettings.ini"
* JLink Info: Device "LPC1768" selected (512 KB flash, 32 KB RAM).
 
JLink info:
------------
DLL: V4.68a, compiled Apr 12 2013 13:26:50
Firmware: J-Link ARM-OB STM32 compiled Aug 22 2012 19:52:04
Hardware: V7.00
Feature(s) : RDI,FlashDL,FlashBP,JFlash,GDBFull 
 
* JLink Info: TotalIRLen = 4, IRPrint = 0x01
* JLink Info: Found Cortex-M3 r2p0, Little endian.
* JLink Info: TPIU fitted.
* JLink Info: ETM fitted.
* JLink Info: FPUnit: 6 code (BP) slots and 2 literal slots
ROMTableAddr = 0xE00FF003
* JLink Info: Found Cortex-M3 r2p0, Little endian.
* JLink Info: TPIU fitted.
* JLink Info: ETM fitted.
* JLink Info: FPUnit: 6 code (BP) slots and 2 literal slots
 
Target info:
------------
Device: LPC1768
VTarget = 3.300V
State of Pins: 
TCK: 1, TDI: 0, TDO: 1, TMS: 0, TRES: 1, TRST: 1
Hardware-Breakpoints: 6
Software-Breakpoints: 8192
Watchpoints:          4
JTAG speed: 4000 kHz
 
Full Chip Erase Done.
Programming Done.
* JLink Info: Found Cortex-M3 r2p0, Little endian.
* JLink Info: TPIU fitted.
* JLink Info: ETM fitted.
* JLink Info: FPUnit: 6 code (BP) slots and 2 literal slots
Application running ...
