<html>
<body>
<pre>
<h1>µVision Build Log</h1>
<h2>Project:</h2>
C:\Users\GalleDoh\Documents\Universidad\Máster\Curso 1\Cuatrimestre 1\Subsistemas Electrónicos\Práctica final\Efectos\tremolo.uvproj
Project File Date:  12/30/2017

<h2>Output:</h2>
Rebuild target 'Target 1'
compiling tremolo.c...
sinusoide.h(71): warning:  #1-D: last line of file ends without a newline
assembling startup_LPC17xx.s...
compiling system_LPC17xx.c...
linking...
Program Size: Code=3480 RO-data=236 RW-data=4016 ZI-data=608  
".\tremolo.axf" - 0 Errors, 1 Warning(s).
Rebuild target 'Target 1'
compiling tremolo.c...
sinusoide.h(71): warning:  #1-D: last line of file ends without a newline
assembling startup_LPC17xx.s...
compiling system_LPC17xx.c...
linking...
Program Size: Code=3480 RO-data=236 RW-data=4016 ZI-data=608  
".\tremolo.axf" - 0 Errors, 1 Warning(s).
Rebuild target 'Target 1'
compiling tremolo.c...
sinusoide.h(71): warning:  #1-D: last line of file ends without a newline
assembling startup_LPC17xx.s...
compiling system_LPC17xx.c...
linking...
Program Size: Code=3480 RO-data=236 RW-data=4016 ZI-data=608  
".\tremolo.axf" - 0 Errors, 1 Warning(s).
Rebuild target 'Target 1'
compiling tremolo.c...
sinusoide.h(71): warning:  #1-D: last line of file ends without a newline
assembling startup_LPC17xx.s...
compiling system_LPC17xx.c...
linking...
Program Size: Code=3480 RO-data=236 RW-data=4016 ZI-data=608  
".\tremolo.axf" - 0 Errors, 1 Warning(s).
