<html>
<body>
<pre>
<h1>µVision Build Log</h1>
<h2>Project:</h2>
C:\Users\GalleDoh\Documents\Subsistemas-SEDA\Subsis\Efectos\Delay\Delay.uvproj
Project File Date:  01/04/2018

<h2>Output:</h2>
Build target 'Target 1'
compiling Delay.c...
linking...
.\Delay.axf: Error: L6406E: No space in execution regions with .ANY selector matching delay.o(.bss).
.\Delay.axf: Error: L6407E: Sections of aggregate size 0xfa00 bytes could not fit into .ANY selector(s).
".\Delay.axf" - 2 Errors, 0 Warning(s).
Target not created
Build target 'Target 1'
compiling Delay.c...
linking...
.\Delay.axf: Error: L6406E: No space in execution regions with .ANY selector matching delay.o(.bss).
.\Delay.axf: Error: L6407E: Sections of aggregate size 0x9c40 bytes could not fit into .ANY selector(s).
".\Delay.axf" - 2 Errors, 0 Warning(s).
Target not created
Build target 'Target 1'
compiling Delay.c...
linking...
Program Size: Code=1772 RO-data=252 RW-data=8 ZI-data=32608  
".\Delay.axf" - 0 Errors, 0 Warning(s).
Rebuild target 'Target 1'
assembling startup_LPC17xx.s...
compiling system_LPC17xx.c...
compiling Delay.c...
linking...
Program Size: Code=1772 RO-data=252 RW-data=8 ZI-data=32608  
".\Delay.axf" - 0 Errors, 0 Warning(s).
Build target 'Target 1'
compiling Delay.c...
linking...
.\Delay.axf: Error: L6406E: No space in execution regions with .ANY selector matching delay.o(.bss).
.\Delay.axf: Error: L6407E: Sections of aggregate size 0x8ca0 bytes could not fit into .ANY selector(s).
".\Delay.axf" - 2 Errors, 0 Warning(s).
Target not created
Build target 'Target 1'
compiling Delay.c...
linking...
Program Size: Code=1772 RO-data=252 RW-data=8 ZI-data=32608  
".\Delay.axf" - 0 Errors, 0 Warning(s).
Rebuild target 'Target 1'
assembling startup_LPC17xx.s...
compiling system_LPC17xx.c...
compiling Delay.c...
linking...
.\Delay.axf: Error: L6406E: No space in execution regions with .ANY selector matching delay.o(.bss).
.\Delay.axf: Error: L6407E: Sections of aggregate size 0x9c40 bytes could not fit into .ANY selector(s).
".\Delay.axf" - 2 Errors, 0 Warning(s).
Target not created
Rebuild target 'Target 1'
assembling startup_LPC17xx.s...
compiling system_LPC17xx.c...
compiling Delay.c...
linking...
Program Size: Code=1776 RO-data=252 RW-data=8 ZI-data=41312  
".\Delay.axf" - 0 Errors, 0 Warning(s).
Rebuild target 'Target 1'
assembling startup_LPC17xx.s...
compiling system_LPC17xx.c...
compiling Delay.c...
linking...
Program Size: Code=1776 RO-data=252 RW-data=8 ZI-data=33632  
".\Delay.axf" - 0 Errors, 0 Warning(s).
Rebuild target 'Target 1'
assembling startup_LPC17xx.s...
compiling system_LPC17xx.c...
compiling Delay.c...
linking...
.\Delay.axf: Error: L6406E: No space in execution regions with .ANY selector matching delay.o(.bss).
.\Delay.axf: Error: L6407E: Sections of aggregate size 0x9c40 bytes could not fit into .ANY selector(s).
".\Delay.axf" - 2 Errors, 0 Warning(s).
Target not created
Rebuild target 'Target 1'
assembling startup_LPC17xx.s...
compiling system_LPC17xx.c...
compiling Delay.c...
linking...
Program Size: Code=1772 RO-data=252 RW-data=8 ZI-data=32608  
".\Delay.axf" - 0 Errors, 0 Warning(s).
Rebuild target 'Target 1'
assembling startup_LPC17xx.s...
compiling system_LPC17xx.c...
compiling Delay.c...
linking...
.\Delay.axf: Error: L6406E: No space in execution regions with .ANY selector matching delay.o(.bss).
.\Delay.axf: Error: L6407E: Sections of aggregate size 0x80e8 bytes could not fit into .ANY selector(s).
".\Delay.axf" - 2 Errors, 0 Warning(s).
Target not created
Rebuild target 'Target 1'
assembling startup_LPC17xx.s...
compiling system_LPC17xx.c...
compiling Delay.c...
linking...
Program Size: Code=1772 RO-data=252 RW-data=8 ZI-data=33008  
".\Delay.axf" - 0 Errors, 0 Warning(s).
Build target 'Target 1'
compiling Delay.c...
linking...
Program Size: Code=1772 RO-data=252 RW-data=8 ZI-data=33208  
".\Delay.axf" - 0 Errors, 0 Warning(s).
Build target 'Target 1'
compiling Delay.c...
linking...
.\Delay.axf: Error: L6406E: No space in execution regions with .ANY selector matching delay.o(.bss).
.\Delay.axf: Error: L6407E: Sections of aggregate size 0x8020 bytes could not fit into .ANY selector(s).
".\Delay.axf" - 2 Errors, 0 Warning(s).
Target not created
Build target 'Target 1'
compiling Delay.c...
linking...
Program Size: Code=1772 RO-data=252 RW-data=8 ZI-data=33308  
".\Delay.axf" - 0 Errors, 0 Warning(s).
Build target 'Target 1'
compiling Delay.c...
linking...
Program Size: Code=1772 RO-data=252 RW-data=8 ZI-data=33368  
".\Delay.axf" - 0 Errors, 0 Warning(s).
Build target 'Target 1'
compiling Delay.c...
linking...
.\Delay.axf: Error: L6406E: No space in execution regions with .ANY selector matching delay.o(.bss).
.\Delay.axf: Error: L6407E: Sections of aggregate size 0x800c bytes could not fit into .ANY selector(s).
".\Delay.axf" - 2 Errors, 0 Warning(s).
Target not created
Build target 'Target 1'
compiling Delay.c...
linking...
Program Size: Code=1772 RO-data=252 RW-data=8 ZI-data=33368  
".\Delay.axf" - 0 Errors, 0 Warning(s).
Build target 'Target 1'
compiling Delay.c...
linking...
.\Delay.axf: Error: L6406E: No space in execution regions with .ANY selector matching delay.o(.bss).
.\Delay.axf: Error: L6407E: Sections of aggregate size 0x8004 bytes could not fit into .ANY selector(s).
".\Delay.axf" - 2 Errors, 0 Warning(s).
Target not created
Build target 'Target 1'
compiling Delay.c...
linking...
Program Size: Code=1772 RO-data=252 RW-data=8 ZI-data=33376  
".\Delay.axf" - 0 Errors, 0 Warning(s).
Build target 'Target 1'
compiling Delay.c...
linking...
Program Size: Code=1772 RO-data=252 RW-data=8 ZI-data=33376  
".\Delay.axf" - 0 Errors, 0 Warning(s).
