ARM Linker, 5.03 [Build 76] [MDK-ARM Professional]

==============================================================================

Section Cross References

    http_demo.o(.text) refers to glcd.o(.text) for LCD_Initializtion
    http_demo.o(.text) refers to init.o(.text) for init_GPIO
    http_demo.o(.text) refers to pwm.o(.text) for init_PWM
    http_demo.o(.text) refers to ds1621.o(.text) for config_DS1621
    http_demo.o(.text) refers to at_system.o(i.init_TcpNet) for init_TcpNet
    http_demo.o(.text) refers to at_system.o(i.timer_tick) for timer_tick
    http_demo.o(.text) refers to f2d.o(.text) for __aeabi_f2d
    http_demo.o(.text) refers to printfa.o(i.__0sprintf) for __2sprintf
    http_demo.o(.text) refers to at_lib.o(i.mem_test) for mem_test
    http_demo.o(.text) refers to net_config.o(.text) for dhcp_disable
    http_demo.o(.text) refers to dma.o(.text) for rec_ADC
    http_demo.o(.text) refers to dfltui.o(.text) for __aeabi_ui2d
    http_demo.o(.text) refers to dmul.o(.text) for __aeabi_dmul
    http_demo.o(.text) refers to ddiv.o(.text) for __aeabi_ddiv
    http_demo.o(.text) refers to d2f.o(.text) for __aeabi_d2f
    http_demo.o(.text) refers to system_lpc17xx.o(.data) for SystemCoreClock
    http_demo.o(.text) refers to http_demo.o(.data) for tick
    http_demo.o(.text) refers to http_cgi.o(.data) for umbral_temp
    http_demo.o(.text) refers to at_system.o(.bss) for localm
    http_demo.o(.text) refers to dadd.o(.text) for __aeabi_dsub
    http_demo.o(.text) refers to bmp180.o(.text) for read_uncompensated_temp
    http_demo.o(.text) refers to uart.o(.text) for tx_cadena_UART0
    http_demo.o(.text) refers to at_system.o(i.main_TcpNet) for main_TcpNet
    http_demo.o(.text) refers to fflti.o(.text) for __aeabi_i2f
    http_demo.o(.text) refers to cfcmple.o(.text) for __aeabi_cfcmple
    http_demo.o(.text) refers to fadd.o(.text) for __aeabi_fadd
    http_demo.o(.text) refers to uart.o(.data) for tx_completa
    http_demo.o(.text) refers to http_demo.o(.constdata) for .constdata
    http_demo.o(.text) refers to http_demo.o(.bss) for buff_env
    http_cgi.o(.text) refers to _scanf_int.o(.text) for _scanf_int
    http_cgi.o(.text) refers to at_mem.o(i.alloc_mem) for alloc_mem
    http_cgi.o(.text) refers to at_http.o(i.http_get_var) for http_get_var
    http_cgi.o(.text) refers to at_lib.o(i.str_scomp) for str_scomp
    http_cgi.o(.text) refers to __0sscanf.o(.text) for __0sscanf
    http_cgi.o(.text) refers to at_mem.o(i.free_mem) for free_mem
    http_cgi.o(.text) refers to f2d.o(.text) for __aeabi_f2d
    http_cgi.o(.text) refers to printfa.o(i.__0sprintf) for __2sprintf
    http_cgi.o(.text) refers to http_cgi.o(.data) for umbral_temp
    http_cgi.o(.text) refers to http_demo.o(.data) for temp_LM35
    dma.o(.text) refers to init.o(.text) for init_ADC_sensores
    dma.o(.text) refers to dma.o(.data) for muestras
    pwm.o(.text) refers to ffltui.o(.text) for __aeabi_ui2f
    pwm.o(.text) refers to fmul.o(.text) for __aeabi_fmul
    pwm.o(.text) refers to fdiv.o(.text) for __aeabi_fdiv
    pwm.o(.text) refers to ffixui.o(.text) for __aeabi_f2uiz
    touchpanel.o(.text) refers to lpc17xx_pinsel.o(.text) for PINSEL_ConfigPin
    touchpanel.o(.text) refers to lpc17xx_gpio.o(.text) for GPIO_SetDir
    touchpanel.o(.text) refers to lpc17xx_ssp.o(.text) for SSP_ConfigStructInit
    touchpanel.o(.text) refers to glcd.o(.text) for LCD_SetPoint
    touchpanel.o(.text) refers to memseta.o(.text) for __aeabi_memclr4
    touchpanel.o(.text) refers to touchpanel.o(.data) for screen
    touchpanel.o(.text) refers to dflti.o(.text) for __aeabi_i2d
    touchpanel.o(.text) refers to cdcmple.o(.text) for __aeabi_cdcmpeq
    touchpanel.o(.text) refers to dfltui.o(.text) for __aeabi_ui2d
    touchpanel.o(.text) refers to dmul.o(.text) for __aeabi_dmul
    touchpanel.o(.text) refers to dadd.o(.text) for __aeabi_dadd
    touchpanel.o(.text) refers to ddiv.o(.text) for __aeabi_ddiv
    touchpanel.o(.text) refers to dfixui.o(.text) for __aeabi_d2uiz
    touchpanel.o(.text) refers to touchpanel.o(.bss) for ScreenSample
    uart.o(.text) refers to uart.o(.data) for ptr_rx
    uart.o(.text) refers to uart.o(.bss) for buffer
    uart.o(.text) refers to system_lpc17xx.o(.data) for SystemCoreClock
    ds1621.o(.text) refers to i2c_lpc17xx.o(.text) for I2CSendAddr
    ds1621.o(.text) refers to fflti.o(.text) for __aeabi_i2f
    ds1621.o(.text) refers to cfrcmple.o(.text) for __aeabi_cfrcmple
    ds1621.o(.text) refers to f2d.o(.text) for __aeabi_f2d
    ds1621.o(.text) refers to dadd.o(.text) for __aeabi_dadd
    ds1621.o(.text) refers to d2f.o(.text) for __aeabi_d2f
    bmp180.o(.text) refers to i2c_lpc17xx.o(.text) for I2CSendStop
    bmp180.o(.text) refers to bmp180.o(.data) for ID_BMP
    bmp180.o(.text) refers to fflti.o(.text) for __aeabi_i2f
    bmp180.o(.text) refers to f2d.o(.text) for __aeabi_f2d
    bmp180.o(.text) refers to dmul.o(.text) for __aeabi_dmul
[...]
    i.http_add_header                        0x00015f44   Section        0  at_http.o(i.http_add_header)
    http_add_header                          0x00015f45   Thumb Code   226  at_http.o(i.http_add_header)
    i.http_check_account                     0x00016200   Section        0  at_http.o(i.http_check_account)
    i.http_error_msg                         0x00016204   Section        0  at_http.o(i.http_error_msg)
    http_error_msg                           0x00016205   Thumb Code   162  at_http.o(i.http_error_msg)
    i.http_fclose                            0x0001638c   Section        0  at_http_uif.o(i.http_fclose)
    i.http_fgets                             0x0001638e   Section        0  at_http_uif.o(i.http_fgets)
    i.http_file_access                       0x00016392   Section        0  at_http.o(i.http_file_access)
    i.http_finfo                             0x00016396   Section        0  at_http_uif.o(i.http_finfo)
    i.http_fopen                             0x0001639a   Section        0  at_http_uif.o(i.http_fopen)
    i.http_fread                             0x0001639e   Section        0  at_http_uif.o(i.http_fread)
    i.http_get_var                           0x000163a4   Section        0  at_http.o(i.http_get_var)
    i.http_init                              0x00016410   Section        0  at_http.o(i.http_init)
    i.http_kill_session                      0x00016460   Section        0  at_http.o(i.http_kill_session)
    http_kill_session                        0x00016461   Thumb Code    94  at_http.o(i.http_kill_session)
    i.http_listener                          0x000164c0   Section        0  at_http.o(i.http_listener)
    http_listener                            0x000164c1   Thumb Code   514  at_http.o(i.http_listener)
    i.http_open_file                         0x000166e4   Section        0  at_http.o(i.http_open_file)
    http_open_file                           0x000166e5   Thumb Code   254  at_http.o(i.http_open_file)
    i.http_proc_header                       0x00016804   Section        0  at_http.o(i.http_proc_header)
    http_proc_header                         0x00016805   Thumb Code   266  at_http.o(i.http_proc_header)
    i.http_proc_multipart                    0x00016958   Section        0  at_http.o(i.http_proc_multipart)
    http_proc_multipart                      0x00016959   Thumb Code   338  at_http.o(i.http_proc_multipart)
    i.http_proc_post                         0x00016ad4   Section        0  at_http.o(i.http_proc_post)
    http_proc_post                           0x00016ad5   Thumb Code   240  at_http.o(i.http_proc_post)
    i.http_run_server                        0x00016bcc   Section        0  at_http.o(i.http_run_server)
    i.http_strcpy                            0x00016f08   Section        0  at_http.o(i.http_strcpy)
    http_strcpy                              0x00016f09   Thumb Code    30  at_http.o(i.http_strcpy)
    i.http_to_utc                            0x00016f28   Section        0  at_http.o(i.http_to_utc)
    http_to_utc                              0x00016f29   Thumb Code   162  at_http.o(i.http_to_utc)
    i.icmp_init                              0x00016fd0   Section        0  at_icmp.o(i.icmp_init)
    i.icmp_process                           0x00016fe0   Section        0  at_icmp.o(i.icmp_process)
    i.icmp_run_engine                        0x000170ac   Section        0  at_icmp.o(i.icmp_run_engine)
    i.icmp_send_message                      0x000170f4   Section        0  at_icmp.o(i.icmp_send_message)
    icmp_send_message                        0x000170f5   Thumb Code   108  at_icmp.o(i.icmp_send_message)
    i.ifree_mem                              0x00017164   Section        0  at_mem.o(i.ifree_mem)
    i.init_TcpNet                            0x0001719c   Section        0  at_system.o(i.init_TcpNet)
    i.init_mem                               0x000171cc   Section        0  at_mem.o(i.init_mem)
    i.ip_chk_frame                           0x0001722c   Section        0  at_ip.o(i.ip_chk_frame)
    i.ip_get_chksum                          0x000172f4   Section        0  at_ip.o(i.ip_get_chksum)
    ip_get_chksum                            0x000172f5   Thumb Code    10  at_ip.o(i.ip_get_chksum)
    i.ip_get_locadr                          0x00017300   Section        0  at_ip.o(i.ip_get_locadr)
    i.ip_init                                0x000173b8   Section        0  at_ip.o(i.ip_init)
    i.ip_run_local                           0x000173c4   Section        0  at_ip.o(i.ip_run_local)
    i.ip_send_frame                          0x00017420   Section        0  at_ip.o(i.ip_send_frame)
    i.is_subnet                              0x00017570   Section        0  at_lib.o(i.is_subnet)
    i.main_TcpNet                            0x00017584   Section        0  at_system.o(i.main_TcpNet)
    i.mem_comp                               0x000175e8   Section        0  at_lib.o(i.mem_comp)
    i.mem_copy                               0x00017600   Section        0  at_lib.o(i.mem_copy)
    i.mem_crc32                              0x00017616   Section        0  at_lib.o(i.mem_crc32)
    i.mem_set                                0x00017636   Section        0  at_lib.o(i.mem_set)
    i.mem_test                               0x00017640   Section        0  at_lib.o(i.mem_test)
    i.nrd_u32be                              0x00017654   Section        0  at_lib.o(i.nrd_u32be)
    i.nwr_u32be                              0x0001766a   Section        0  at_lib.o(i.nwr_u32be)
    i.pow                                    0x0001767c   Section        0  pow.o(i.pow)
    i.proc_req_line                          0x0001805c   Section        0  at_http.o(i.proc_req_line)
    proc_req_line                            0x0001805d   Thumb Code    36  at_http.o(i.proc_req_line)
    i.put_in_queue                           0x00018084   Section        0  at_ethernet.o(i.put_in_queue)
    i.read_script_line                       0x000180ac   Section        0  at_http.o(i.read_script_line)
    read_script_line                         0x000180ad   Thumb Code   160  at_http.o(i.read_script_line)
    i.resize_mem                             0x0001814c   Section        0  at_mem.o(i.resize_mem)
    i.search_delim                           0x00018194   Section        0  at_http.o(i.search_delim)
    search_delim                             0x00018195   Thumb Code    76  at_http.o(i.search_delim)
    i.sqrt                                   0x000181e0   Section        0  sqrt.o(i.sqrt)
    i.str_copy                               0x0001822c   Section        0  at_lib.o(i.str_copy)
    i.str_crc32                              0x0001823e   Section        0  at_lib.o(i.str_crc32)
    i.str_pos                                0x00018258   Section        0  at_lib.o(i.str_pos)
    i.str_scomp                              0x0001826e   Section        0  at_lib.o(i.str_scomp)
    i.tcp_abort                              0x00018288   Section        0  at_tcp.o(i.tcp_abort)
    i.tcp_close                              0x000182d8   Section        0  at_tcp.o(i.tcp_close)
    i.tcp_get_buf                            0x00018374   Section        0  at_tcp.o(i.tcp_get_buf)
    i.tcp_get_socket                         0x00018394   Section        0  at_tcp.o(i.tcp_get_socket)
    i.tcp_get_state                          0x000183e0   Section        0  at_tcp.o(i.tcp_get_state)
    i.tcp_init                               0x00018404   Section        0  at_tcp.o(i.tcp_init)
    i.tcp_listen                             0x0001841c   Section        0  at_tcp.o(i.tcp_listen)
    i.tcp_map_socket                         0x00018488   Section        0  at_tcp.o(i.tcp_map_socket)
    tcp_map_socket                           0x00018489   Thumb Code   146  at_tcp.o(i.tcp_map_socket)
    i.tcp_max_dsize                          0x00018520   Section        0  at_tcp.o(i.tcp_max_dsize)
    i.tcp_parse_opt                          0x00018544   Section        0  at_tcp.o(i.tcp_parse_opt)
    tcp_parse_opt                            0x00018545   Thumb Code    94  at_tcp.o(i.tcp_parse_opt)
    i.tcp_poll_sockets                       0x000185a4   Section        0  at_tcp.o(i.tcp_poll_sockets)
    i.tcp_proc_acknr                         0x00018828   Section        0  at_tcp.o(i.tcp_proc_acknr)
    tcp_proc_acknr                           0x00018829   Thumb Code   194  at_tcp.o(i.tcp_proc_acknr)
    i.tcp_proc_dupack                        0x000188f0   Section        0  at_tcp.o(i.tcp_proc_dupack)
    tcp_proc_dupack                          0x000188f1   Thumb Code    82  at_tcp.o(i.tcp_proc_dupack)
    i.tcp_process                            0x00018944   Section        0  at_tcp.o(i.tcp_process)
    i.tcp_que_free                           0x00018ddc   Section        0  at_tcp.o(i.tcp_que_free)
    tcp_que_free                             0x00018ddd   Thumb Code    26  at_tcp.o(i.tcp_que_free)
    i.tcp_que_init                           0x00018df6   Section        0  at_tcp.o(i.tcp_que_init)
    tcp_que_init                             0x00018df7   Thumb Code    26  at_tcp.o(i.tcp_que_init)
    i.tcp_que_resend                         0x00018e10   Section        0  at_tcp.o(i.tcp_que_resend)
    tcp_que_resend                           0x00018e11   Thumb Code   142  at_tcp.o(i.tcp_que_resend)
    i.tcp_send                               0x00018ea4   Section        0  at_tcp.o(i.tcp_send)
    i.tcp_send_ctrl                          0x00018f78   Section        0  at_tcp.o(i.tcp_send_ctrl)
    tcp_send_ctrl                            0x00018f79   Thumb Code   106  at_tcp.o(i.tcp_send_ctrl)
    i.tcp_send_data                          0x00018fe2   Section        0  at_tcp.o(i.tcp_send_data)
    tcp_send_data                            0x00018fe3   Thumb Code    80  at_tcp.o(i.tcp_send_data)
    i.tcp_send_reset                         0x00019032   Section        0  at_tcp.o(i.tcp_send_reset)
    tcp_send_reset                           0x00019033   Thumb Code   104  at_tcp.o(i.tcp_send_reset)
    i.tcp_set_cwnd                           0x0001909a   Section        0  at_tcp.o(i.tcp_set_cwnd)
    tcp_set_cwnd                             0x0001909b   Thumb Code    38  at_tcp.o(i.tcp_set_cwnd)
    i.tcp_transit                            0x000190c0   Section        0  at_tcp.o(i.tcp_transit)
    tcp_transit                              0x000190c1   Thumb Code   100  at_tcp.o(i.tcp_transit)
    i.tcp_write                              0x00019128   Section        0  at_tcp.o(i.tcp_write)
    tcp_write                                0x00019129   Thumb Code   190  at_tcp.o(i.tcp_write)
    i.timer_tick                             0x000191ec   Section        0  at_system.o(i.timer_tick)
    i.udp_init                               0x00019200   Section        0  at_udp.o(i.udp_init)
    i.udp_process                            0x00019218   Section        0  at_udp.o(i.udp_process)
    i.utc_to_http                            0x000192d0   Section        0  at_http.o(i.utc_to_http)
    utc_to_http                              0x000192d1   Thumb Code   180  at_http.o(i.utc_to_http)
    .constdata                               0x000193b0   Section     3912  web.o(.constdata)
    Web                                      0x000193b4   Data        3881  web.o(.constdata)
    .constdata                               0x0001a2f8   Section       72  http_demo.o(.constdata)
    .constdata                               0x0001a340   Section      144  net_config.o(.constdata)
    .constdata                               0x0001a3d0   Section       40  rtx_conf_cm.o(.constdata)
    __tagsym$$used                           0x0001a3e4   Number         0  rtx_conf_cm.o(.constdata)
    __tagsym$$used                           0x0001a3e8   Number         0  rtx_conf_cm.o(.constdata)
    .constdata                               0x0001a3f8   Section     1520  asciilib.o(.constdata)
    AsciiLib                                 0x0001a3f8   Data        1520  asciilib.o(.constdata)
    .constdata                               0x0001a9e8   Section        6  at_arp.o(.constdata)
    NullAdr                                  0x0001a9e8   Data           6  at_arp.o(.constdata)
    .constdata                               0x0001a9ee   Section        8  at_ip.o(.constdata)
    IP_Localhost                             0x0001a9f2   Data           4  at_ip.o(.constdata)
    .constdata                               0x0001a9f6   Section      244  at_http.o(.constdata)
    DYear                                    0x0001a9f6   Data           6  at_http.o(.constdata)
    Month                                    0x0001a9fc   Data          48  at_http.o(.constdata)
    WkDay                                    0x0001aa2c   Data          28  at_http.o(.constdata)
    DMonth                                   0x0001aa48   Data          24  at_http.o(.constdata)
    ftype                                    0x0001aa60   Data         138  at_http.o(.constdata)
    .constdata                               0x0001aaea   Section        6  at_ethernet.o(.constdata)
    .constdata                               0x0001aaf0   Section       86  http_err.o(.constdata)
    .constdata                               0x0001ab46   Section       81  http_err.o(.constdata)
    .constdata                               0x0001ab97   Section       78  http_err.o(.constdata)
    .constdata                               0x0001abe5   Section       75  http_err.o(.constdata)
    .constdata                               0x0001ac30   Section       47  http_err.o(.constdata)
    .constdata                               0x0001ac5f   Section      136  http_err.o(.constdata)
    .constdata                               0x0001ace8   Section      136  pow.o(.constdata)
    bp                                       0x0001ace8   Data          16  pow.o(.constdata)
    dp_h                                     0x0001acf8   Data          16  pow.o(.constdata)
    dp_l                                     0x0001ad08   Data          16  pow.o(.constdata)
    L                                        0x0001ad18   Data          48  pow.o(.constdata)
    P                                        0x0001ad48   Data          40  pow.o(.constdata)
    .constdata                               0x0001ad70   Section        8  qnan.o(.constdata)
    .constdata                               0x0001ad78   Section      129  ctype_o.o(.constdata)
    .constdata                               0x0001adfc   Section        4  ctype_o.o(.constdata)
    table                                    0x0001adfc   Data           4  ctype_o.o(.constdata)
    .conststring                             0x0001ae00   Section       26  net_config.o(.conststring)
    .data                                    0x10000000   Section      164  http_demo.o(.data)
    contador_uart                            0x10000040   Data           4  http_demo.o(.data)
    contador_disp                            0x10000044   Data           4  http_demo.o(.data)
    AC1                                      0x10000048   Data           2  http_demo.o(.data)
    AC2                                      0x1000004a   Data           2  http_demo.o(.data)
    AC3                                      0x1000004c   Data           2  http_demo.o(.data)
    B1                                       0x1000004e   Data           2  http_demo.o(.data)
    B2                                       0x10000050   Data           2  http_demo.o(.data)
    MB                                       0x10000052   Data           2  http_demo.o(.data)
    MC                                       0x10000054   Data           2  http_demo.o(.data)
    MD                                       0x10000056   Data           2  http_demo.o(.data)
    AC4                                      0x10000058   Data           2  http_demo.o(.data)
    AC5                                      0x1000005a   Data           2  http_demo.o(.data)
    AC6                                      0x1000005c   Data           2  http_demo.o(.data)
    UT                                       0x10000060   Data           4  http_demo.o(.data)
    UP                                       0x10000064   Data           4  http_demo.o(.data)
    X1                                       0x10000068   Data           4  http_demo.o(.data)
    X2                                       0x1000006c   Data           4  http_demo.o(.data)
    X3                                       0x10000070   Data           4  http_demo.o(.data)
    B3                                       0x10000074   Data           4  http_demo.o(.data)
    B5                                       0x10000078   Data           4  http_demo.o(.data)
    B6                                       0x1000007c   Data           4  http_demo.o(.data)
    B4                                       0x10000080   Data           4  http_demo.o(.data)
    B7                                       0x10000084   Data           4  http_demo.o(.data)
    t_bmp                                    0x10000088   Data           4  http_demo.o(.data)
    p_bmp                                    0x1000008c   Data           4  http_demo.o(.data)
    ID_BMP                                   0x10000090   Data           1  http_demo.o(.data)
    .data                                    0x100000a4   Section        4  http_cgi.o(.data)
    .data                                    0x100000a8   Section    16008  dma.o(.data)
    .data                                    0x10003f30   Section       13  uart.o(.data)
    .data                                    0x10003f40   Section       73  bmp180.o(.data)
    AC1                                      0x10003f40   Data           2  bmp180.o(.data)
    AC2                                      0x10003f42   Data           2  bmp180.o(.data)
    AC3                                      0x10003f44   Data           2  bmp180.o(.data)
    B1                                       0x10003f46   Data           2  bmp180.o(.data)
    B2                                       0x10003f48   Data           2  bmp180.o(.data)
    MB                                       0x10003f4a   Data           2  bmp180.o(.data)
    MC                                       0x10003f4c   Data           2  bmp180.o(.data)
    MD                                       0x10003f4e   Data           2  bmp180.o(.data)
    AC4                                      0x10003f50   Data           2  bmp180.o(.data)
    AC5                                      0x10003f52   Data           2  bmp180.o(.data)
    AC6                                      0x10003f54   Data           2  bmp180.o(.data)
    UT                                       0x10003f58   Data           4  bmp180.o(.data)
    UP                                       0x10003f5c   Data           4  bmp180.o(.data)
    X1                                       0x10003f60   Data           4  bmp180.o(.data)
    X2                                       0x10003f64   Data           4  bmp180.o(.data)
    X3                                       0x10003f68   Data           4  bmp180.o(.data)
    B3                                       0x10003f6c   Data           4  bmp180.o(.data)
    B5                                       0x10003f70   Data           4  bmp180.o(.data)
    B6                                       0x10003f74   Data           4  bmp180.o(.data)
    B4                                       0x10003f78   Data           4  bmp180.o(.data)
    B7                                       0x10003f7c   Data           4  bmp180.o(.data)
    t_bmp                                    0x10003f80   Data           4  bmp180.o(.data)
    p_bmp                                    0x10003f84   Data           4  bmp180.o(.data)
    ID_BMP                                   0x10003f88   Data           1  bmp180.o(.data)
    .data                                    0x10003f89   Section       42  net_config.o(.data)
    http_passw                               0x10003f9f   Data          20  net_config.o(.data)
    .data                                    0x10003fb4   Section        5  emac_lpc17xx_100mb.o(.data)
    dev_175x                                 0x10003fb8   Data           1  emac_lpc17xx_100mb.o(.data)
    .data                                    0x10003fbc   Section        4  system_lpc17xx.o(.data)
    .data                                    0x10003fc0   Section        1  glcd.o(.data)
    LCD_Code                                 0x10003fc0   Data           1  glcd.o(.data)
    .data                                    0x10003fc4   Section        8  at_arp.o(.data)
    entry                                    0x10003fc4   Data           1  at_arp.o(.data)
    probe_ip                                 0x10003fc8   Data           4  at_arp.o(.data)
    .data                                    0x10003fcc   Section       12  at_ip.o(.data)
    ip_id                                    0x10003fcc   Data           2  at_ip.o(.data)
    ip_control                               0x10003fd0   Data           8  at_ip.o(.data)
    .data                                    0x10003fd8   Section        4  at_tcp.o(.data)
    socket                                   0x10003fd8   Data           1  at_tcp.o(.data)
    no_ack                                   0x10003fd9   Data           1  at_tcp.o(.data)
    port                                     0x10003fda   Data           2  at_tcp.o(.data)
    .data                                    0x10003fdc   Section       12  at_http.o(.data)
    session                                  0x10003fdc   Data           1  at_http.o(.data)
    cgi                                      0x10003fe0   Data           8  at_http.o(.data)
    .data                                    0x10003fe8   Section        4  errno.o(.data)
    _errno                                   0x10003fe8   Data           4  errno.o(.data)
    .bss                                     0x10003fec   Section       30  http_demo.o(.bss)
    .bss                                     0x1000400a   Section       30  uart.o(.bss)
    .bss                                     0x10004028   Section       16  at_icmp.o(.bss)
    icmp_control                             0x10004028   Data          16  at_icmp.o(.bss)
    .bss                                     0x10004038   Section      132  at_ethernet.o(.bss)
    eth_control                              0x10004038   Data         132  at_ethernet.o(.bss)
    .bss                                     0x100040bc   Section       16  at_mem.o(.bss)
    mem_control                              0x100040bc   Data          16  at_mem.o(.bss)
    .bss                                     0x100040cc   Section       76  at_system.o(.bss)
    STACK                                    0x10004118   Section     1024  startup_lpc17xx.o(STACK)
    .bss                                     0x2007c000   Section    12952  net_config.o(.bss)
    mem_pool                                 0x2007c000   Data       12000  net_config.o(.bss)
    arp_table                                0x2007eee0   Data         140  net_config.o(.bss)
    udp_scb                                  0x2007ef6c   Data          24  net_config.o(.bss)
    tcp_scb                                  0x2007ef84   Data         476  net_config.o(.bss)
    http_scb                                 0x2007f160   Data         312  net_config.o(.bss)
    .bss                                     0x2007f298   Section    10852  emac_lpc17xx_100mb.o(.bss)
    Rx_Desc                                  0x2007f298   Data          32  emac_lpc17xx_100mb.o(.bss)
    Rx_Stat                                  0x2007f2b8   Data          32  emac_lpc17xx_100mb.o(.bss)
    Tx_Desc                                  0x2007f2d8   Data          24  emac_lpc17xx_100mb.o(.bss)
    Tx_Stat                                  0x2007f2f0   Data          12  emac_lpc17xx_100mb.o(.bss)
    rx_buf                                   0x2007f2fc   Data        6144  emac_lpc17xx_100mb.o(.bss)
    tx_buf                                   0x20080afc   Data        4608  emac_lpc17xx_100mb.o(.bss)

    Global Symbols

    Symbol Name                              Value     Ov Type        Size  Object(Section)

    BuildAttributes$$THM_ISAv4$P$D$K$B$S$PE$A:L22UL41UL21$X:L11$S22US41US21$IEEE1$IW$USESV6$~STKCKD$USESV7$~SHL$OTIME$ROPI$IEEEX$EBA8$MICROLIB$REQ8$PRES8$EABIv2 0x00000000   Number         0  anon$$obj.o ABSOLUTE
    __ARM_use_no_argv                        0x00000000   Number         0  http_demo.o ABSOLUTE
    __Vectors                                0x00000000   Data           4  startup_lpc17xx.o(RESET)
    _printf_a                                0x00000000   Number         0  stubs.o ABSOLUTE
    _printf_c                                0x00000000   Number         0  stubs.o ABSOLUTE
    _printf_charcount                        0x00000000   Number         0  stubs.o ABSOLUTE
    _printf_d                                0x00000000   Number         0  stubs.o ABSOLUTE
    _printf_e                                0x00000000   Number         0  stubs.o ABSOLUTE
    _printf_f                                0x00000000   Number         0  stubs.o ABSOLUTE
    _printf_flags                            0x00000000   Number         0  stubs.o ABSOLUTE
    _printf_fp_dec                           0x00000000   Number         0  stubs.o ABSOLUTE
    _printf_fp_hex                           0x00000000   Number         0  stubs.o ABSOLUTE
    _printf_g                                0x00000000   Number         0  stubs.o ABSOLUTE
    _printf_i                                0x00000000   Number         0  stubs.o ABSOLUTE
    _printf_int_dec                          0x00000000   Number         0  stubs.o ABSOLUTE
    _printf_l                                0x00000000   Number         0  stubs.o ABSOLUTE
    _printf_lc                               0x00000000   Number         0  stubs.o ABSOLUTE
    _printf_ll                               0x00000000   Number         0  stubs.o ABSOLUTE
    _printf_lld                              0x00000000   Number         0  stubs.o ABSOLUTE
    _printf_lli                              0x00000000   Number         0  stubs.o ABSOLUTE
    _printf_llo                              0x00000000   Number         0  stubs.o ABSOLUTE
    _printf_llu                              0x00000000   Number         0  stubs.o ABSOLUTE
    _printf_llx                              0x00000000   Number         0  stubs.o ABSOLUTE
    _printf_longlong_dec                     0x00000000   Number         0  stubs.o ABSOLUTE
    _printf_longlong_hex                     0x00000000   Number         0  stubs.o ABSOLUTE
    _printf_longlong_oct                     0x00000000   Number         0  stubs.o ABSOLUTE
    _printf_ls                               0x00000000   Number         0  stubs.o ABSOLUTE
    _printf_mbtowc                           0x00000000   Number         0  stubs.o ABSOLUTE
    _printf_n                                0x00000000   Number         0  stubs.o ABSOLUTE
    _printf_o                                0x00000000   Number         0  stubs.o ABSOLUTE
    _printf_p                                0x00000000   Number         0  stubs.o ABSOLUTE
    _printf_percent                          0x00000000   Number         0  stubs.o ABSOLUTE
    _printf_pre_padding                      0x00000000   Number         0  stubs.o ABSOLUTE
    _printf_return_value                     0x00000000   Number         0  stubs.o ABSOLUTE
    _printf_s                                0x00000000   Number         0  stubs.o ABSOLUTE
    _printf_sizespec                         0x00000000   Number         0  stubs.o ABSOLUTE
    _printf_str                              0x00000000   Number         0  stubs.o ABSOLUTE
    _printf_truncate_signed                  0x00000000   Number         0  stubs.o ABSOLUTE
    _printf_truncate_unsigned                0x00000000   Number         0  stubs.o ABSOLUTE
    _printf_u                                0x00000000   Number         0  stubs.o ABSOLUTE
    _printf_wc                               0x00000000   Number         0  stubs.o ABSOLUTE
    _printf_wctomb                           0x00000000   Number         0  stubs.o ABSOLUTE
    _printf_widthprec                        0x00000000   Number         0  stubs.o ABSOLUTE
    _printf_x                                0x00000000   Number         0  stubs.o ABSOLUTE
    __cpp_initialize__aeabi_                  - Undefined Weak Reference
    __cxa_finalize                            - Undefined Weak Reference
    _clock_init                               - Undefined Weak Reference
    _microlib_exit                            - Undefined Weak Reference
    _scanf_longlong                           - Undefined Weak Reference
    _scanf_real                               - Undefined Weak Reference
    _scanf_string                             - Undefined Weak Reference
    poll_ethernet                             - Undefined Weak Reference
    __main                                   0x000000cd   Thumb Code     0  entry.o(.ARM.Collect$$$$00000000)
    _main_stk                                0x000000cd   Thumb Code     0  entry2.o(.ARM.Collect$$$$00000001)
    _main_scatterload                        0x000000d1   Thumb Code     0  entry5.o(.ARM.Collect$$$$00000004)
    __main_after_scatterload                 0x000000d5   Thumb Code     0  entry5.o(.ARM.Collect$$$$00000004)
    _main_clock                              0x000000d5   Thumb Code     0  entry7b.o(.ARM.Collect$$$$00000008)
    _main_cpp_init                           0x000000d5   Thumb Code     0  entry8b.o(.ARM.Collect$$$$0000000A)
    _main_init                               0x000000d5   Thumb Code     0  entry9a.o(.ARM.Collect$$$$0000000B)
    __rt_final_cpp                           0x000000dd   Thumb Code     0  entry10a.o(.ARM.Collect$$$$0000000D)
    __rt_final_exit                          0x000000dd   Thumb Code     0  entry11a.o(.ARM.Collect$$$$0000000F)
    cgi_process_var                          0x000000e1   Thumb Code    66  http_cgi.o(.text)
    cgi_process_data                         0x00000123   Thumb Code     2  http_cgi.o(.text)
    cgi_func                                 0x00000125   Thumb Code   272  http_cgi.o(.text)
    init_PWM                                 0x00000265   Thumb Code    52  pwm.o(.text)
    set_ciclo_trabajo_PWM                    0x00000299   Thumb Code    54  pwm.o(.text)
    strlen                                   0x000002e5   Thumb Code    14  strlen.o(.text)
    __aeabi_ui2f                             0x000002f3   Thumb Code    10  ffltui.o(.text)
    __RL_TCP_VER                             0x00000472   Number         0  at_system.o ABSOLUTE
    EINT1_IRQHandler                         0x0000068d   Thumb Code     8  http_demo.o(.text)
    EINT2_IRQHandler                         0x00000695   Thumb Code     8  http_demo.o(.text)
    ADC_IRQHandler                           0x0000069d   Thumb Code   492  http_demo.o(.text)
    TIMER0_IRQHandler                        0x00000889   Thumb Code   374  http_demo.o(.text)
    main                                     0x000009ff   Thumb Code   120  http_demo.o(.text)
    apagar_DMA                               0x00000b61   Thumb Code    16  dma.o(.text)
    apagar_TIMER1                            0x00000b71   Thumb Code    16  dma.o(.text)
    init_DMA_DAC                             0x00000b81   Thumb Code   102  dma.o(.text)
    init_DMA_ADC                             0x00000be7   Thumb Code   106  dma.o(.text)
    DMA_IRQHandler                           0x00000c51   Thumb Code   122  dma.o(.text)
    TIMER1_IRQHandler                        0x00000ccb   Thumb Code    84  dma.o(.text)
    rec_ADC                                  0x00000d1f   Thumb Code    24  dma.o(.text)
    rec_DMA                                  0x00000d37   Thumb Code    34  dma.o(.text)
    play                                     0x00000d59   Thumb Code    20  dma.o(.text)
    I2Cdelay                                 0x00000dd5   Thumb Code    14  i2c_lpc17xx.o(.text)
    pulso_SCL                                0x00000de3   Thumb Code    24  i2c_lpc17xx.o(.text)
    I2CSendByte                              0x00000dfb   Thumb Code    74  i2c_lpc17xx.o(.text)
    I2CSendAddr                              0x00000e45   Thumb Code    68  i2c_lpc17xx.o(.text)
    I2CGetByte                               0x00000e89   Thumb Code   100  i2c_lpc17xx.o(.text)
    I2CSendStop                              0x00000eed   Thumb Code    34  i2c_lpc17xx.o(.text)
    init_GPIO                                0x00000f15   Thumb Code   144  init.o(.text)
    init_TIMER0                              0x00000fa5   Thumb Code    48  init.o(.text)
    init_TIMER1                              0x00000fd5   Thumb Code    62  init.o(.text)
    init_TIMER3                              0x00001013   Thumb Code    38  init.o(.text)
    init_ADC_sensores                        0x00001039   Thumb Code    86  init.o(.text)
    init_ADC_grabar                          0x0000108f   Thumb Code    48  init.o(.text)
    UART0_IRQHandler                         0x00001109   Thumb Code   110  uart.o(.text)
    tx_cadena_UART0                          0x00001177   Thumb Code    32  uart.o(.text)
    uart0_init                               0x00001291   Thumb Code    70  uart.o(.text)
    config_DS1621                            0x000012fd   Thumb Code    50  ds1621.o(.text)
    leer_DS1621                              0x0000132f   Thumb Code   138  ds1621.o(.text)
    I2CRestart                               0x000013bd   Thumb Code    12  bmp180.o(.text)
    check_communication                      0x000013c9   Thumb Code    44  bmp180.o(.text)
    read_calibration_data                    0x000013f5   Thumb Code  1052  bmp180.o(.text)
    read_uncompensated_temp                  0x00001811   Thumb Code   112  bmp180.o(.text)
    read_uncompensated_press                 0x00001881   Thumb Code   132  bmp180.o(.text)
    calculate_temp                           0x00001905   Thumb Code   126  bmp180.o(.text)
    calculate_press                          0x00001983   Thumb Code   486  bmp180.o(.text)
    calculate_altitude                       0x00001b69   Thumb Code    78  bmp180.o(.text)
    sys_error                                0x00001c39   Thumb Code    36  net_config.o(.text)
    init_system                              0x00001c5d   Thumb Code    34  net_config.o(.text)
    run_system                               0x00001c7f   Thumb Code    26  net_config.o(.text)
    igmp_is_member                           0x00001c99   Thumb Code     4  net_config.o(.text)
    igmp_process                             0x00001c9d   Thumb Code     2  net_config.o(.text)
    dhcp_disable                             0x00001c9f   Thumb Code     2  net_config.o(.text)
    ppp_send_frame                           0x00001ca1   Thumb Code     4  net_config.o(.text)
    slip_send_frame                          0x00001ca5   Thumb Code     4  net_config.o(.text)
    sntp_get_time                            0x00001ca9   Thumb Code     4  net_config.o(.text)
    Reset_Handler                            0x00001cad   Thumb Code     8  startup_lpc17xx.o(.text)
    NMI_Handler                              0x00001cb5   Thumb Code     2  startup_lpc17xx.o(.text)
    HardFault_Handler                        0x00001cb7   Thumb Code     2  startup_lpc17xx.o(.text)
    MemManage_Handler                        0x00001cb9   Thumb Code     2  startup_lpc17xx.o(.text)
    BusFault_Handler                         0x00001cbb   Thumb Code     2  startup_lpc17xx.o(.text)
    UsageFault_Handler                       0x00001cbd   Thumb Code     2  startup_lpc17xx.o(.text)
    SVC_Handler                              0x00001cbf   Thumb Code     2  startup_lpc17xx.o(.text)
    DebugMon_Handler                         0x00001cc1   Thumb Code     2  startup_lpc17xx.o(.text)
    PendSV_Handler                           0x00001cc3   Thumb Code     2  startup_lpc17xx.o(.text)
    SysTick_Handler                          0x00001cc5   Thumb Code     2  startup_lpc17xx.o(.text)
    BOD_IRQHandler                           0x00001cc7   Thumb Code     0  startup_lpc17xx.o(.text)
    CANActivity_IRQHandler                   0x00001cc7   Thumb Code     0  startup_lpc17xx.o(.text)
    CAN_IRQHandler                           0x00001cc7   Thumb Code     0  startup_lpc17xx.o(.text)
    EINT0_IRQHandler                         0x00001cc7   Thumb Code     0  startup_lpc17xx.o(.text)
    EINT3_IRQHandler                         0x00001cc7   Thumb Code     0  startup_lpc17xx.o(.text)
    I2C0_IRQHandler                          0x00001cc7   Thumb Code     0  startup_lpc17xx.o(.text)
    I2C1_IRQHandler                          0x00001cc7   Thumb Code     0  startup_lpc17xx.o(.text)
    I2C2_IRQHandler                          0x00001cc7   Thumb Code     0  startup_lpc17xx.o(.text)
    I2S_IRQHandler                           0x00001cc7   Thumb Code     0  startup_lpc17xx.o(.text)
    MCPWM_IRQHandler                         0x00001cc7   Thumb Code     0  startup_lpc17xx.o(.text)
    PLL0_IRQHandler                          0x00001cc7   Thumb Code     0  startup_lpc17xx.o(.text)
    PLL1_IRQHandler                          0x00001cc7   Thumb Code     0  startup_lpc17xx.o(.text)
    PWM1_IRQHandler                          0x00001cc7   Thumb Code     0  startup_lpc17xx.o(.text)
    QEI_IRQHandler                           0x00001cc7   Thumb Code     0  startup_lpc17xx.o(.text)
    RIT_IRQHandler                           0x00001cc7   Thumb Code     0  startup_lpc17xx.o(.text)
    RTC_IRQHandler                           0x00001cc7   Thumb Code     0  startup_lpc17xx.o(.text)
    SPI_IRQHandler                           0x00001cc7   Thumb Code     0  startup_lpc17xx.o(.text)
    SSP0_IRQHandler                          0x00001cc7   Thumb Code     0  startup_lpc17xx.o(.text)
    SSP1_IRQHandler                          0x00001cc7   Thumb Code     0  startup_lpc17xx.o(.text)
    TIMER2_IRQHandler                        0x00001cc7   Thumb Code     0  startup_lpc17xx.o(.text)
    TIMER3_IRQHandler                        0x00001cc7   Thumb Code     0  startup_lpc17xx.o(.text)
    UART1_IRQHandler                         0x00001cc7   Thumb Code     0  startup_lpc17xx.o(.text)
    UART2_IRQHandler                         0x00001cc7   Thumb Code     0  startup_lpc17xx.o(.text)
    UART3_IRQHandler                         0x00001cc7   Thumb Code     0  startup_lpc17xx.o(.text)
    USBActivity_IRQHandler                   0x00001cc7   Thumb Code     0  startup_lpc17xx.o(.text)
    USB_IRQHandler                           0x00001cc7   Thumb Code     0  startup_lpc17xx.o(.text)
    WDT_IRQHandler                           0x00001cc7   Thumb Code     0  startup_lpc17xx.o(.text)
    init_ethernet                            0x00001f17   Thumb Code   640  emac_lpc17xx_100mb.o(.text)
    int_enable_eth                           0x00002197   Thumb Code    24  emac_lpc17xx_100mb.o(.text)
    int_disable_eth                          0x000021af   Thumb Code    18  emac_lpc17xx_100mb.o(.text)
    send_frame                               0x000021c1   Thumb Code    70  emac_lpc17xx_100mb.o(.text)
    ENET_IRQHandler                          0x00002207   Thumb Code   156  emac_lpc17xx_100mb.o(.text)
    SystemCoreClockUpdate                    0x000022d1   Thumb Code   424  system_lpc17xx.o(.text)
    SystemInit                               0x00002479   Thumb Code   194  system_lpc17xx.o(.text)
    LCD_Initializtion                        0x000025c3   Thumb Code 63088  glcd.o(.text)
    LCD_Clear                                0x00011c33   Thumb Code  2744  glcd.o(.text)
    LCD_GetPoint                             0x00012705   Thumb Code  2218  glcd.o(.text)
    LCD_SetPoint                             0x00012faf   Thumb Code  1304  glcd.o(.text)
    LCD_DrawLine                             0x000134c7   Thumb Code   250  glcd.o(.text)
    PutChar                                  0x000135c1   Thumb Code   100  glcd.o(.text)
    GUI_Text                                 0x00013625   Thumb Code    80  glcd.o(.text)
    GetASCIICode                             0x00013679   Thumb Code    26  asciilib.o(.text)
    __aeabi_uldivmod                         0x00013699   Thumb Code    98  uldiv.o(.text)
    __aeabi_memcpy                           0x000136fb   Thumb Code    36  memcpya.o(.text)
    __aeabi_memcpy4                          0x000136fb   Thumb Code     0  memcpya.o(.text)
    __aeabi_memcpy8                          0x000136fb   Thumb Code     0  memcpya.o(.text)
    strcmp                                   0x0001371f   Thumb Code    28  strcmp.o(.text)
    __0sscanf                                0x0001373d   Thumb Code    48  __0sscanf.o(.text)
    _scanf_int                               0x00013775   Thumb Code   336  _scanf_int.o(.text)
    atoi                                     0x000138c5   Thumb Code    26  atoi.o(.text)
    __aeabi_fadd                             0x000138df   Thumb Code   164  fadd.o(.text)
    __aeabi_fsub                             0x00013983   Thumb Code     6  fadd.o(.text)
    __aeabi_frsub                            0x00013989   Thumb Code     6  fadd.o(.text)
    __aeabi_fmul                             0x0001398f   Thumb Code   108  fmul.o(.text)
    __aeabi_fdiv                             0x000139fb   Thumb Code   128  fdiv.o(.text)
    __aeabi_dadd                             0x00013a7b   Thumb Code   322  dadd.o(.text)
    __aeabi_dsub                             0x00013bbd   Thumb Code     6  dadd.o(.text)
    __aeabi_drsub                            0x00013bc3   Thumb Code     6  dadd.o(.text)
    __aeabi_dmul                             0x00013bc9   Thumb Code   228  dmul.o(.text)
    __aeabi_ddiv                             0x00013cad   Thumb Code   222  ddiv.o(.text)
    __aeabi_i2f                              0x00013d8b   Thumb Code    18  fflti.o(.text)
    __aeabi_i2d                              0x00013d9d   Thumb Code    34  dflti.o(.text)
    __aeabi_ui2d                             0x00013dbf   Thumb Code    26  dfltui.o(.text)
    __aeabi_f2iz                             0x00013dd9   Thumb Code    50  ffixi.o(.text)
    __aeabi_f2uiz                            0x00013e0b   Thumb Code    40  ffixui.o(.text)
    __aeabi_f2d                              0x00013e33   Thumb Code    38  f2d.o(.text)
    __aeabi_d2f                              0x00013e59   Thumb Code    56  d2f.o(.text)
    __aeabi_cfcmpeq                          0x00013e91   Thumb Code     0  cfcmple.o(.text)
    __aeabi_cfcmple                          0x00013e91   Thumb Code    20  cfcmple.o(.text)
    __aeabi_cfrcmple                         0x00013ea5   Thumb Code    20  cfrcmple.o(.text)
    __aeabi_uidiv                            0x00013eb9   Thumb Code     0  uidiv.o(.text)
    __aeabi_uidivmod                         0x00013eb9   Thumb Code    44  uidiv.o(.text)
    __aeabi_llsl                             0x00013ee5   Thumb Code    30  llshl.o(.text)
    _ll_shift_l                              0x00013ee5   Thumb Code     0  llshl.o(.text)
    __aeabi_llsr                             0x00013f03   Thumb Code    32  llushr.o(.text)
    _ll_ushift_r                             0x00013f03   Thumb Code     0  llushr.o(.text)
    __aeabi_lasr                             0x00013f23   Thumb Code    36  llsshr.o(.text)
    _ll_sshift_r                             0x00013f23   Thumb Code     0  llsshr.o(.text)
    _chval                                   0x00013f47   Thumb Code    28  _chval.o(.text)
    __vfscanf_char                           0x00013f71   Thumb Code    20  scanf_char.o(.text)
    _sgetc                                   0x00013f8d   Thumb Code    30  _sgetc.o(.text)
    _sbackspace                              0x00013fab   Thumb Code    34  _sgetc.o(.text)
    strtol                                   0x00013fcd   Thumb Code   112  strtol.o(.text)
    __I$use$fp                               0x0001403d   Thumb Code     0  iusefp.o(.text)
    _float_round                             0x0001403d   Thumb Code    18  fepilogue.o(.text)
    _float_epilogue                          0x0001404f   Thumb Code    90  fepilogue.o(.text)
    _double_round                            0x000140a9   Thumb Code    26  depilogue.o(.text)
    _double_epilogue                         0x000140c3   Thumb Code   164  depilogue.o(.text)
    __ARM_scalbn                             0x00014167   Thumb Code    46  dscalb.o(.text)
    scalbn                                   0x00014167   Thumb Code     0  dscalb.o(.text)
    __aeabi_d2ulz                            0x00014195   Thumb Code    48  dfixul.o(.text)
    __aeabi_cdrcmple                         0x000141c5   Thumb Code    38  cdrcmple.o(.text)
    __scatterload                            0x000141ed   Thumb Code    28  init.o(.text)
    __scatterload_rt2                        0x000141ed   Thumb Code     0  init.o(.text)
    __rt_ctype_table                         0x00014211   Thumb Code     4  ctype_o.o(.text)
    isspace                                  0x00014219   Thumb Code    18  isspace_o.o(.text)
    __vfscanf                                0x0001422d   Thumb Code   806  _scanf.o(.text)
    _strtoul                                 0x00014559   Thumb Code   158  _strtoul.o(.text)
    _dsqrt                                   0x000145f7   Thumb Code   162  dsqrt.o(.text)
    __decompress                             0x00014699   Thumb Code     0  __dclz77c.o(.text)
    __decompress2                            0x00014699   Thumb Code    96  __dclz77c.o(.text)
    __0sprintf                               0x000146f9   Thumb Code    34  printfa.o(i.__0sprintf)
    __1sprintf                               0x000146f9   Thumb Code     0  printfa.o(i.__0sprintf)
    __2sprintf                               0x000146f9   Thumb Code     0  printfa.o(i.__0sprintf)
    __c89sprintf                             0x000146f9   Thumb Code     0  printfa.o(i.__0sprintf)
    sprintf                                  0x000146f9   Thumb Code     0  printfa.o(i.__0sprintf)
    __ARM_fpclassify                         0x00014721   Thumb Code    40  fpclassify.o(i.__ARM_fpclassify)
    __aeabi_errno_addr                       0x00014749   Thumb Code     4  errno.o(i.__aeabi_errno_addr)
    __rt_errno_addr                          0x00014749   Thumb Code     0  errno.o(i.__aeabi_errno_addr)
    __kernel_poly                            0x00014751   Thumb Code   170  poly.o(i.__kernel_poly)
    __mathlib_dbl_underflow                  0x000147fd   Thumb Code    10  dunder.o(i.__mathlib_dbl_underflow)
    __scatterload_copy                       0x0001480d   Thumb Code    14  handlers.o(i.__scatterload_copy)
    __scatterload_null                       0x0001481b   Thumb Code     2  handlers.o(i.__scatterload_null)
    __scatterload_zeroinit                   0x0001481d   Thumb Code    14  handlers.o(i.__scatterload_zeroinit)
    __set_errno                              0x0001482d   Thumb Code     6  errno.o(i.__set_errno)
    alloc_mem                                0x00015119   Thumb Code   174  at_mem.o(i.alloc_mem)
    arp_cache_add                            0x000151d1   Thumb Code   174  at_arp.o(i.arp_cache_add)
    arp_cache_early                          0x00015311   Thumb Code   142  at_arp.o(i.arp_cache_early)
    arp_cache_find                           0x000153a9   Thumb Code   168  at_arp.o(i.arp_cache_find)
    arp_cache_update                         0x0001545d   Thumb Code   228  at_arp.o(i.arp_cache_update)
    arp_init                                 0x00015551   Thumb Code    34  at_arp.o(i.arp_init)
    arp_notify                               0x000155b1   Thumb Code    26  at_arp.o(i.arp_notify)
    arp_process                              0x00015661   Thumb Code   294  at_arp.o(i.arp_process)
    avail_mem                                0x000158f1   Thumb Code    22  at_mem.o(i.avail_mem)
    b64_to_asc                               0x0001590d   Thumb Code   120  at_lib.o(i.b64_to_asc)
    calc_chksum16be                          0x00015985   Thumb Code    18  at_lib.o(i.calc_chksum16be)
    cgx_content_type                         0x00015997   Thumb Code     4  at_http.o(i.cgx_content_type)
    chksum16_buf                             0x00015b69   Thumb Code    40  at_lib.o(i.chksum16_buf)
    chksum16_val                             0x00015b91   Thumb Code    10  at_lib.o(i.chksum16_val)
    eth_chk_adr                              0x00015be1   Thumb Code    10  at_ethernet.o(i.eth_chk_adr)
    eth_init_link                            0x00015bf1   Thumb Code    40  at_ethernet.o(i.eth_init_link)
    eth_run_link                             0x00015c25   Thumb Code   194  at_ethernet.o(i.eth_run_link)
    eth_send_frame                           0x00015cf9   Thumb Code   150  at_ethernet.o(i.eth_send_frame)
    free_mem                                 0x00015da1   Thumb Code   124  at_mem.o(i.free_mem)
    get_rnd32                                0x00015f11   Thumb Code    18  at_system.o(i.get_rnd32)
    http_accept_host                         0x00015f3f   Thumb Code     4  at_http.o(i.http_accept_host)
    http_check_account                       0x00016201   Thumb Code     4  at_http.o(i.http_check_account)
    http_fclose                              0x0001638d   Thumb Code     2  at_http_uif.o(i.http_fclose)
    http_fgets                               0x0001638f   Thumb Code     4  at_http_uif.o(i.http_fgets)
    http_file_access                         0x00016393   Thumb Code     4  at_http.o(i.http_file_access)
    http_finfo                               0x00016397   Thumb Code     4  at_http_uif.o(i.http_finfo)
    http_fopen                               0x0001639b   Thumb Code     4  at_http_uif.o(i.http_fopen)
    http_fread                               0x0001639f   Thumb Code     4  at_http_uif.o(i.http_fread)
    http_get_var                             0x000163a5   Thumb Code   104  at_http.o(i.http_get_var)
    http_init                                0x00016411   Thumb Code    72  at_http.o(i.http_init)
    http_run_server                          0x00016bcd   Thumb Code   816  at_http.o(i.http_run_server)
    icmp_init                                0x00016fd1   Thumb Code    10  at_icmp.o(i.icmp_init)
    icmp_process                             0x00016fe1   Thumb Code   198  at_icmp.o(i.icmp_process)
    icmp_run_engine                          0x000170ad   Thumb Code    58  at_icmp.o(i.icmp_run_engine)
    ifree_mem                                0x00017165   Thumb Code    48  at_mem.o(i.ifree_mem)
    init_TcpNet                              0x0001719d   Thumb Code    38  at_system.o(i.init_TcpNet)
    init_mem                                 0x000171cd   Thumb Code    86  at_mem.o(i.init_mem)
    ip_chk_frame                             0x0001722d   Thumb Code   190  at_ip.o(i.ip_chk_frame)
    ip_get_locadr                            0x00017301   Thumb Code   166  at_ip.o(i.ip_get_locadr)
    ip_init                                  0x000173b9   Thumb Code     8  at_ip.o(i.ip_init)
    ip_run_local                             0x000173c5   Thumb Code    82  at_ip.o(i.ip_run_local)
    ip_send_frame                            0x00017421   Thumb Code   328  at_ip.o(i.ip_send_frame)
    is_subnet                                0x00017571   Thumb Code    20  at_lib.o(i.is_subnet)
    main_TcpNet                              0x00017585   Thumb Code    86  at_system.o(i.main_TcpNet)
    mem_comp                                 0x000175e9   Thumb Code    24  at_lib.o(i.mem_comp)
    mem_copy                                 0x00017601   Thumb Code    22  at_lib.o(i.mem_copy)
    mem_crc32                                0x00017617   Thumb Code    32  at_lib.o(i.mem_crc32)
    mem_set                                  0x00017637   Thumb Code    10  at_lib.o(i.mem_set)
    mem_test                                 0x00017641   Thumb Code    20  at_lib.o(i.mem_test)
    nrd_u32be                                0x00017655   Thumb Code    22  at_lib.o(i.nrd_u32be)
    nwr_u32be                                0x0001766b   Thumb Code    16  at_lib.o(i.nwr_u32be)
    pow                                      0x0001767d   Thumb Code  2510  pow.o(i.pow)
    put_in_queue                             0x00018085   Thumb Code    36  at_ethernet.o(i.put_in_queue)
    resize_mem                               0x0001814d   Thumb Code    68  at_mem.o(i.resize_mem)
    sqrt                                     0x000181e1   Thumb Code    76  sqrt.o(i.sqrt)
    str_copy                                 0x0001822d   Thumb Code    18  at_lib.o(i.str_copy)
    str_crc32                                0x0001823f   Thumb Code    26  at_lib.o(i.str_crc32)
    str_pos                                  0x00018259   Thumb Code    22  at_lib.o(i.str_pos)
    str_scomp                                0x0001826f   Thumb Code    26  at_lib.o(i.str_scomp)
    tcp_abort                                0x00018289   Thumb Code    76  at_tcp.o(i.tcp_abort)
    tcp_close                                0x000182d9   Thumb Code   150  at_tcp.o(i.tcp_close)
    tcp_get_buf                              0x00018375   Thumb Code    32  at_tcp.o(i.tcp_get_buf)
    tcp_get_socket                           0x00018395   Thumb Code    70  at_tcp.o(i.tcp_get_socket)
    tcp_get_state                            0x000183e1   Thumb Code    32  at_tcp.o(i.tcp_get_state)
    tcp_init                                 0x00018405   Thumb Code    18  at_tcp.o(i.tcp_init)
    tcp_listen                               0x0001841d   Thumb Code   102  at_tcp.o(i.tcp_listen)
    tcp_max_dsize                            0x00018521   Thumb Code    30  at_tcp.o(i.tcp_max_dsize)
    tcp_poll_sockets                         0x000185a5   Thumb Code   630  at_tcp.o(i.tcp_poll_sockets)
    tcp_process                              0x00018945   Thumb Code  1164  at_tcp.o(i.tcp_process)
    tcp_send                                 0x00018ea5   Thumb Code   204  at_tcp.o(i.tcp_send)
    timer_tick                               0x000191ed   Thumb Code    14  at_system.o(i.timer_tick)
    udp_init                                 0x00019201   Thumb Code    18  at_udp.o(i.udp_init)
    udp_process                              0x00019219   Thumb Code   178  at_udp.o(i.udp_process)
    FileMD                                   0x000193b0   Data           4  web.o(.constdata)
    FileTab                                  0x0001a2e0   Data          24  web.o(.constdata)
    nlocalm                                  0x0001a340   Data          60  net_config.o(.constdata)
    sys_config                               0x0001a37c   Data          16  net_config.o(.constdata)
    arp_config                               0x0001a38c   Data          12  net_config.o(.constdata)
    udp_config                               0x0001a398   Data           8  net_config.o(.constdata)
    tcp_config                               0x0001a3a0   Data          24  net_config.o(.constdata)
    http_config                              0x0001a3b8   Data          24  net_config.o(.constdata)
    os_maxtaskrun                            0x0001a3d0   Data           2  rtx_conf_cm.o(.constdata)
    os_stackinfo                             0x0001a3d4   Data           4  rtx_conf_cm.o(.constdata)
    os_rrobin                                0x0001a3d8   Data           4  rtx_conf_cm.o(.constdata)
    os_trv                                   0x0001a3dc   Data           4  rtx_conf_cm.o(.constdata)
    os_flags                                 0x0001a3e0   Data           1  rtx_conf_cm.o(.constdata)
    os_clockrate                             0x0001a3e4   Data           4  rtx_conf_cm.o(.constdata)
    os_timernum                              0x0001a3e8   Data           4  rtx_conf_cm.o(.constdata)
    mp_tcb_size                              0x0001a3ec   Data           2  rtx_conf_cm.o(.constdata)
    mp_stk_size                              0x0001a3f0   Data           4  rtx_conf_cm.o(.constdata)
    os_fifo_size                             0x0001a3f4   Data           1  rtx_conf_cm.o(.constdata)
    mp_tmr_size                              0x0001a3f6   Data           2  rtx_conf_cm.o(.constdata)
    IP_Broadcast                             0x0001a9ee   Data           4  at_ip.o(.constdata)
    MAC_Broadcast                            0x0001aaea   Data           6  at_ethernet.o(.constdata)
    http_err_401                             0x0001aaf0   Data          86  http_err.o(.constdata)
    http_err_403                             0x0001ab46   Data          81  http_err.o(.constdata)
    http_err_404                             0x0001ab97   Data          78  http_err.o(.constdata)
    http_err_501                             0x0001abe5   Data          75  http_err.o(.constdata)
    http_err_head                            0x0001ac30   Data          47  http_err.o(.constdata)
    http_err_foot                            0x0001ac5f   Data         136  http_err.o(.constdata)
    __mathlib_zero                           0x0001ad70   Data           8  qnan.o(.constdata)
    __ctype_table                            0x0001ad78   Data         129  ctype_o.o(.constdata)
    Region$$Table$$Base                      0x0001ae1c   Number         0  anon$$obj.o(Region$$Table)
    Region$$Table$$Limit                     0x0001ae3c   Number         0  anon$$obj.o(Region$$Table)
    temp_LM35                                0x10000000   Data           4  http_demo.o(.data)
    temp_DS1621                              0x10000004   Data           4  http_demo.o(.data)
    temp_BMP180                              0x10000008   Data           4  http_demo.o(.data)
    humedad                                  0x1000000c   Data           4  http_demo.o(.data)
    presion                                  0x10000010   Data           4  http_demo.o(.data)
    altitud                                  0x10000014   Data           4  http_demo.o(.data)
    vel_anemometro                           0x10000018   Data           4  http_demo.o(.data)
    lcd_text                                 0x1000001c   Data          34  http_demo.o(.data)
    text_disp                                0x10000091   Data           4  http_demo.o(.data)
    LCDupdate                                0x10000098   Data           4  http_demo.o(.data)
    tick                                     0x1000009c   Data           4  http_demo.o(.data)
    dhcp_tout                                0x100000a0   Data           4  http_demo.o(.data)
    umbral_temp                              0x100000a4   Data           4  http_cgi.o(.data)
    muestras                                 0x100000a8   Data       16000  dma.o(.data)
    counter                                  0x10003f28   Data           4  dma.o(.data)
    index1                                   0x10003f2c   Data           4  dma.o(.data)
    ptr_rx                                   0x10003f30   Data           4  uart.o(.data)
    rx_completa                              0x10003f34   Data           1  uart.o(.data)
    ptr_tx                                   0x10003f38   Data           4  uart.o(.data)
    tx_completa                              0x10003f3c   Data           1  uart.o(.data)
    lhost_name                               0x10003f89   Data          16  net_config.o(.data)
    own_hw_adr                               0x10003f99   Data           6  net_config.o(.data)
    iap_entry                                0x10003fb4   Data           4  emac_lpc17xx_100mb.o(.data)
    SystemCoreClock                          0x10003fbc   Data           4  system_lpc17xx.o(.data)
    buff_env                                 0x10003fec   Data          30  http_demo.o(.bss)
    buffer                                   0x1000400a   Data          30  uart.o(.bss)
    localm                                   0x100040cc   Data          60  at_system.o(.bss)
    sys_control                              0x10004108   Data          16  at_system.o(.bss)
    __initial_sp                             0x10004518   Data           0  startup_lpc17xx.o(STACK)



==============================================================================

Memory Map of the image

  Image Entry point : 0x000000cd

  Load Region LR_IROM1 (Base: 0x00000000, Size: 0x0001ee28, Max: 0x00080000, ABSOLUTE, COMPRESSED[0x0001cf88])

    Execution Region ER_IROM1 (Base: 0x00000000, Size: 0x0001ae3c, Max: 0x00080000, ABSOLUTE)

    Base Addr    Size         Type   Attr      Idx    E Section Name        Object

    0x00000000   0x000000cc   Data   RO          408    RESET               startup_lpc17xx.o
    0x000000cc   0x00000000   Code   RO         1000  * .ARM.Collect$$$$00000000  mc_w.l(entry.o)
    0x000000cc   0x00000004   Code   RO         1333    .ARM.Collect$$$$00000001  mc_w.l(entry2.o)
    0x000000d0   0x00000004   Code   RO         1336    .ARM.Collect$$$$00000004  mc_w.l(entry5.o)
    0x000000d4   0x00000000   Code   RO         1338    .ARM.Collect$$$$00000008  mc_w.l(entry7b.o)
    0x000000d4   0x00000000   Code   RO         1340    .ARM.Collect$$$$0000000A  mc_w.l(entry8b.o)
    0x000000d4   0x00000008   Code   RO         1341    .ARM.Collect$$$$0000000B  mc_w.l(entry9a.o)
    0x000000dc   0x00000000   Code   RO         1343    .ARM.Collect$$$$0000000D  mc_w.l(entry10a.o)
    0x000000dc   0x00000000   Code   RO         1345    .ARM.Collect$$$$0000000F  mc_w.l(entry11a.o)
    0x000000dc   0x00000004   Code   RO         1334    .ARM.Collect$$$$00002712  mc_w.l(entry2.o)
    0x000000e0   0x00000184   Code   RO          110    .text               http_cgi.o
    0x00000264   0x00000080   Code   RO          234    .text               pwm.o
    0x000002e4   0x0000000e   Code   RO         1009    .text               mc_w.l(strlen.o)
    0x000002f2   0x0000000a   Code   RO         1296    .text               mf_w.l(ffltui.o)
    0x000002fc   0x00000004   Code   RO          409    .ARM.__at_0x02FC    startup_lpc17xx.o
    0x00000300   0x00000860   Code   RO           20    .text               http_demo.o
    0x00000b60   0x00000274   Code   RO          152    .text               dma.o
    0x00000dd4   0x00000140   Code   RO          187    .text               i2c_lpc17xx.o
    0x00000f14   0x000001f4   Code   RO          210    .text               init.o
    0x00001108   0x000001f4   Code   RO          299    .text               uart.o
    0x000012fc   0x000000c0   Code   RO          330    .text               ds1621.o
    0x000013bc   0x0000087c   Code   RO          359    .text               bmp180.o
    0x00001c38   0x00000074   Code   RO          385    .text               net_config.o
    0x00001cac   0x00000024   Code   RO          410    .text               startup_lpc17xx.o
    0x00001cd0   0x00000600   Code   RO          438    .text               emac_lpc17xx_100mb.o
    0x000022d0   0x000002a8   Code   RO          470    .text               system_lpc17xx.o
    0x00002578   0x00011100   Code   RO          622    .text               glcd.o
    0x00013678   0x00000020   Code   RO          648    .text               asciilib.o
    0x00013698   0x00000062   Code   RO         1003    .text               mc_w.l(uldiv.o)
    0x000136fa   0x00000024   Code   RO         1005    .text               mc_w.l(memcpya.o)
    0x0001371e   0x0000001c   Code   RO         1011    .text               mc_w.l(strcmp.o)
    0x0001373a   0x00000002   PAD
    0x0001373c   0x00000038   Code   RO         1276    .text               mc_w.l(__0sscanf.o)
    0x00013774   0x00000150   Code   RO         1278    .text               mc_w.l(_scanf_int.o)
    0x000138c4   0x0000001a   Code   RO         1280    .text               mc_w.l(atoi.o)
    0x000138de   0x000000b0   Code   RO         1282    .text               mf_w.l(fadd.o)
    0x0001398e   0x0000006c   Code   RO         1284    .text               mf_w.l(fmul.o)
    0x000139fa   0x00000080   Code   RO         1286    .text               mf_w.l(fdiv.o)
    0x00013a7a   0x0000014e   Code   RO         1288    .text               mf_w.l(dadd.o)
    0x00013bc8   0x000000e4   Code   RO         1290    .text               mf_w.l(dmul.o)
    0x00013cac   0x000000de   Code   RO         1292    .text               mf_w.l(ddiv.o)
    0x00013d8a   0x00000012   Code   RO         1294    .text               mf_w.l(fflti.o)
    0x00013d9c   0x00000022   Code   RO         1298    .text               mf_w.l(dflti.o)
    0x00013dbe   0x0000001a   Code   RO         1300    .text               mf_w.l(dfltui.o)
    0x00013dd8   0x00000032   Code   RO         1302    .text               mf_w.l(ffixi.o)
    0x00013e0a   0x00000028   Code   RO         1304    .text               mf_w.l(ffixui.o)
    0x00013e32   0x00000026   Code   RO         1308    .text               mf_w.l(f2d.o)
    0x00013e58   0x00000038   Code   RO         1312    .text               mf_w.l(d2f.o)
    0x00013e90   0x00000014   Code   RO         1314    .text               mf_w.l(cfcmple.o)
    0x00013ea4   0x00000014   Code   RO         1316    .text               mf_w.l(cfrcmple.o)
    0x00013eb8   0x0000002c   Code   RO         1350    .text               mc_w.l(uidiv.o)
    0x00013ee4   0x0000001e   Code   RO         1352    .text               mc_w.l(llshl.o)
    0x00013f02   0x00000020   Code   RO         1354    .text               mc_w.l(llushr.o)
    0x00013f22   0x00000024   Code   RO         1356    .text               mc_w.l(llsshr.o)
    0x00013f46   0x0000001c   Code   RO         1365    .text               mc_w.l(_chval.o)
    0x00013f62   0x00000002   PAD
    0x00013f64   0x00000028   Code   RO         1367    .text               mc_w.l(scanf_char.o)
    0x00013f8c   0x00000040   Code   RO         1369    .text               mc_w.l(_sgetc.o)
    0x00013fcc   0x00000070   Code   RO         1371    .text               mc_w.l(strtol.o)
    0x0001403c   0x00000000   Code   RO         1373    .text               mc_w.l(iusefp.o)
    0x0001403c   0x0000006c   Code   RO         1374    .text               mf_w.l(fepilogue.o)
    0x000140a8   0x000000be   Code   RO         1376    .text               mf_w.l(depilogue.o)
    0x00014166   0x0000002e   Code   RO         1378    .text               mf_w.l(dscalb.o)
    0x00014194   0x00000030   Code   RO         1380    .text               mf_w.l(dfixul.o)
    0x000141c4   0x00000028   Code   RO         1382    .text               mf_w.l(cdrcmple.o)
    0x000141ec   0x00000024   Code   RO         1384    .text               mc_w.l(init.o)
    0x00014210   0x00000008   Code   RO         1389    .text               mc_w.l(ctype_o.o)
    0x00014218   0x00000012   Code   RO         1411    .text               mc_w.l(isspace_o.o)
    0x0001422a   0x00000002   PAD
    0x0001422c   0x0000032c   Code   RO         1417    .text               mc_w.l(_scanf.o)
    0x00014558   0x0000009e   Code   RO         1419    .text               mc_w.l(_strtoul.o)
    0x000145f6   0x000000a2   Code   RO         1422    .text               mf_w.l(dsqrt.o)
    0x00014698   0x00000060   Code   RO         1435    .text               mc_w.l(__dclz77c.o)
    0x000146f8   0x00000028   Code   RO         1250    i.__0sprintf        mc_w.l(printfa.o)
    0x00014720   0x00000028   Code   RO         1320    i.__ARM_fpclassify  m_ws.l(fpclassify.o)
    0x00014748   0x00000008   Code   RO         1358    i.__aeabi_errno_addr  mc_w.l(errno.o)
    0x00014750   0x000000aa   Code   RO         1322    i.__kernel_poly     m_ws.l(poly.o)
    0x000147fa   0x00000002   PAD
    0x000147fc   0x00000010   Code   RO         1318    i.__mathlib_dbl_underflow  m_ws.l(dunder.o)
    0x0001480c   0x0000000e   Code   RO         1429    i.__scatterload_copy  mc_w.l(handlers.o)
    0x0001481a   0x00000002   Code   RO         1430    i.__scatterload_null  mc_w.l(handlers.o)
    0x0001481c   0x0000000e   Code   RO         1431    i.__scatterload_zeroinit  mc_w.l(handlers.o)
    0x0001482a   0x00000002   PAD
    0x0001482c   0x0000000c   Code   RO         1360    i.__set_errno       mc_w.l(errno.o)
    0x00014838   0x0000015c   Code   RO         1255    i._fp_digits        mc_w.l(printfa.o)
    0x00014994   0x000006f0   Code   RO         1256    i._printf_core      mc_w.l(printfa.o)
    0x00015084   0x00000026   Code   RO         1257    i._printf_post_padding  mc_w.l(printfa.o)
    0x000150aa   0x00000030   Code   RO         1258    i._printf_pre_padding  mc_w.l(printfa.o)
    0x000150da   0x0000000a   Code   RO         1260    i._sputc            mc_w.l(printfa.o)
    0x000150e4   0x00000034   Code   RO          815    i.add_server_id     TCP_CM3.lib(at_http.o)
    0x00015118   0x000000b8   Code   RO          951    i.alloc_mem         TCP_CM3.lib(at_mem.o)
    0x000151d0   0x000000b8   Code   RO          662    i.arp_cache_add     TCP_CM3.lib(at_arp.o)
    0x00015288   0x00000088   Code   RO          663    i.arp_cache_alloc   TCP_CM3.lib(at_arp.o)
    0x00015310   0x00000098   Code   RO          664    i.arp_cache_early   TCP_CM3.lib(at_arp.o)
    0x000153a8   0x000000b4   Code   RO          665    i.arp_cache_find    TCP_CM3.lib(at_arp.o)
    0x0001545c   0x000000f4   Code   RO          668    i.arp_cache_update  TCP_CM3.lib(at_arp.o)
    0x00015550   0x0000002c   Code   RO          671    i.arp_init          TCP_CM3.lib(at_arp.o)
    0x0001557c   0x00000034   Code   RO          672    i.arp_is_cacheable  TCP_CM3.lib(at_arp.o)
    0x000155b0   0x00000028   Code   RO          673    i.arp_notify        TCP_CM3.lib(at_arp.o)
    0x000155d8   0x00000088   Code   RO          675    i.arp_proc_response  TCP_CM3.lib(at_arp.o)
    0x00015660   0x00000138   Code   RO          676    i.arp_process       TCP_CM3.lib(at_arp.o)
    0x00015798   0x000000a0   Code   RO          677    i.arp_send_reply    TCP_CM3.lib(at_arp.o)
    0x00015838   0x000000b8   Code   RO          678    i.arp_send_request  TCP_CM3.lib(at_arp.o)
    0x000158f0   0x0000001c   Code   RO          952    i.avail_mem         TCP_CM3.lib(at_mem.o)
    0x0001590c   0x00000078   Code   RO          902    i.b64_to_asc        TCP_CM3.lib(at_lib.o)
    0x00015984   0x00000012   Code   RO          904    i.calc_chksum16be   TCP_CM3.lib(at_lib.o)
    0x00015996   0x00000004   Code   RO          816    i.cgx_content_type  TCP_CM3.lib(at_http.o)
    0x0001599a   0x00000002   PAD
    0x0001599c   0x000001cc   Code   RO          817    i.chk_post_req      TCP_CM3.lib(at_http.o)
    0x00015b68   0x00000028   Code   RO          905    i.chksum16_buf      TCP_CM3.lib(at_lib.o)
    0x00015b90   0x0000000a   Code   RO          906    i.chksum16_val      TCP_CM3.lib(at_lib.o)
    0x00015b9a   0x0000001e   Code   RO          818    i.cmp_fname_ext     TCP_CM3.lib(at_http.o)
    0x00015bb8   0x00000028   Code   RO          819    i.cmp_header        TCP_CM3.lib(at_http.o)
    0x00015be0   0x00000010   Code   RO          887    i.eth_chk_adr       TCP_CM3.lib(at_ethernet.o)
    0x00015bf0   0x00000034   Code   RO          889    i.eth_init_link     TCP_CM3.lib(at_ethernet.o)
    0x00015c24   0x000000d4   Code   RO          890    i.eth_run_link      TCP_CM3.lib(at_ethernet.o)
    0x00015cf8   0x000000a8   Code   RO          891    i.eth_send_frame    TCP_CM3.lib(at_ethernet.o)
    0x00015da0   0x00000084   Code   RO          953    i.free_mem          TCP_CM3.lib(at_mem.o)
    0x00015e24   0x00000028   Code   RO          908    i.get_crc32         TCP_CM3.lib(at_lib.o)
    0x00015e4c   0x00000068   Code   RO          820    i.get_file_type     TCP_CM3.lib(at_http.o)
    0x00015eb4   0x00000028   Code   RO          821    i.get_next_field    TCP_CM3.lib(at_http.o)
    0x00015edc   0x00000032   Code   RO          822    i.get_next_par      TCP_CM3.lib(at_http.o)
    0x00015f0e   0x00000002   PAD
    0x00015f10   0x0000001c   Code   RO          965    i.get_rnd32         TCP_CM3.lib(at_system.o)
    0x00015f2c   0x00000012   Code   RO          823    i.hex2byte          TCP_CM3.lib(at_http.o)
    0x00015f3e   0x00000004   Code   RO          824    i.http_accept_host  TCP_CM3.lib(at_http.o)
    0x00015f42   0x00000002   PAD
    0x00015f44   0x000002bc   Code   RO          825    i.http_add_header   TCP_CM3.lib(at_http.o)
    0x00016200   0x00000004   Code   RO          826    i.http_check_account  TCP_CM3.lib(at_http.o)
    0x00016204   0x00000188   Code   RO          828    i.http_error_msg    TCP_CM3.lib(at_http.o)
    0x0001638c   0x00000002   Code   RO          980    i.http_fclose       TCP_CM3.lib(at_http_uif.o)
    0x0001638e   0x00000004   Code   RO          981    i.http_fgets        TCP_CM3.lib(at_http_uif.o)
    0x00016392   0x00000004   Code   RO          829    i.http_file_access  TCP_CM3.lib(at_http.o)
    0x00016396   0x00000004   Code   RO          982    i.http_finfo        TCP_CM3.lib(at_http_uif.o)
    0x0001639a   0x00000004   Code   RO          983    i.http_fopen        TCP_CM3.lib(at_http_uif.o)
    0x0001639e   0x00000004   Code   RO          984    i.http_fread        TCP_CM3.lib(at_http_uif.o)
    0x000163a2   0x00000002   PAD
    0x000163a4   0x0000006c   Code   RO          835    i.http_get_var      TCP_CM3.lib(at_http.o)
    0x00016410   0x00000050   Code   RO          836    i.http_init         TCP_CM3.lib(at_http.o)
    0x00016460   0x0000005e   Code   RO          837    i.http_kill_session  TCP_CM3.lib(at_http.o)
    0x000164be   0x00000002   PAD
    0x000164c0   0x00000224   Code   RO          838    i.http_listener     TCP_CM3.lib(at_http.o)
    0x000166e4   0x00000120   Code   RO          839    i.http_open_file    TCP_CM3.lib(at_http.o)
    0x00016804   0x00000154   Code   RO          840    i.http_proc_header  TCP_CM3.lib(at_http.o)
    0x00016958   0x0000017c   Code   RO          841    i.http_proc_multipart  TCP_CM3.lib(at_http.o)
    0x00016ad4   0x000000f8   Code   RO          842    i.http_proc_post    TCP_CM3.lib(at_http.o)
    0x00016bcc   0x0000033c   Code   RO          843    i.http_run_server   TCP_CM3.lib(at_http.o)
    0x00016f08   0x0000001e   Code   RO          844    i.http_strcpy       TCP_CM3.lib(at_http.o)
    0x00016f26   0x00000002   PAD
    0x00016f28   0x000000a8   Code   RO          845    i.http_to_utc       TCP_CM3.lib(at_http.o)
    0x00016fd0   0x00000010   Code   RO          712    i.icmp_init         TCP_CM3.lib(at_icmp.o)
    0x00016fe0   0x000000cc   Code   RO          714    i.icmp_process      TCP_CM3.lib(at_icmp.o)
    0x000170ac   0x00000048   Code   RO          715    i.icmp_run_engine   TCP_CM3.lib(at_icmp.o)
    0x000170f4   0x00000070   Code   RO          716    i.icmp_send_message  TCP_CM3.lib(at_icmp.o)
    0x00017164   0x00000038   Code   RO          954    i.ifree_mem         TCP_CM3.lib(at_mem.o)
    0x0001719c   0x00000030   Code   RO          966    i.init_TcpNet       TCP_CM3.lib(at_system.o)
    0x000171cc   0x00000060   Code   RO          955    i.init_mem          TCP_CM3.lib(at_mem.o)
    0x0001722c   0x000000c8   Code   RO          698    i.ip_chk_frame      TCP_CM3.lib(at_ip.o)
    0x000172f4   0x0000000a   Code   RO          699    i.ip_get_chksum     TCP_CM3.lib(at_ip.o)
    0x000172fe   0x00000002   PAD
    0x00017300   0x000000b8   Code   RO          700    i.ip_get_locadr     TCP_CM3.lib(at_ip.o)
    0x000173b8   0x0000000c   Code   RO          701    i.ip_init           TCP_CM3.lib(at_ip.o)
    0x000173c4   0x0000005c   Code   RO          702    i.ip_run_local      TCP_CM3.lib(at_ip.o)
    0x00017420   0x00000150   Code   RO          703    i.ip_send_frame     TCP_CM3.lib(at_ip.o)
    0x00017570   0x00000014   Code   RO          909    i.is_subnet         TCP_CM3.lib(at_lib.o)
    0x00017584   0x00000064   Code   RO          967    i.main_TcpNet       TCP_CM3.lib(at_system.o)
    0x000175e8   0x00000018   Code   RO          910    i.mem_comp          TCP_CM3.lib(at_lib.o)
    0x00017600   0x00000016   Code   RO          911    i.mem_copy          TCP_CM3.lib(at_lib.o)
    0x00017616   0x00000020   Code   RO          912    i.mem_crc32         TCP_CM3.lib(at_lib.o)
    0x00017636   0x0000000a   Code   RO          914    i.mem_set           TCP_CM3.lib(at_lib.o)
    0x00017640   0x00000014   Code   RO          915    i.mem_test          TCP_CM3.lib(at_lib.o)
    0x00017654   0x00000016   Code   RO          917    i.nrd_u32be         TCP_CM3.lib(at_lib.o)
    0x0001766a   0x00000010   Code   RO          919    i.nwr_u32be         TCP_CM3.lib(at_lib.o)
    0x0001767a   0x00000002   PAD
    0x0001767c   0x000009e0   Code   RO          991    i.pow               m_ws.l(pow.o)
    0x0001805c   0x00000028   Code   RO          846    i.proc_req_line     TCP_CM3.lib(at_http.o)
    0x00018084   0x00000028   Code   RO          892    i.put_in_queue      TCP_CM3.lib(at_ethernet.o)
    0x000180ac   0x000000a0   Code   RO          847    i.read_script_line  TCP_CM3.lib(at_http.o)
    0x0001814c   0x00000048   Code   RO          956    i.resize_mem        TCP_CM3.lib(at_mem.o)
    0x00018194   0x0000004c   Code   RO          848    i.search_delim      TCP_CM3.lib(at_http.o)
    0x000181e0   0x0000004c   Code   RO         1326    i.sqrt              m_ws.l(sqrt.o)
    0x0001822c   0x00000012   Code   RO          920    i.str_copy          TCP_CM3.lib(at_lib.o)
    0x0001823e   0x0000001a   Code   RO          921    i.str_crc32         TCP_CM3.lib(at_lib.o)
    0x00018258   0x00000016   Code   RO          922    i.str_pos           TCP_CM3.lib(at_lib.o)
    0x0001826e   0x0000001a   Code   RO          923    i.str_scomp         TCP_CM3.lib(at_lib.o)
    0x00018288   0x00000050   Code   RO          723    i.tcp_abort         TCP_CM3.lib(at_tcp.o)
    0x000182d8   0x0000009c   Code   RO          725    i.tcp_close         TCP_CM3.lib(at_tcp.o)
    0x00018374   0x00000020   Code   RO          728    i.tcp_get_buf       TCP_CM3.lib(at_tcp.o)
    0x00018394   0x0000004c   Code   RO          730    i.tcp_get_socket    TCP_CM3.lib(at_tcp.o)
    0x000183e0   0x00000024   Code   RO          731    i.tcp_get_state     TCP_CM3.lib(at_tcp.o)
    0x00018404   0x00000018   Code   RO          732    i.tcp_init          TCP_CM3.lib(at_tcp.o)
    0x0001841c   0x0000006c   Code   RO          734    i.tcp_listen        TCP_CM3.lib(at_tcp.o)
    0x00018488   0x00000098   Code   RO          735    i.tcp_map_socket    TCP_CM3.lib(at_tcp.o)
    0x00018520   0x00000024   Code   RO          736    i.tcp_max_dsize     TCP_CM3.lib(at_tcp.o)
    0x00018544   0x0000005e   Code   RO          738    i.tcp_parse_opt     TCP_CM3.lib(at_tcp.o)
    0x000185a2   0x00000002   PAD
    0x000185a4   0x00000284   Code   RO          739    i.tcp_poll_sockets  TCP_CM3.lib(at_tcp.o)
    0x00018828   0x000000c8   Code   RO          740    i.tcp_proc_acknr    TCP_CM3.lib(at_tcp.o)
    0x000188f0   0x00000052   Code   RO          741    i.tcp_proc_dupack   TCP_CM3.lib(at_tcp.o)
    0x00018942   0x00000002   PAD
    0x00018944   0x00000498   Code   RO          742    i.tcp_process       TCP_CM3.lib(at_tcp.o)
    0x00018ddc   0x0000001a   Code   RO          743    i.tcp_que_free      TCP_CM3.lib(at_tcp.o)
    0x00018df6   0x0000001a   Code   RO          744    i.tcp_que_init      TCP_CM3.lib(at_tcp.o)
    0x00018e10   0x00000094   Code   RO          745    i.tcp_que_resend    TCP_CM3.lib(at_tcp.o)
    0x00018ea4   0x000000d4   Code   RO          749    i.tcp_send          TCP_CM3.lib(at_tcp.o)
    0x00018f78   0x0000006a   Code   RO          750    i.tcp_send_ctrl     TCP_CM3.lib(at_tcp.o)
    0x00018fe2   0x00000050   Code   RO          751    i.tcp_send_data     TCP_CM3.lib(at_tcp.o)
    0x00019032   0x00000068   Code   RO          752    i.tcp_send_reset    TCP_CM3.lib(at_tcp.o)
    0x0001909a   0x00000026   Code   RO          753    i.tcp_set_cwnd      TCP_CM3.lib(at_tcp.o)
    0x000190c0   0x00000068   Code   RO          754    i.tcp_transit       TCP_CM3.lib(at_tcp.o)
    0x00019128   0x000000c4   Code   RO          755    i.tcp_write         TCP_CM3.lib(at_tcp.o)
    0x000191ec   0x00000014   Code   RO          968    i.timer_tick        TCP_CM3.lib(at_system.o)
    0x00019200   0x00000018   Code   RO          794    i.udp_init          TCP_CM3.lib(at_udp.o)
    0x00019218   0x000000b8   Code   RO          799    i.udp_process       TCP_CM3.lib(at_udp.o)
    0x000192d0   0x000000e0   Code   RO          849    i.utc_to_http       TCP_CM3.lib(at_http.o)
    0x000193b0   0x00000f48   Data   RO            1    .constdata          web.o
    0x0001a2f8   0x00000048   Data   RO           22    .constdata          http_demo.o
    0x0001a340   0x00000090   Data   RO          387    .constdata          net_config.o
    0x0001a3d0   0x00000028   Data   RO          418    .constdata          rtx_conf_cm.o
    0x0001a3f8   0x000005f0   Data   RO          649    .constdata          asciilib.o
    0x0001a9e8   0x00000006   Data   RO          679    .constdata          TCP_CM3.lib(at_arp.o)
    0x0001a9ee   0x00000008   Data   RO          704    .constdata          TCP_CM3.lib(at_ip.o)
    0x0001a9f6   0x000000f4   Data   RO          850    .constdata          TCP_CM3.lib(at_http.o)
    0x0001aaea   0x00000006   Data   RO          894    .constdata          TCP_CM3.lib(at_ethernet.o)
    0x0001aaf0   0x00000056   Data   RO          974    .constdata          TCP_CM3.lib(http_err.o)
    0x0001ab46   0x00000051   Data   RO          975    .constdata          TCP_CM3.lib(http_err.o)
    0x0001ab97   0x0000004e   Data   RO          976    .constdata          TCP_CM3.lib(http_err.o)
    0x0001abe5   0x0000004b   Data   RO          977    .constdata          TCP_CM3.lib(http_err.o)
    0x0001ac30   0x0000002f   Data   RO          978    .constdata          TCP_CM3.lib(http_err.o)
    0x0001ac5f   0x00000088   Data   RO          979    .constdata          TCP_CM3.lib(http_err.o)
    0x0001ace7   0x00000001   PAD
    0x0001ace8   0x00000088   Data   RO          992    .constdata          m_ws.l(pow.o)
    0x0001ad70   0x00000008   Data   RO         1324    .constdata          m_ws.l(qnan.o)
    0x0001ad78   0x00000081   Data   RO         1390    .constdata          mc_w.l(ctype_o.o)
    0x0001adf9   0x00000003   PAD
    0x0001adfc   0x00000004   Data   RO         1391    .constdata          mc_w.l(ctype_o.o)
    0x0001ae00   0x0000001a   Data   RO          388    .conststring        net_config.o
    0x0001ae1a   0x00000002   PAD
    0x0001ae1c   0x00000020   Data   RO         1427    Region$$Table       anon$$obj.o


    Execution Region RW_IRAM1 (Base: 0x10000000, Size: 0x00004518, Max: 0x00008000, ABSOLUTE, COMPRESSED[0x0000214c])

    Base Addr    Size         Type   Attr      Idx    E Section Name        Object

    0x10000000   0x000000a4   Data   RW           23    .data               http_demo.o
    0x100000a4   0x00000004   Data   RW          111    .data               http_cgi.o
    0x100000a8   0x00003e88   Data   RW          153    .data               dma.o
    0x10003f30   0x0000000d   Data   RW          301    .data               uart.o
    0x10003f3d   0x00000003   PAD
    0x10003f40   0x00000049   Data   RW          360    .data               bmp180.o
    0x10003f89   0x0000002a   Data   RW          389    .data               net_config.o
    0x10003fb3   0x00000001   PAD
    0x10003fb4   0x00000005   Data   RW          440    .data               emac_lpc17xx_100mb.o
    0x10003fb9   0x00000003   PAD
    0x10003fbc   0x00000004   Data   RW          471    .data               system_lpc17xx.o
    0x10003fc0   0x00000001   Data   RW          623    .data               glcd.o
    0x10003fc1   0x00000003   PAD
    0x10003fc4   0x00000008   Data   RW          680    .data               TCP_CM3.lib(at_arp.o)
    0x10003fcc   0x0000000c   Data   RW          705    .data               TCP_CM3.lib(at_ip.o)
    0x10003fd8   0x00000004   Data   RW          756    .data               TCP_CM3.lib(at_tcp.o)
    0x10003fdc   0x0000000c   Data   RW          851    .data               TCP_CM3.lib(at_http.o)
    0x10003fe8   0x00000004   Data   RW         1361    .data               mc_w.l(errno.o)
    0x10003fec   0x0000001e   Zero   RW           21    .bss                http_demo.o
    0x1000400a   0x0000001e   Zero   RW          300    .bss                uart.o
    0x10004028   0x00000010   Zero   RW          717    .bss                TCP_CM3.lib(at_icmp.o)
    0x10004038   0x00000084   Zero   RW          893    .bss                TCP_CM3.lib(at_ethernet.o)
    0x100040bc   0x00000010   Zero   RW          957    .bss                TCP_CM3.lib(at_mem.o)
    0x100040cc   0x0000004c   Zero   RW          969    .bss                TCP_CM3.lib(at_system.o)
    0x10004118   0x00000400   Zero   RW          406    STACK               startup_lpc17xx.o


    Execution Region RW_IRAM2 (Base: 0x2007c000, Size: 0x00005cfc, Max: 0x00008000, ABSOLUTE, UNINIT)

    Base Addr    Size         Type   Attr      Idx    E Section Name        Object

    0x2007c000   0x00003298   Zero   RW          386    .bss                net_config.o
    0x2007f298   0x00002a64   Zero   RW          439    .bss                emac_lpc17xx_100mb.o


==============================================================================

Image component sizes


      Code (inc. data)   RO Data    RW Data    ZI Data      Debug   Object Name

        32          6       1520          0          0        903   asciilib.o
      2172        178          0         73          0       2706   bmp180.o
       628         62          0      16008          0      25756   dma.o
       192          4          0          0          0        688   ds1621.o
      1536        122          0          5      10852      33306   emac_lpc17xx_100mb.o
     69888        342          0          1          0     186834   glcd.o
       388         48          0          4          0      18553   http_cgi.o
      2144        554         72        164         30      60454   http_demo.o
       320          6          0          0          0       1380   i2c_lpc17xx.o
       500         50          0          0          0      24985   init.o
       116          8        170         42      12952       3021   net_config.o
       128         22          0          0          0        601   pwm.o
         0          0         40          0          0       1127   rtx_conf_cm.o
        40         12        204          0       1024        848   startup_lpc17xx.o
       680         62          0          4          0        925   system_lpc17xx.o
       500         38          0         13         30      25736   uart.o
         0          0       3912          0          0      15141   web.o

    ----------------------------------------------------------------------
     79264       1514       5952      16324      24888     402964   Object Totals
         0          0         32          0          0          0   (incl. Generated)
         0          0          2         10          0          0   (incl. Padding)

    ----------------------------------------------------------------------

      Code (inc. data)   RO Data    RW Data    ZI Data      Debug   Library Member Name

      1824        138          6          8          0       1040   at_arp.o
       488         58          6          0        132        404   at_ethernet.o
      5514       1176        244         12          0       2268   at_http.o
        18          0          0          0          0        340   at_http_uif.o
       404         30          0          0         16        308   at_icmp.o
       834         56          8         12          0        520   at_ip.o
       486          6          0          0          0       1224   at_lib.o
       568         46          0          0         16        520   at_mem.o
       196         40          0          0         76        292   at_system.o
      3936        158          0          4          0       2008   at_tcp.o
       208         12          0          0          0        156   at_udp.o
         0          0        503          0          0          0   http_err.o
        16          6          0          0          0         68   dunder.o
        40          0          0          0          0         68   fpclassify.o
       170          0          0          0          0         96   poly.o
      2528        190        136          0          0        332   pow.o
         0          0          8          0          0          0   qnan.o
        76          0          0          0          0         84   sqrt.o
        56          8          0          0          0         84   __0sscanf.o
        96          0          0          0          0          0   __dclz77c.o
        28          0          0          0          0         68   _chval.o
       812          6          0          0          0        112   _scanf.o
       336          0          0          0          0         96   _scanf_int.o
        64          0          0          0          0         84   _sgetc.o
       158          0          0          0          0         92   _strtoul.o
        26          0          0          0          0         80   atoi.o
         8          4        133          0          0         68   ctype_o.o
         0          0          0          0          0          0   entry.o
         0          0          0          0          0          0   entry10a.o
         0          0          0          0          0          0   entry11a.o
         8          4          0          0          0          0   entry2.o
         4          0          0          0          0          0   entry5.o
         0          0          0          0          0          0   entry7b.o
         0          0          0          0          0          0   entry8b.o
         8          4          0          0          0          0   entry9a.o
        20         10          0          4          0        136   errno.o
        30          0          0          0          0          0   handlers.o
        36          8          0          0          0         68   init.o
        18          0          0          0          0         76   isspace_o.o
         0          0          0          0          0          0   iusefp.o
        30          0          0          0          0         68   llshl.o
        36          0          0          0          0         68   llsshr.o
        32          0          0          0          0         68   llushr.o
        36          0          0          0          0         68   memcpya.o
      2260         86          0          0          0        512   printfa.o
        40          8          0          0          0         84   scanf_char.o
        28          0          0          0          0         76   strcmp.o
        14          0          0          0          0         68   strlen.o
       112          0          0          0          0         88   strtol.o
        44          0          0          0          0         80   uidiv.o
        98          0          0          0          0         92   uldiv.o
        40          2          0          0          0         68   cdrcmple.o
        20          0          0          0          0         68   cfcmple.o
        20          0          0          0          0         68   cfrcmple.o
        56          0          0          0          0         88   d2f.o
       334          0          0          0          0        148   dadd.o
       222          0          0          0          0        100   ddiv.o
       190          0          0          0          0        176   depilogue.o
        48          0          0          0          0         68   dfixul.o
        34          0          0          0          0         76   dflti.o
        26          0          0          0          0         76   dfltui.o
       228          0          0          0          0         96   dmul.o
        46          0          0          0          0         80   dscalb.o
       162          0          0          0          0        100   dsqrt.o
        38          0          0          0          0         68   f2d.o
       176          0          0          0          0        140   fadd.o
       128          0          0          0          0         88   fdiv.o
       108          0          0          0          0        168   fepilogue.o
        50          0          0          0          0         68   ffixi.o
        40          0          0          0          0         68   ffixui.o
        18          0          0          0          0         68   fflti.o
        10          0          0          0          0         68   ffltui.o
       108          0          0          0          0         76   fmul.o

    ----------------------------------------------------------------------
     23876       2056       1048         40        240      13988   Library Totals
        30          0          4          0          0          0   (incl. Padding)

    ----------------------------------------------------------------------

      Code (inc. data)   RO Data    RW Data    ZI Data      Debug   Library Name

     14476       1720        767         36        240       9080   TCP_CM3.lib
      2830        196        144          0          0        648   m_ws.l
      4438        138        133          4          0       2236   mc_w.l
      2102          2          0          0          0       2024   mf_w.l

    ----------------------------------------------------------------------
     23876       2056       1048         40        240      13988   Library Totals

    ----------------------------------------------------------------------

==============================================================================


      Code (inc. data)   RO Data    RW Data    ZI Data      Debug   

    103140       3570       7000      16364      25128     407176   Grand Totals
    103140       3570       7000       8524      25128     407176   ELF Image Totals (compressed)
    103140       3570       7000       8524          0          0   ROM Totals

==============================================================================

    Total RO  Size (Code + RO Data)               110140 ( 107.56kB)
    Total RW  Size (RW Data + ZI Data)             41492 (  40.52kB)
    Total ROM Size (Code + RO Data + RW Data)     118664 ( 115.88kB)

==============================================================================

