ARM Linker, 5.03 [Build 76] [MDK-ARM Professional]

==============================================================================

Section Cross References

    http_demo.o(.text) refers to glcd.o(.text) for LCD_Initializtion
    http_demo.o(.text) refers to init.o(.text) for init_GPIO
    http_demo.o(.text) refers to pwm.o(.text) for init_PWM
    http_demo.o(.text) refers to ds1621.o(.text) for config_DS1621
    http_demo.o(.text) refers to at_system.o(i.init_TcpNet) for init_TcpNet
    http_demo.o(.text) refers to at_system.o(i.timer_tick) for timer_tick
    http_demo.o(.text) refers to f2d.o(.text) for __aeabi_f2d
    http_demo.o(.text) refers to printfa.o(i.__0sprintf) for __2sprintf
    http_demo.o(.text) refers to at_lib.o(i.mem_test) for mem_test
    http_demo.o(.text) refers to net_config.o(.text) for dhcp_disable
    http_demo.o(.text) refers to dma.o(.text) for rec_ADC
    http_demo.o(.text) refers to dfltui.o(.text) for __aeabi_ui2d
    http_demo.o(.text) refers to dmul.o(.text) for __aeabi_dmul
    http_demo.o(.text) refers to ddiv.o(.text) for __aeabi_ddiv
    http_demo.o(.text) refers to d2f.o(.text) for __aeabi_d2f
    http_demo.o(.text) refers to system_lpc17xx.o(.data) for SystemCoreClock
    http_demo.o(.text) refers to http_demo.o(.data) for tick
    http_demo.o(.text) refers to http_cgi.o(.data) for umbral_temp
    http_demo.o(.text) refers to at_system.o(.bss) for localm
    http_demo.o(.text) refers to dadd.o(.text) for __aeabi_dsub
    http_demo.o(.text) refers to bmp180.o(.text) for read_uncompensated_temp
    http_demo.o(.text) refers to uart.o(.text) for tx_cadena_UART0
    http_demo.o(.text) refers to at_system.o(i.main_TcpNet) for main_TcpNet
    http_demo.o(.text) refers to fflti.o(.text) for __aeabi_i2f
    http_demo.o(.text) refers to cfcmple.o(.text) for __aeabi_cfcmple
    http_demo.o(.text) refers to uart.o(.data) for tx_completa
    http_demo.o(.text) refers to http_demo.o(.constdata) for .constdata
    http_demo.o(.text) refers to http_demo.o(.bss) for buff_env
    http_cgi.o(.text) refers to _scanf_int.o(.text) for _scanf_int
    http_cgi.o(.text) refers to at_mem.o(i.alloc_mem) for alloc_mem
    http_cgi.o(.text) refers to at_http.o(i.http_get_var) for http_get_var
    http_cgi.o(.text) refers to at_lib.o(i.str_scomp) for str_scomp
    http_cgi.o(.text) refers to __0sscanf.o(.text) for __0sscanf
    http_cgi.o(.text) refers to at_mem.o(i.free_mem) for free_mem
    http_cgi.o(.text) refers to f2d.o(.text) for __aeabi_f2d
    http_cgi.o(.text) refers to printfa.o(i.__0sprintf) for __2sprintf
    http_cgi.o(.text) refers to http_cgi.o(.data) for umbral_temp
    http_cgi.o(.text) refers to http_demo.o(.data) for temp_LM35
    dma.o(.text) refers to init.o(.text) for init_ADC_sensores
    dma.o(.text) refers to dma.o(.data) for muestras
    pwm.o(.text) refers to ffltui.o(.text) for __aeabi_ui2f
    pwm.o(.text) refers to fmul.o(.text) for __aeabi_fmul
    pwm.o(.text) refers to fdiv.o(.text) for __aeabi_fdiv
    pwm.o(.text) refers to ffixui.o(.text) for __aeabi_f2uiz
    touchpanel.o(.text) refers to lpc17xx_pinsel.o(.text) for PINSEL_ConfigPin
    touchpanel.o(.text) refers to lpc17xx_gpio.o(.text) for GPIO_SetDir
    touchpanel.o(.text) refers to lpc17xx_ssp.o(.text) for SSP_ConfigStructInit
    touchpanel.o(.text) refers to glcd.o(.text) for LCD_SetPoint
    touchpanel.o(.text) refers to memseta.o(.text) for __aeabi_memclr4
    touchpanel.o(.text) refers to touchpanel.o(.data) for screen
    touchpanel.o(.text) refers to dflti.o(.text) for __aeabi_i2d
    touchpanel.o(.text) refers to cdcmple.o(.text) for __aeabi_cdcmpeq
    touchpanel.o(.text) refers to dfltui.o(.text) for __aeabi_ui2d
    touchpanel.o(.text) refers to dmul.o(.text) for __aeabi_dmul
    touchpanel.o(.text) refers to dadd.o(.text) for __aeabi_dadd
    touchpanel.o(.text) refers to ddiv.o(.text) for __aeabi_ddiv
    touchpanel.o(.text) refers to dfixui.o(.text) for __aeabi_d2uiz
    touchpanel.o(.text) refers to touchpanel.o(.bss) for ScreenSample
    uart.o(.text) refers to uart.o(.data) for ptr_rx
    uart.o(.text) refers to uart.o(.bss) for buffer
    uart.o(.text) refers to system_lpc17xx.o(.data) for SystemCoreClock
    ds1621.o(.text) refers to i2c_lpc17xx.o(.text) for I2CSendAddr
    ds1621.o(.text) refers to fflti.o(.text) for __aeabi_i2f
    ds1621.o(.text) refers to cfrcmple.o(.text) for __aeabi_cfrcmple
    ds1621.o(.text) refers to f2d.o(.text) for __aeabi_f2d
    ds1621.o(.text) refers to dadd.o(.text) for __aeabi_dadd
    ds1621.o(.text) refers to d2f.o(.text) for __aeabi_d2f
    bmp180.o(.text) refers to i2c_lpc17xx.o(.text) for I2CSendStop
    bmp180.o(.text) refers to bmp180.o(.data) for ID_BMP
    bmp180.o(.text) refers to fflti.o(.text) for __aeabi_i2f
    bmp180.o(.text) refers to f2d.o(.text) for __aeabi_f2d
    bmp180.o(.text) refers to dmul.o(.text) for __aeabi_dmul
    bmp180.o(.text) refers to d2f.o(.text) for __aeabi_d2f
[...]
    i.http_add_header                        0x00015f1c   Section        0  at_http.o(i.http_add_header)
    http_add_header                          0x00015f1d   Thumb Code   226  at_http.o(i.http_add_header)
    i.http_check_account                     0x000161d8   Section        0  at_http.o(i.http_check_account)
    i.http_error_msg                         0x000161dc   Section        0  at_http.o(i.http_error_msg)
    http_error_msg                           0x000161dd   Thumb Code   162  at_http.o(i.http_error_msg)
    i.http_fclose                            0x00016364   Section        0  at_http_uif.o(i.http_fclose)
    i.http_fgets                             0x00016366   Section        0  at_http_uif.o(i.http_fgets)
    i.http_file_access                       0x0001636a   Section        0  at_http.o(i.http_file_access)
    i.http_finfo                             0x0001636e   Section        0  at_http_uif.o(i.http_finfo)
    i.http_fopen                             0x00016372   Section        0  at_http_uif.o(i.http_fopen)
    i.http_fread                             0x00016376   Section        0  at_http_uif.o(i.http_fread)
    i.http_get_var                           0x0001637c   Section        0  at_http.o(i.http_get_var)
    i.http_init                              0x000163e8   Section        0  at_http.o(i.http_init)
    i.http_kill_session                      0x00016438   Section        0  at_http.o(i.http_kill_session)
    http_kill_session                        0x00016439   Thumb Code    94  at_http.o(i.http_kill_session)
    i.http_listener                          0x00016498   Section        0  at_http.o(i.http_listener)
    http_listener                            0x00016499   Thumb Code   514  at_http.o(i.http_listener)
    i.http_open_file                         0x000166bc   Section        0  at_http.o(i.http_open_file)
    http_open_file                           0x000166bd   Thumb Code   254  at_http.o(i.http_open_file)
    i.http_proc_header                       0x000167dc   Section        0  at_http.o(i.http_proc_header)
    http_proc_header                         0x000167dd   Thumb Code   266  at_http.o(i.http_proc_header)
    i.http_proc_multipart                    0x00016930   Section        0  at_http.o(i.http_proc_multipart)
    http_proc_multipart                      0x00016931   Thumb Code   338  at_http.o(i.http_proc_multipart)
    i.http_proc_post                         0x00016aac   Section        0  at_http.o(i.http_proc_post)
    http_proc_post                           0x00016aad   Thumb Code   240  at_http.o(i.http_proc_post)
    i.http_run_server                        0x00016ba4   Section        0  at_http.o(i.http_run_server)
    i.http_strcpy                            0x00016ee0   Section        0  at_http.o(i.http_strcpy)
    http_strcpy                              0x00016ee1   Thumb Code    30  at_http.o(i.http_strcpy)
    i.http_to_utc                            0x00016f00   Section        0  at_http.o(i.http_to_utc)
    http_to_utc                              0x00016f01   Thumb Code   162  at_http.o(i.http_to_utc)
    i.icmp_init                              0x00016fa8   Section        0  at_icmp.o(i.icmp_init)
    i.icmp_process                           0x00016fb8   Section        0  at_icmp.o(i.icmp_process)
    i.icmp_run_engine                        0x00017084   Section        0  at_icmp.o(i.icmp_run_engine)
    i.icmp_send_message                      0x000170cc   Section        0  at_icmp.o(i.icmp_send_message)
    icmp_send_message                        0x000170cd   Thumb Code   108  at_icmp.o(i.icmp_send_message)
    i.ifree_mem                              0x0001713c   Section        0  at_mem.o(i.ifree_mem)
    i.init_TcpNet                            0x00017174   Section        0  at_system.o(i.init_TcpNet)
    i.init_mem                               0x000171a4   Section        0  at_mem.o(i.init_mem)
    i.ip_chk_frame                           0x00017204   Section        0  at_ip.o(i.ip_chk_frame)
    i.ip_get_chksum                          0x000172cc   Section        0  at_ip.o(i.ip_get_chksum)
    ip_get_chksum                            0x000172cd   Thumb Code    10  at_ip.o(i.ip_get_chksum)
    i.ip_get_locadr                          0x000172d8   Section        0  at_ip.o(i.ip_get_locadr)
    i.ip_init                                0x00017390   Section        0  at_ip.o(i.ip_init)
    i.ip_run_local                           0x0001739c   Section        0  at_ip.o(i.ip_run_local)
    i.ip_send_frame                          0x000173f8   Section        0  at_ip.o(i.ip_send_frame)
    i.is_subnet                              0x00017548   Section        0  at_lib.o(i.is_subnet)
    i.main_TcpNet                            0x0001755c   Section        0  at_system.o(i.main_TcpNet)
    i.mem_comp                               0x000175c0   Section        0  at_lib.o(i.mem_comp)
    i.mem_copy                               0x000175d8   Section        0  at_lib.o(i.mem_copy)
    i.mem_crc32                              0x000175ee   Section        0  at_lib.o(i.mem_crc32)
    i.mem_set                                0x0001760e   Section        0  at_lib.o(i.mem_set)
    i.mem_test                               0x00017618   Section        0  at_lib.o(i.mem_test)
    i.nrd_u32be                              0x0001762c   Section        0  at_lib.o(i.nrd_u32be)
    i.nwr_u32be                              0x00017642   Section        0  at_lib.o(i.nwr_u32be)
    i.pow                                    0x00017654   Section        0  pow.o(i.pow)
    i.proc_req_line                          0x00018034   Section        0  at_http.o(i.proc_req_line)
    proc_req_line                            0x00018035   Thumb Code    36  at_http.o(i.proc_req_line)
    i.put_in_queue                           0x0001805c   Section        0  at_ethernet.o(i.put_in_queue)
    i.read_script_line                       0x00018084   Section        0  at_http.o(i.read_script_line)
    read_script_line                         0x00018085   Thumb Code   160  at_http.o(i.read_script_line)
    i.resize_mem                             0x00018124   Section        0  at_mem.o(i.resize_mem)
    i.search_delim                           0x0001816c   Section        0  at_http.o(i.search_delim)
    search_delim                             0x0001816d   Thumb Code    76  at_http.o(i.search_delim)
    i.sqrt                                   0x000181b8   Section        0  sqrt.o(i.sqrt)
    i.str_copy                               0x00018204   Section        0  at_lib.o(i.str_copy)
    i.str_crc32                              0x00018216   Section        0  at_lib.o(i.str_crc32)
    i.str_pos                                0x00018230   Section        0  at_lib.o(i.str_pos)
    i.str_scomp                              0x00018246   Section        0  at_lib.o(i.str_scomp)
    i.tcp_abort                              0x00018260   Section        0  at_tcp.o(i.tcp_abort)
    i.tcp_close                              0x000182b0   Section        0  at_tcp.o(i.tcp_close)
    i.tcp_get_buf                            0x0001834c   Section        0  at_tcp.o(i.tcp_get_buf)
    i.tcp_get_socket                         0x0001836c   Section        0  at_tcp.o(i.tcp_get_socket)
    i.tcp_get_state                          0x000183b8   Section        0  at_tcp.o(i.tcp_get_state)
    i.tcp_init                               0x000183dc   Section        0  at_tcp.o(i.tcp_init)
    i.tcp_listen                             0x000183f4   Section        0  at_tcp.o(i.tcp_listen)
    i.tcp_map_socket                         0x00018460   Section        0  at_tcp.o(i.tcp_map_socket)
    tcp_map_socket                           0x00018461   Thumb Code   146  at_tcp.o(i.tcp_map_socket)
    i.tcp_max_dsize                          0x000184f8   Section        0  at_tcp.o(i.tcp_max_dsize)
    i.tcp_parse_opt                          0x0001851c   Section        0  at_tcp.o(i.tcp_parse_opt)
    tcp_parse_opt                            0x0001851d   Thumb Code    94  at_tcp.o(i.tcp_parse_opt)
    i.tcp_poll_sockets                       0x0001857c   Section        0  at_tcp.o(i.tcp_poll_sockets)
    i.tcp_proc_acknr                         0x00018800   Section        0  at_tcp.o(i.tcp_proc_acknr)
    tcp_proc_acknr                           0x00018801   Thumb Code   194  at_tcp.o(i.tcp_proc_acknr)
    i.tcp_proc_dupack                        0x000188c8   Section        0  at_tcp.o(i.tcp_proc_dupack)
    tcp_proc_dupack                          0x000188c9   Thumb Code    82  at_tcp.o(i.tcp_proc_dupack)
    i.tcp_process                            0x0001891c   Section        0  at_tcp.o(i.tcp_process)
    i.tcp_que_free                           0x00018db4   Section        0  at_tcp.o(i.tcp_que_free)
    tcp_que_free                             0x00018db5   Thumb Code    26  at_tcp.o(i.tcp_que_free)
    i.tcp_que_init                           0x00018dce   Section        0  at_tcp.o(i.tcp_que_init)
    tcp_que_init                             0x00018dcf   Thumb Code    26  at_tcp.o(i.tcp_que_init)
    i.tcp_que_resend                         0x00018de8   Section        0  at_tcp.o(i.tcp_que_resend)
    tcp_que_resend                           0x00018de9   Thumb Code   142  at_tcp.o(i.tcp_que_resend)
    i.tcp_send                               0x00018e7c   Section        0  at_tcp.o(i.tcp_send)
    i.tcp_send_ctrl                          0x00018f50   Section        0  at_tcp.o(i.tcp_send_ctrl)
    tcp_send_ctrl                            0x00018f51   Thumb Code   106  at_tcp.o(i.tcp_send_ctrl)
    i.tcp_send_data                          0x00018fba   Section        0  at_tcp.o(i.tcp_send_data)
    tcp_send_data                            0x00018fbb   Thumb Code    80  at_tcp.o(i.tcp_send_data)
    i.tcp_send_reset                         0x0001900a   Section        0  at_tcp.o(i.tcp_send_reset)
    tcp_send_reset                           0x0001900b   Thumb Code   104  at_tcp.o(i.tcp_send_reset)
    i.tcp_set_cwnd                           0x00019072   Section        0  at_tcp.o(i.tcp_set_cwnd)
    tcp_set_cwnd                             0x00019073   Thumb Code    38  at_tcp.o(i.tcp_set_cwnd)
    i.tcp_transit                            0x00019098   Section        0  at_tcp.o(i.tcp_transit)
    tcp_transit                              0x00019099   Thumb Code   100  at_tcp.o(i.tcp_transit)
    i.tcp_write                              0x00019100   Section        0  at_tcp.o(i.tcp_write)
    tcp_write                                0x00019101   Thumb Code   190  at_tcp.o(i.tcp_write)
    i.timer_tick                             0x000191c4   Section        0  at_system.o(i.timer_tick)
    i.udp_init                               0x000191d8   Section        0  at_udp.o(i.udp_init)
    i.udp_process                            0x000191f0   Section        0  at_udp.o(i.udp_process)
    i.utc_to_http                            0x000192a8   Section        0  at_http.o(i.utc_to_http)
    utc_to_http                              0x000192a9   Thumb Code   180  at_http.o(i.utc_to_http)
    .constdata                               0x00019388   Section     3912  web.o(.constdata)
    Web                                      0x0001938c   Data        3881  web.o(.constdata)
    .constdata                               0x0001a2d0   Section       72  http_demo.o(.constdata)
    .constdata                               0x0001a318   Section      144  net_config.o(.constdata)
    .constdata                               0x0001a3a8   Section       40  rtx_conf_cm.o(.constdata)
    __tagsym$$used                           0x0001a3bc   Number         0  rtx_conf_cm.o(.constdata)
    __tagsym$$used                           0x0001a3c0   Number         0  rtx_conf_cm.o(.constdata)
    .constdata                               0x0001a3d0   Section     1520  asciilib.o(.constdata)
    AsciiLib                                 0x0001a3d0   Data        1520  asciilib.o(.constdata)
    .constdata                               0x0001a9c0   Section        6  at_arp.o(.constdata)
    NullAdr                                  0x0001a9c0   Data           6  at_arp.o(.constdata)
    .constdata                               0x0001a9c6   Section        8  at_ip.o(.constdata)
    IP_Localhost                             0x0001a9ca   Data           4  at_ip.o(.constdata)
    .constdata                               0x0001a9ce   Section      244  at_http.o(.constdata)
    DYear                                    0x0001a9ce   Data           6  at_http.o(.constdata)
    Month                                    0x0001a9d4   Data          48  at_http.o(.constdata)
    WkDay                                    0x0001aa04   Data          28  at_http.o(.constdata)
    DMonth                                   0x0001aa20   Data          24  at_http.o(.constdata)
    ftype                                    0x0001aa38   Data         138  at_http.o(.constdata)
    .constdata                               0x0001aac2   Section        6  at_ethernet.o(.constdata)
    .constdata                               0x0001aac8   Section       86  http_err.o(.constdata)
    .constdata                               0x0001ab1e   Section       81  http_err.o(.constdata)
    .constdata                               0x0001ab6f   Section       78  http_err.o(.constdata)
    .constdata                               0x0001abbd   Section       75  http_err.o(.constdata)
    .constdata                               0x0001ac08   Section       47  http_err.o(.constdata)
    .constdata                               0x0001ac37   Section      136  http_err.o(.constdata)
    .constdata                               0x0001acc0   Section      136  pow.o(.constdata)
    bp                                       0x0001acc0   Data          16  pow.o(.constdata)
    dp_h                                     0x0001acd0   Data          16  pow.o(.constdata)
    dp_l                                     0x0001ace0   Data          16  pow.o(.constdata)
    L                                        0x0001acf0   Data          48  pow.o(.constdata)
    P                                        0x0001ad20   Data          40  pow.o(.constdata)
    .constdata                               0x0001ad48   Section        8  qnan.o(.constdata)
    .constdata                               0x0001ad50   Section      129  ctype_o.o(.constdata)
    .constdata                               0x0001add4   Section        4  ctype_o.o(.constdata)
    table                                    0x0001add4   Data           4  ctype_o.o(.constdata)
    .conststring                             0x0001add8   Section       26  net_config.o(.conststring)
    .data                                    0x10000000   Section      164  http_demo.o(.data)
    contador_uart                            0x10000040   Data           4  http_demo.o(.data)
    contador_disp                            0x10000044   Data           4  http_demo.o(.data)
    AC1                                      0x10000048   Data           2  http_demo.o(.data)
    AC2                                      0x1000004a   Data           2  http_demo.o(.data)
    AC3                                      0x1000004c   Data           2  http_demo.o(.data)
    B1                                       0x1000004e   Data           2  http_demo.o(.data)
    B2                                       0x10000050   Data           2  http_demo.o(.data)
    MB                                       0x10000052   Data           2  http_demo.o(.data)
    MC                                       0x10000054   Data           2  http_demo.o(.data)
    MD                                       0x10000056   Data           2  http_demo.o(.data)
    AC4                                      0x10000058   Data           2  http_demo.o(.data)
    AC5                                      0x1000005a   Data           2  http_demo.o(.data)
    AC6                                      0x1000005c   Data           2  http_demo.o(.data)
    UT                                       0x10000060   Data           4  http_demo.o(.data)
    UP                                       0x10000064   Data           4  http_demo.o(.data)
    X1                                       0x10000068   Data           4  http_demo.o(.data)
    X2                                       0x1000006c   Data           4  http_demo.o(.data)
    X3                                       0x10000070   Data           4  http_demo.o(.data)
    B3                                       0x10000074   Data           4  http_demo.o(.data)
    B5                                       0x10000078   Data           4  http_demo.o(.data)
    B6                                       0x1000007c   Data           4  http_demo.o(.data)
    B4                                       0x10000080   Data           4  http_demo.o(.data)
    B7                                       0x10000084   Data           4  http_demo.o(.data)
    t_bmp                                    0x10000088   Data           4  http_demo.o(.data)
    p_bmp                                    0x1000008c   Data           4  http_demo.o(.data)
    ID_BMP                                   0x10000090   Data           1  http_demo.o(.data)
    .data                                    0x100000a4   Section        4  http_cgi.o(.data)
    .data                                    0x100000a8   Section    16008  dma.o(.data)
    .data                                    0x10003f30   Section       13  uart.o(.data)
    .data                                    0x10003f40   Section       73  bmp180.o(.data)
    AC1                                      0x10003f40   Data           2  bmp180.o(.data)
    AC2                                      0x10003f42   Data           2  bmp180.o(.data)
    AC3                                      0x10003f44   Data           2  bmp180.o(.data)
    B1                                       0x10003f46   Data           2  bmp180.o(.data)
    B2                                       0x10003f48   Data           2  bmp180.o(.data)
    MB                                       0x10003f4a   Data           2  bmp180.o(.data)
    MC                                       0x10003f4c   Data           2  bmp180.o(.data)
    MD                                       0x10003f4e   Data           2  bmp180.o(.data)
    AC4                                      0x10003f50   Data           2  bmp180.o(.data)
    AC5                                      0x10003f52   Data           2  bmp180.o(.data)
    AC6                                      0x10003f54   Data           2  bmp180.o(.data)
    UT                                       0x10003f58   Data           4  bmp180.o(.data)
    UP                                       0x10003f5c   Data           4  bmp180.o(.data)
    X1                                       0x10003f60   Data           4  bmp180.o(.data)
    X2                                       0x10003f64   Data           4  bmp180.o(.data)
    X3                                       0x10003f68   Data           4  bmp180.o(.data)
    B3                                       0x10003f6c   Data           4  bmp180.o(.data)
    B5                                       0x10003f70   Data           4  bmp180.o(.data)
    B6                                       0x10003f74   Data           4  bmp180.o(.data)
    B4                                       0x10003f78   Data           4  bmp180.o(.data)
    B7                                       0x10003f7c   Data           4  bmp180.o(.data)
    t_bmp                                    0x10003f80   Data           4  bmp180.o(.data)
    p_bmp                                    0x10003f84   Data           4  bmp180.o(.data)
    ID_BMP                                   0x10003f88   Data           1  bmp180.o(.data)
    .data                                    0x10003f89   Section       42  net_config.o(.data)
    http_passw                               0x10003f9f   Data          20  net_config.o(.data)
    .data                                    0x10003fb4   Section        5  emac_lpc17xx_100mb.o(.data)
    dev_175x                                 0x10003fb8   Data           1  emac_lpc17xx_100mb.o(.data)
    .data                                    0x10003fbc   Section        4  system_lpc17xx.o(.data)
    .data                                    0x10003fc0   Section        1  glcd.o(.data)
    LCD_Code                                 0x10003fc0   Data           1  glcd.o(.data)
    .data                                    0x10003fc4   Section        8  at_arp.o(.data)
    entry                                    0x10003fc4   Data           1  at_arp.o(.data)
    probe_ip                                 0x10003fc8   Data           4  at_arp.o(.data)
    .data                                    0x10003fcc   Section       12  at_ip.o(.data)
    ip_id                                    0x10003fcc   Data           2  at_ip.o(.data)
    ip_control                               0x10003fd0   Data           8  at_ip.o(.data)
    .data                                    0x10003fd8   Section        4  at_tcp.o(.data)
    socket                                   0x10003fd8   Data           1  at_tcp.o(.data)
    no_ack                                   0x10003fd9   Data           1  at_tcp.o(.data)
    port                                     0x10003fda   Data           2  at_tcp.o(.data)
    .data                                    0x10003fdc   Section       12  at_http.o(.data)
    session                                  0x10003fdc   Data           1  at_http.o(.data)
    cgi                                      0x10003fe0   Data           8  at_http.o(.data)
    .data                                    0x10003fe8   Section        4  errno.o(.data)
    _errno                                   0x10003fe8   Data           4  errno.o(.data)
    .bss                                     0x10003fec   Section       30  http_demo.o(.bss)
    .bss                                     0x1000400a   Section       30  uart.o(.bss)
    .bss                                     0x10004028   Section       16  at_icmp.o(.bss)
    icmp_control                             0x10004028   Data          16  at_icmp.o(.bss)
    .bss                                     0x10004038   Section      132  at_ethernet.o(.bss)
    eth_control                              0x10004038   Data         132  at_ethernet.o(.bss)
    .bss                                     0x100040bc   Section       16  at_mem.o(.bss)
    mem_control                              0x100040bc   Data          16  at_mem.o(.bss)
    .bss                                     0x100040cc   Section       76  at_system.o(.bss)
    STACK                                    0x10004118   Section     1024  startup_lpc17xx.o(STACK)
    .bss                                     0x2007c000   Section    12952  net_config.o(.bss)
    mem_pool                                 0x2007c000   Data       12000  net_config.o(.bss)
    arp_table                                0x2007eee0   Data         140  net_config.o(.bss)
    udp_scb                                  0x2007ef6c   Data          24  net_config.o(.bss)
    tcp_scb                                  0x2007ef84   Data         476  net_config.o(.bss)
    http_scb                                 0x2007f160   Data         312  net_config.o(.bss)
    .bss                                     0x2007f298   Section    10852  emac_lpc17xx_100mb.o(.bss)
    Rx_Desc                                  0x2007f298   Data          32  emac_lpc17xx_100mb.o(.bss)
    Rx_Stat                                  0x2007f2b8   Data          32  emac_lpc17xx_100mb.o(.bss)
    Tx_Desc                                  0x2007f2d8   Data          24  emac_lpc17xx_100mb.o(.bss)
    Tx_Stat                                  0x2007f2f0   Data          12  emac_lpc17xx_100mb.o(.bss)
    rx_buf                                   0x2007f2fc   Data        6144  emac_lpc17xx_100mb.o(.bss)
    tx_buf                                   0x20080afc   Data        4608  emac_lpc17xx_100mb.o(.bss)

    Global Symbols

    Symbol Name                              Value     Ov Type        Size  Object(Section)

    BuildAttributes$$THM_ISAv4$P$D$K$B$S$PE$A:L22UL41UL21$X:L11$S22US41US21$IEEE1$IW$USESV6$~STKCKD$USESV7$~SHL$OTIME$ROPI$IEEEX$EBA8$MICROLIB$REQ8$PRES8$EABIv2 0x00000000   Number         0  anon$$obj.o ABSOLUTE
    __ARM_use_no_argv                        0x00000000   Number         0  http_demo.o ABSOLUTE
    __Vectors                                0x00000000   Data           4  startup_lpc17xx.o(RESET)
    _printf_a                                0x00000000   Number         0  stubs.o ABSOLUTE
    _printf_c                                0x00000000   Number         0  stubs.o ABSOLUTE
    _printf_charcount                        0x00000000   Number         0  stubs.o ABSOLUTE
    _printf_d                                0x00000000   Number         0  stubs.o ABSOLUTE
    _printf_e                                0x00000000   Number         0  stubs.o ABSOLUTE
    _printf_f                                0x00000000   Number         0  stubs.o ABSOLUTE
    _printf_flags                            0x00000000   Number         0  stubs.o ABSOLUTE
    _printf_fp_dec                           0x00000000   Number         0  stubs.o ABSOLUTE
    _printf_fp_hex                           0x00000000   Number         0  stubs.o ABSOLUTE
    _printf_g                                0x00000000   Number         0  stubs.o ABSOLUTE
    _printf_i                                0x00000000   Number         0  stubs.o ABSOLUTE
    _printf_int_dec                          0x00000000   Number         0  stubs.o ABSOLUTE
    _printf_l                                0x00000000   Number         0  stubs.o ABSOLUTE
    _printf_lc                               0x00000000   Number         0  stubs.o ABSOLUTE
    _printf_ll                               0x00000000   Number         0  stubs.o ABSOLUTE
    _printf_lld                              0x00000000   Number         0  stubs.o ABSOLUTE
    _printf_lli                              0x00000000   Number         0  stubs.o ABSOLUTE
    _printf_llo                              0x00000000   Number         0  stubs.o ABSOLUTE
    _printf_llu                              0x00000000   Number         0  stubs.o ABSOLUTE
    _printf_llx                              0x00000000   Number         0  stubs.o ABSOLUTE
    _printf_longlong_dec                     0x00000000   Number         0  stubs.o ABSOLUTE
    _printf_longlong_hex                     0x00000000   Number         0  stubs.o ABSOLUTE
    _printf_longlong_oct                     0x00000000   Number         0  stubs.o ABSOLUTE
    _printf_ls                               0x00000000   Number         0  stubs.o ABSOLUTE
    _printf_mbtowc                           0x00000000   Number         0  stubs.o ABSOLUTE
    _printf_n                                0x00000000   Number         0  stubs.o ABSOLUTE
    _printf_o                                0x00000000   Number         0  stubs.o ABSOLUTE
    _printf_p                                0x00000000   Number         0  stubs.o ABSOLUTE
    _printf_percent                          0x00000000   Number         0  stubs.o ABSOLUTE
    _printf_pre_padding                      0x00000000   Number         0  stubs.o ABSOLUTE
    _printf_return_value                     0x00000000   Number         0  stubs.o ABSOLUTE
    _printf_s                                0x00000000   Number         0  stubs.o ABSOLUTE
    _printf_sizespec                         0x00000000   Number         0  stubs.o ABSOLUTE
    _printf_str                              0x00000000   Number         0  stubs.o ABSOLUTE
    _printf_truncate_signed                  0x00000000   Number         0  stubs.o ABSOLUTE
    _printf_truncate_unsigned                0x00000000   Number         0  stubs.o ABSOLUTE
    _printf_u                                0x00000000   Number         0  stubs.o ABSOLUTE
    _printf_wc                               0x00000000   Number         0  stubs.o ABSOLUTE
    _printf_wctomb                           0x00000000   Number         0  stubs.o ABSOLUTE
    _printf_widthprec                        0x00000000   Number         0  stubs.o ABSOLUTE
    _printf_x                                0x00000000   Number         0  stubs.o ABSOLUTE
    __cpp_initialize__aeabi_                  - Undefined Weak Reference
    __cxa_finalize                            - Undefined Weak Reference
    _clock_init                               - Undefined Weak Reference
    _microlib_exit                            - Undefined Weak Reference
    _scanf_longlong                           - Undefined Weak Reference
    _scanf_real                               - Undefined Weak Reference
    _scanf_string                             - Undefined Weak Reference
    poll_ethernet                             - Undefined Weak Reference
    __main                                   0x000000cd   Thumb Code     0  entry.o(.ARM.Collect$$$$00000000)
    _main_stk                                0x000000cd   Thumb Code     0  entry2.o(.ARM.Collect$$$$00000001)
    _main_scatterload                        0x000000d1   Thumb Code     0  entry5.o(.ARM.Collect$$$$00000004)
    __main_after_scatterload                 0x000000d5   Thumb Code     0  entry5.o(.ARM.Collect$$$$00000004)
    _main_clock                              0x000000d5   Thumb Code     0  entry7b.o(.ARM.Collect$$$$00000008)
    _main_cpp_init                           0x000000d5   Thumb Code     0  entry8b.o(.ARM.Collect$$$$0000000A)
    _main_init                               0x000000d5   Thumb Code     0  entry9a.o(.ARM.Collect$$$$0000000B)
    __rt_final_cpp                           0x000000dd   Thumb Code     0  entry10a.o(.ARM.Collect$$$$0000000D)
    __rt_final_exit                          0x000000dd   Thumb Code     0  entry11a.o(.ARM.Collect$$$$0000000F)
    cgi_process_var                          0x000000e1   Thumb Code    66  http_cgi.o(.text)
    cgi_process_data                         0x00000123   Thumb Code     2  http_cgi.o(.text)
    cgi_func                                 0x00000125   Thumb Code   272  http_cgi.o(.text)
    init_PWM                                 0x00000265   Thumb Code    52  pwm.o(.text)
    set_ciclo_trabajo_PWM                    0x00000299   Thumb Code    54  pwm.o(.text)
    strlen                                   0x000002e5   Thumb Code    14  strlen.o(.text)
    __aeabi_ui2f                             0x000002f3   Thumb Code    10  ffltui.o(.text)
    __RL_TCP_VER                             0x00000472   Number         0  at_system.o ABSOLUTE
    EINT1_IRQHandler                         0x0000068d   Thumb Code     8  http_demo.o(.text)
    EINT2_IRQHandler                         0x00000695   Thumb Code     8  http_demo.o(.text)
    ADC_IRQHandler                           0x0000069d   Thumb Code   492  http_demo.o(.text)
    TIMER0_IRQHandler                        0x00000889   Thumb Code   374  http_demo.o(.text)
    main                                     0x000009ff   Thumb Code    86  http_demo.o(.text)
    apagar_DMA                               0x00000b39   Thumb Code    16  dma.o(.text)
    apagar_TIMER1                            0x00000b49   Thumb Code    16  dma.o(.text)
    init_DMA_DAC                             0x00000b59   Thumb Code   102  dma.o(.text)
    init_DMA_ADC                             0x00000bbf   Thumb Code   106  dma.o(.text)
    DMA_IRQHandler                           0x00000c29   Thumb Code   122  dma.o(.text)
    TIMER1_IRQHandler                        0x00000ca3   Thumb Code    84  dma.o(.text)
    rec_ADC                                  0x00000cf7   Thumb Code    24  dma.o(.text)
    rec_DMA                                  0x00000d0f   Thumb Code    34  dma.o(.text)
    play                                     0x00000d31   Thumb Code    20  dma.o(.text)
    I2Cdelay                                 0x00000dad   Thumb Code    14  i2c_lpc17xx.o(.text)
    pulso_SCL                                0x00000dbb   Thumb Code    24  i2c_lpc17xx.o(.text)
    I2CSendByte                              0x00000dd3   Thumb Code    74  i2c_lpc17xx.o(.text)
    I2CSendAddr                              0x00000e1d   Thumb Code    68  i2c_lpc17xx.o(.text)
    I2CGetByte                               0x00000e61   Thumb Code   100  i2c_lpc17xx.o(.text)
    I2CSendStop                              0x00000ec5   Thumb Code    34  i2c_lpc17xx.o(.text)
    init_GPIO                                0x00000eed   Thumb Code   144  init.o(.text)
    init_TIMER0                              0x00000f7d   Thumb Code    48  init.o(.text)
    init_TIMER1                              0x00000fad   Thumb Code    62  init.o(.text)
    init_TIMER3                              0x00000feb   Thumb Code    38  init.o(.text)
    init_ADC_sensores                        0x00001011   Thumb Code    86  init.o(.text)
    init_ADC_grabar                          0x00001067   Thumb Code    48  init.o(.text)
    UART0_IRQHandler                         0x000010e1   Thumb Code   110  uart.o(.text)
    tx_cadena_UART0                          0x0000114f   Thumb Code    32  uart.o(.text)
    uart0_init                               0x00001269   Thumb Code    70  uart.o(.text)
    config_DS1621                            0x000012d5   Thumb Code    50  ds1621.o(.text)
    leer_DS1621                              0x00001307   Thumb Code   138  ds1621.o(.text)
    I2CRestart                               0x00001395   Thumb Code    12  bmp180.o(.text)
    check_communication                      0x000013a1   Thumb Code    44  bmp180.o(.text)
    read_calibration_data                    0x000013cd   Thumb Code  1052  bmp180.o(.text)
    read_uncompensated_temp                  0x000017e9   Thumb Code   112  bmp180.o(.text)
    read_uncompensated_press                 0x00001859   Thumb Code   132  bmp180.o(.text)
    calculate_temp                           0x000018dd   Thumb Code   126  bmp180.o(.text)
    calculate_press                          0x0000195b   Thumb Code   486  bmp180.o(.text)
    calculate_altitude                       0x00001b41   Thumb Code    78  bmp180.o(.text)
    sys_error                                0x00001c11   Thumb Code    36  net_config.o(.text)
    init_system                              0x00001c35   Thumb Code    34  net_config.o(.text)
    run_system                               0x00001c57   Thumb Code    26  net_config.o(.text)
    igmp_is_member                           0x00001c71   Thumb Code     4  net_config.o(.text)
    igmp_process                             0x00001c75   Thumb Code     2  net_config.o(.text)
    dhcp_disable                             0x00001c77   Thumb Code     2  net_config.o(.text)
    ppp_send_frame                           0x00001c79   Thumb Code     4  net_config.o(.text)
    slip_send_frame                          0x00001c7d   Thumb Code     4  net_config.o(.text)
    sntp_get_time                            0x00001c81   Thumb Code     4  net_config.o(.text)
    Reset_Handler                            0x00001c85   Thumb Code     8  startup_lpc17xx.o(.text)
    NMI_Handler                              0x00001c8d   Thumb Code     2  startup_lpc17xx.o(.text)
    HardFault_Handler                        0x00001c8f   Thumb Code     2  startup_lpc17xx.o(.text)
    MemManage_Handler                        0x00001c91   Thumb Code     2  startup_lpc17xx.o(.text)
    BusFault_Handler                         0x00001c93   Thumb Code     2  startup_lpc17xx.o(.text)
    UsageFault_Handler                       0x00001c95   Thumb Code     2  startup_lpc17xx.o(.text)
    SVC_Handler                              0x00001c97   Thumb Code     2  startup_lpc17xx.o(.text)
    DebugMon_Handler                         0x00001c99   Thumb Code     2  startup_lpc17xx.o(.text)
    PendSV_Handler                           0x00001c9b   Thumb Code     2  startup_lpc17xx.o(.text)
    SysTick_Handler                          0x00001c9d   Thumb Code     2  startup_lpc17xx.o(.text)
    BOD_IRQHandler                           0x00001c9f   Thumb Code     0  startup_lpc17xx.o(.text)
    CANActivity_IRQHandler                   0x00001c9f   Thumb Code     0  startup_lpc17xx.o(.text)
    CAN_IRQHandler                           0x00001c9f   Thumb Code     0  startup_lpc17xx.o(.text)
    EINT0_IRQHandler                         0x00001c9f   Thumb Code     0  startup_lpc17xx.o(.text)
    EINT3_IRQHandler                         0x00001c9f   Thumb Code     0  startup_lpc17xx.o(.text)
    I2C0_IRQHandler                          0x00001c9f   Thumb Code     0  startup_lpc17xx.o(.text)
    I2C1_IRQHandler                          0x00001c9f   Thumb Code     0  startup_lpc17xx.o(.text)
    I2C2_IRQHandler                          0x00001c9f   Thumb Code     0  startup_lpc17xx.o(.text)
    I2S_IRQHandler                           0x00001c9f   Thumb Code     0  startup_lpc17xx.o(.text)
    MCPWM_IRQHandler                         0x00001c9f   Thumb Code     0  startup_lpc17xx.o(.text)
    PLL0_IRQHandler                          0x00001c9f   Thumb Code     0  startup_lpc17xx.o(.text)
    PLL1_IRQHandler                          0x00001c9f   Thumb Code     0  startup_lpc17xx.o(.text)
    PWM1_IRQHandler                          0x00001c9f   Thumb Code     0  startup_lpc17xx.o(.text)
    QEI_IRQHandler                           0x00001c9f   Thumb Code     0  startup_lpc17xx.o(.text)
    RIT_IRQHandler                           0x00001c9f   Thumb Code     0  startup_lpc17xx.o(.text)
    RTC_IRQHandler                           0x00001c9f   Thumb Code     0  startup_lpc17xx.o(.text)
    SPI_IRQHandler                           0x00001c9f   Thumb Code     0  startup_lpc17xx.o(.text)
    SSP0_IRQHandler                          0x00001c9f   Thumb Code     0  startup_lpc17xx.o(.text)
    SSP1_IRQHandler                          0x00001c9f   Thumb Code     0  startup_lpc17xx.o(.text)
    TIMER2_IRQHandler                        0x00001c9f   Thumb Code     0  startup_lpc17xx.o(.text)
    TIMER3_IRQHandler                        0x00001c9f   Thumb Code     0  startup_lpc17xx.o(.text)
    UART1_IRQHandler                         0x00001c9f   Thumb Code     0  startup_lpc17xx.o(.text)
    UART2_IRQHandler                         0x00001c9f   Thumb Code     0  startup_lpc17xx.o(.text)
    UART3_IRQHandler                         0x00001c9f   Thumb Code     0  startup_lpc17xx.o(.text)
    USBActivity_IRQHandler                   0x00001c9f   Thumb Code     0  startup_lpc17xx.o(.text)
    USB_IRQHandler                           0x00001c9f   Thumb Code     0  startup_lpc17xx.o(.text)
    WDT_IRQHandler                           0x00001c9f   Thumb Code     0  startup_lpc17xx.o(.text)
    init_ethernet                            0x00001eef   Thumb Code   640  emac_lpc17xx_100mb.o(.text)
    int_enable_eth                           0x0000216f   Thumb Code    24  emac_lpc17xx_100mb.o(.text)
    int_disable_eth                          0x00002187   Thumb Code    18  emac_lpc17xx_100mb.o(.text)
    send_frame                               0x00002199   Thumb Code    70  emac_lpc17xx_100mb.o(.text)
    ENET_IRQHandler                          0x000021df   Thumb Code   156  emac_lpc17xx_100mb.o(.text)
    SystemCoreClockUpdate                    0x000022a9   Thumb Code   424  system_lpc17xx.o(.text)
    SystemInit                               0x00002451   Thumb Code   194  system_lpc17xx.o(.text)
    LCD_Initializtion                        0x0000259b   Thumb Code 63088  glcd.o(.text)
    LCD_Clear                                0x00011c0b   Thumb Code  2744  glcd.o(.text)
    LCD_GetPoint                             0x000126dd   Thumb Code  2218  glcd.o(.text)
    LCD_SetPoint                             0x00012f87   Thumb Code  1304  glcd.o(.text)
    LCD_DrawLine                             0x0001349f   Thumb Code   250  glcd.o(.text)
    PutChar                                  0x00013599   Thumb Code   100  glcd.o(.text)
    GUI_Text                                 0x000135fd   Thumb Code    80  glcd.o(.text)
    GetASCIICode                             0x00013651   Thumb Code    26  asciilib.o(.text)
    __aeabi_uldivmod                         0x00013671   Thumb Code    98  uldiv.o(.text)
    __aeabi_memcpy                           0x000136d3   Thumb Code    36  memcpya.o(.text)
    __aeabi_memcpy4                          0x000136d3   Thumb Code     0  memcpya.o(.text)
    __aeabi_memcpy8                          0x000136d3   Thumb Code     0  memcpya.o(.text)
    strcmp                                   0x000136f7   Thumb Code    28  strcmp.o(.text)
    __0sscanf                                0x00013715   Thumb Code    48  __0sscanf.o(.text)
    _scanf_int                               0x0001374d   Thumb Code   336  _scanf_int.o(.text)
    atoi                                     0x0001389d   Thumb Code    26  atoi.o(.text)
    __aeabi_fadd                             0x000138b7   Thumb Code   164  fadd.o(.text)
    __aeabi_fsub                             0x0001395b   Thumb Code     6  fadd.o(.text)
    __aeabi_frsub                            0x00013961   Thumb Code     6  fadd.o(.text)
    __aeabi_fmul                             0x00013967   Thumb Code   108  fmul.o(.text)
    __aeabi_fdiv                             0x000139d3   Thumb Code   128  fdiv.o(.text)
    __aeabi_dadd                             0x00013a53   Thumb Code   322  dadd.o(.text)
    __aeabi_dsub                             0x00013b95   Thumb Code     6  dadd.o(.text)
    __aeabi_drsub                            0x00013b9b   Thumb Code     6  dadd.o(.text)
    __aeabi_dmul                             0x00013ba1   Thumb Code   228  dmul.o(.text)
    __aeabi_ddiv                             0x00013c85   Thumb Code   222  ddiv.o(.text)
    __aeabi_i2f                              0x00013d63   Thumb Code    18  fflti.o(.text)
    __aeabi_i2d                              0x00013d75   Thumb Code    34  dflti.o(.text)
    __aeabi_ui2d                             0x00013d97   Thumb Code    26  dfltui.o(.text)
    __aeabi_f2iz                             0x00013db1   Thumb Code    50  ffixi.o(.text)
    __aeabi_f2uiz                            0x00013de3   Thumb Code    40  ffixui.o(.text)
    __aeabi_f2d                              0x00013e0b   Thumb Code    38  f2d.o(.text)
    __aeabi_d2f                              0x00013e31   Thumb Code    56  d2f.o(.text)
    __aeabi_cfcmpeq                          0x00013e69   Thumb Code     0  cfcmple.o(.text)
    __aeabi_cfcmple                          0x00013e69   Thumb Code    20  cfcmple.o(.text)
    __aeabi_cfrcmple                         0x00013e7d   Thumb Code    20  cfrcmple.o(.text)
    __aeabi_uidiv                            0x00013e91   Thumb Code     0  uidiv.o(.text)
    __aeabi_uidivmod                         0x00013e91   Thumb Code    44  uidiv.o(.text)
    __aeabi_llsl                             0x00013ebd   Thumb Code    30  llshl.o(.text)
    _ll_shift_l                              0x00013ebd   Thumb Code     0  llshl.o(.text)
    __aeabi_llsr                             0x00013edb   Thumb Code    32  llushr.o(.text)
    _ll_ushift_r                             0x00013edb   Thumb Code     0  llushr.o(.text)
    __aeabi_lasr                             0x00013efb   Thumb Code    36  llsshr.o(.text)
    _ll_sshift_r                             0x00013efb   Thumb Code     0  llsshr.o(.text)
    _chval                                   0x00013f1f   Thumb Code    28  _chval.o(.text)
    __vfscanf_char                           0x00013f49   Thumb Code    20  scanf_char.o(.text)
    _sgetc                                   0x00013f65   Thumb Code    30  _sgetc.o(.text)
    _sbackspace                              0x00013f83   Thumb Code    34  _sgetc.o(.text)
    strtol                                   0x00013fa5   Thumb Code   112  strtol.o(.text)
    __I$use$fp                               0x00014015   Thumb Code     0  iusefp.o(.text)
    _float_round                             0x00014015   Thumb Code    18  fepilogue.o(.text)
    _float_epilogue                          0x00014027   Thumb Code    90  fepilogue.o(.text)
    _double_round                            0x00014081   Thumb Code    26  depilogue.o(.text)
    _double_epilogue                         0x0001409b   Thumb Code   164  depilogue.o(.text)
    __ARM_scalbn                             0x0001413f   Thumb Code    46  dscalb.o(.text)
    scalbn                                   0x0001413f   Thumb Code     0  dscalb.o(.text)
    __aeabi_d2ulz                            0x0001416d   Thumb Code    48  dfixul.o(.text)
    __aeabi_cdrcmple                         0x0001419d   Thumb Code    38  cdrcmple.o(.text)
    __scatterload                            0x000141c5   Thumb Code    28  init.o(.text)
    __scatterload_rt2                        0x000141c5   Thumb Code     0  init.o(.text)
    __rt_ctype_table                         0x000141e9   Thumb Code     4  ctype_o.o(.text)
    isspace                                  0x000141f1   Thumb Code    18  isspace_o.o(.text)
    __vfscanf                                0x00014205   Thumb Code   806  _scanf.o(.text)
    _strtoul                                 0x00014531   Thumb Code   158  _strtoul.o(.text)
    _dsqrt                                   0x000145cf   Thumb Code   162  dsqrt.o(.text)
    __decompress                             0x00014671   Thumb Code     0  __dclz77c.o(.text)
    __decompress2                            0x00014671   Thumb Code    96  __dclz77c.o(.text)
    __0sprintf                               0x000146d1   Thumb Code    34  printfa.o(i.__0sprintf)
    __1sprintf                               0x000146d1   Thumb Code     0  printfa.o(i.__0sprintf)
    __2sprintf                               0x000146d1   Thumb Code     0  printfa.o(i.__0sprintf)
    __c89sprintf                             0x000146d1   Thumb Code     0  printfa.o(i.__0sprintf)
    sprintf                                  0x000146d1   Thumb Code     0  printfa.o(i.__0sprintf)
    __ARM_fpclassify                         0x000146f9   Thumb Code    40  fpclassify.o(i.__ARM_fpclassify)
    __aeabi_errno_addr                       0x00014721   Thumb Code     4  errno.o(i.__aeabi_errno_addr)
    __rt_errno_addr                          0x00014721   Thumb Code     0  errno.o(i.__aeabi_errno_addr)
    __kernel_poly                            0x00014729   Thumb Code   170  poly.o(i.__kernel_poly)
    __mathlib_dbl_underflow                  0x000147d5   Thumb Code    10  dunder.o(i.__mathlib_dbl_underflow)
    __scatterload_copy                       0x000147e5   Thumb Code    14  handlers.o(i.__scatterload_copy)
    __scatterload_null                       0x000147f3   Thumb Code     2  handlers.o(i.__scatterload_null)
    __scatterload_zeroinit                   0x000147f5   Thumb Code    14  handlers.o(i.__scatterload_zeroinit)
    __set_errno                              0x00014805   Thumb Code     6  errno.o(i.__set_errno)
    alloc_mem                                0x000150f1   Thumb Code   174  at_mem.o(i.alloc_mem)
    arp_cache_add                            0x000151a9   Thumb Code   174  at_arp.o(i.arp_cache_add)
    arp_cache_early                          0x000152e9   Thumb Code   142  at_arp.o(i.arp_cache_early)
    arp_cache_find                           0x00015381   Thumb Code   168  at_arp.o(i.arp_cache_find)
    arp_cache_update                         0x00015435   Thumb Code   228  at_arp.o(i.arp_cache_update)
    arp_init                                 0x00015529   Thumb Code    34  at_arp.o(i.arp_init)
    arp_notify                               0x00015589   Thumb Code    26  at_arp.o(i.arp_notify)
    arp_process                              0x00015639   Thumb Code   294  at_arp.o(i.arp_process)
    avail_mem                                0x000158c9   Thumb Code    22  at_mem.o(i.avail_mem)
    b64_to_asc                               0x000158e5   Thumb Code   120  at_lib.o(i.b64_to_asc)
    calc_chksum16be                          0x0001595d   Thumb Code    18  at_lib.o(i.calc_chksum16be)
    cgx_content_type                         0x0001596f   Thumb Code     4  at_http.o(i.cgx_content_type)
    chksum16_buf                             0x00015b41   Thumb Code    40  at_lib.o(i.chksum16_buf)
    chksum16_val                             0x00015b69   Thumb Code    10  at_lib.o(i.chksum16_val)
    eth_chk_adr                              0x00015bb9   Thumb Code    10  at_ethernet.o(i.eth_chk_adr)
    eth_init_link                            0x00015bc9   Thumb Code    40  at_ethernet.o(i.eth_init_link)
    eth_run_link                             0x00015bfd   Thumb Code   194  at_ethernet.o(i.eth_run_link)
    eth_send_frame                           0x00015cd1   Thumb Code   150  at_ethernet.o(i.eth_send_frame)
    free_mem                                 0x00015d79   Thumb Code   124  at_mem.o(i.free_mem)
    get_rnd32                                0x00015ee9   Thumb Code    18  at_system.o(i.get_rnd32)
    http_accept_host                         0x00015f17   Thumb Code     4  at_http.o(i.http_accept_host)
    http_check_account                       0x000161d9   Thumb Code     4  at_http.o(i.http_check_account)
    http_fclose                              0x00016365   Thumb Code     2  at_http_uif.o(i.http_fclose)
    http_fgets                               0x00016367   Thumb Code     4  at_http_uif.o(i.http_fgets)
    http_file_access                         0x0001636b   Thumb Code     4  at_http.o(i.http_file_access)
    http_finfo                               0x0001636f   Thumb Code     4  at_http_uif.o(i.http_finfo)
    http_fopen                               0x00016373   Thumb Code     4  at_http_uif.o(i.http_fopen)
    http_fread                               0x00016377   Thumb Code     4  at_http_uif.o(i.http_fread)
    http_get_var                             0x0001637d   Thumb Code   104  at_http.o(i.http_get_var)
    http_init                                0x000163e9   Thumb Code    72  at_http.o(i.http_init)
    http_run_server                          0x00016ba5   Thumb Code   816  at_http.o(i.http_run_server)
    icmp_init                                0x00016fa9   Thumb Code    10  at_icmp.o(i.icmp_init)
    icmp_process                             0x00016fb9   Thumb Code   198  at_icmp.o(i.icmp_process)
    icmp_run_engine                          0x00017085   Thumb Code    58  at_icmp.o(i.icmp_run_engine)
    ifree_mem                                0x0001713d   Thumb Code    48  at_mem.o(i.ifree_mem)
    init_TcpNet                              0x00017175   Thumb Code    38  at_system.o(i.init_TcpNet)
    init_mem                                 0x000171a5   Thumb Code    86  at_mem.o(i.init_mem)
    ip_chk_frame                             0x00017205   Thumb Code   190  at_ip.o(i.ip_chk_frame)
    ip_get_locadr                            0x000172d9   Thumb Code   166  at_ip.o(i.ip_get_locadr)
    ip_init                                  0x00017391   Thumb Code     8  at_ip.o(i.ip_init)
    ip_run_local                             0x0001739d   Thumb Code    82  at_ip.o(i.ip_run_local)
    ip_send_frame                            0x000173f9   Thumb Code   328  at_ip.o(i.ip_send_frame)
    is_subnet                                0x00017549   Thumb Code    20  at_lib.o(i.is_subnet)
    main_TcpNet                              0x0001755d   Thumb Code    86  at_system.o(i.main_TcpNet)
    mem_comp                                 0x000175c1   Thumb Code    24  at_lib.o(i.mem_comp)
    mem_copy                                 0x000175d9   Thumb Code    22  at_lib.o(i.mem_copy)
    mem_crc32                                0x000175ef   Thumb Code    32  at_lib.o(i.mem_crc32)
    mem_set                                  0x0001760f   Thumb Code    10  at_lib.o(i.mem_set)
    mem_test                                 0x00017619   Thumb Code    20  at_lib.o(i.mem_test)
    nrd_u32be                                0x0001762d   Thumb Code    22  at_lib.o(i.nrd_u32be)
    nwr_u32be                                0x00017643   Thumb Code    16  at_lib.o(i.nwr_u32be)
    pow                                      0x00017655   Thumb Code  2510  pow.o(i.pow)
    put_in_queue                             0x0001805d   Thumb Code    36  at_ethernet.o(i.put_in_queue)
    resize_mem                               0x00018125   Thumb Code    68  at_mem.o(i.resize_mem)
    sqrt                                     0x000181b9   Thumb Code    76  sqrt.o(i.sqrt)
    str_copy                                 0x00018205   Thumb Code    18  at_lib.o(i.str_copy)
    str_crc32                                0x00018217   Thumb Code    26  at_lib.o(i.str_crc32)
    str_pos                                  0x00018231   Thumb Code    22  at_lib.o(i.str_pos)
    str_scomp                                0x00018247   Thumb Code    26  at_lib.o(i.str_scomp)
    tcp_abort                                0x00018261   Thumb Code    76  at_tcp.o(i.tcp_abort)
    tcp_close                                0x000182b1   Thumb Code   150  at_tcp.o(i.tcp_close)
    tcp_get_buf                              0x0001834d   Thumb Code    32  at_tcp.o(i.tcp_get_buf)
    tcp_get_socket                           0x0001836d   Thumb Code    70  at_tcp.o(i.tcp_get_socket)
    tcp_get_state                            0x000183b9   Thumb Code    32  at_tcp.o(i.tcp_get_state)
    tcp_init                                 0x000183dd   Thumb Code    18  at_tcp.o(i.tcp_init)
    tcp_listen                               0x000183f5   Thumb Code   102  at_tcp.o(i.tcp_listen)
    tcp_max_dsize                            0x000184f9   Thumb Code    30  at_tcp.o(i.tcp_max_dsize)
    tcp_poll_sockets                         0x0001857d   Thumb Code   630  at_tcp.o(i.tcp_poll_sockets)
    tcp_process                              0x0001891d   Thumb Code  1164  at_tcp.o(i.tcp_process)
    tcp_send                                 0x00018e7d   Thumb Code   204  at_tcp.o(i.tcp_send)
    timer_tick                               0x000191c5   Thumb Code    14  at_system.o(i.timer_tick)
    udp_init                                 0x000191d9   Thumb Code    18  at_udp.o(i.udp_init)
    udp_process                              0x000191f1   Thumb Code   178  at_udp.o(i.udp_process)
    FileMD                                   0x00019388   Data           4  web.o(.constdata)
    FileTab                                  0x0001a2b8   Data          24  web.o(.constdata)
    nlocalm                                  0x0001a318   Data          60  net_config.o(.constdata)
    sys_config                               0x0001a354   Data          16  net_config.o(.constdata)
    arp_config                               0x0001a364   Data          12  net_config.o(.constdata)
    udp_config                               0x0001a370   Data           8  net_config.o(.constdata)
    tcp_config                               0x0001a378   Data          24  net_config.o(.constdata)
    http_config                              0x0001a390   Data          24  net_config.o(.constdata)
    os_maxtaskrun                            0x0001a3a8   Data           2  rtx_conf_cm.o(.constdata)
    os_stackinfo                             0x0001a3ac   Data           4  rtx_conf_cm.o(.constdata)
    os_rrobin                                0x0001a3b0   Data           4  rtx_conf_cm.o(.constdata)
    os_trv                                   0x0001a3b4   Data           4  rtx_conf_cm.o(.constdata)
    os_flags                                 0x0001a3b8   Data           1  rtx_conf_cm.o(.constdata)
    os_clockrate                             0x0001a3bc   Data           4  rtx_conf_cm.o(.constdata)
    os_timernum                              0x0001a3c0   Data           4  rtx_conf_cm.o(.constdata)
    mp_tcb_size                              0x0001a3c4   Data           2  rtx_conf_cm.o(.constdata)
    mp_stk_size                              0x0001a3c8   Data           4  rtx_conf_cm.o(.constdata)
    os_fifo_size                             0x0001a3cc   Data           1  rtx_conf_cm.o(.constdata)
    mp_tmr_size                              0x0001a3ce   Data           2  rtx_conf_cm.o(.constdata)
    IP_Broadcast                             0x0001a9c6   Data           4  at_ip.o(.constdata)
    MAC_Broadcast                            0x0001aac2   Data           6  at_ethernet.o(.constdata)
    http_err_401                             0x0001aac8   Data          86  http_err.o(.constdata)
    http_err_403                             0x0001ab1e   Data          81  http_err.o(.constdata)
    http_err_404                             0x0001ab6f   Data          78  http_err.o(.constdata)
    http_err_501                             0x0001abbd   Data          75  http_err.o(.constdata)
    http_err_head                            0x0001ac08   Data          47  http_err.o(.constdata)
    http_err_foot                            0x0001ac37   Data         136  http_err.o(.constdata)
    __mathlib_zero                           0x0001ad48   Data           8  qnan.o(.constdata)
    __ctype_table                            0x0001ad50   Data         129  ctype_o.o(.constdata)
    Region$$Table$$Base                      0x0001adf4   Number         0  anon$$obj.o(Region$$Table)
    Region$$Table$$Limit                     0x0001ae14   Number         0  anon$$obj.o(Region$$Table)
    temp_LM35                                0x10000000   Data           4  http_demo.o(.data)
    temp_DS1621                              0x10000004   Data           4  http_demo.o(.data)
    temp_BMP180                              0x10000008   Data           4  http_demo.o(.data)
    humedad                                  0x1000000c   Data           4  http_demo.o(.data)
    presion                                  0x10000010   Data           4  http_demo.o(.data)
    altitud                                  0x10000014   Data           4  http_demo.o(.data)
    vel_anemometro                           0x10000018   Data           4  http_demo.o(.data)
    lcd_text                                 0x1000001c   Data          34  http_demo.o(.data)
    text_disp                                0x10000091   Data           4  http_demo.o(.data)
    LCDupdate                                0x10000098   Data           4  http_demo.o(.data)
    tick                                     0x1000009c   Data           4  http_demo.o(.data)
    dhcp_tout                                0x100000a0   Data           4  http_demo.o(.data)
    umbral_temp                              0x100000a4   Data           4  http_cgi.o(.data)
    muestras                                 0x100000a8   Data       16000  dma.o(.data)
    counter                                  0x10003f28   Data           4  dma.o(.data)
    index1                                   0x10003f2c   Data           4  dma.o(.data)
    ptr_rx                                   0x10003f30   Data           4  uart.o(.data)
    rx_completa                              0x10003f34   Data           1  uart.o(.data)
    ptr_tx                                   0x10003f38   Data           4  uart.o(.data)
    tx_completa                              0x10003f3c   Data           1  uart.o(.data)
    lhost_name                               0x10003f89   Data          16  net_config.o(.data)
    own_hw_adr                               0x10003f99   Data           6  net_config.o(.data)
    iap_entry                                0x10003fb4   Data           4  emac_lpc17xx_100mb.o(.data)
    SystemCoreClock                          0x10003fbc   Data           4  system_lpc17xx.o(.data)
    buff_env                                 0x10003fec   Data          30  http_demo.o(.bss)
    buffer                                   0x1000400a   Data          30  uart.o(.bss)
    localm                                   0x100040cc   Data          60  at_system.o(.bss)
    sys_control                              0x10004108   Data          16  at_system.o(.bss)
    __initial_sp                             0x10004518   Data           0  startup_lpc17xx.o(STACK)



==============================================================================

Memory Map of the image

  Image Entry point : 0x000000cd

  Load Region LR_IROM1 (Base: 0x00000000, Size: 0x0001ee00, Max: 0x00080000, ABSOLUTE, COMPRESSED[0x0001cf60])

    Execution Region ER_IROM1 (Base: 0x00000000, Size: 0x0001ae14, Max: 0x00080000, ABSOLUTE)

    Base Addr    Size         Type   Attr      Idx    E Section Name        Object

    0x00000000   0x000000cc   Data   RO          402    RESET               startup_lpc17xx.o
    0x000000cc   0x00000000   Code   RO          994  * .ARM.Collect$$$$00000000  mc_w.l(entry.o)
    0x000000cc   0x00000004   Code   RO         1327    .ARM.Collect$$$$00000001  mc_w.l(entry2.o)
    0x000000d0   0x00000004   Code   RO         1330    .ARM.Collect$$$$00000004  mc_w.l(entry5.o)
    0x000000d4   0x00000000   Code   RO         1332    .ARM.Collect$$$$00000008  mc_w.l(entry7b.o)
    0x000000d4   0x00000000   Code   RO         1334    .ARM.Collect$$$$0000000A  mc_w.l(entry8b.o)
    0x000000d4   0x00000008   Code   RO         1335    .ARM.Collect$$$$0000000B  mc_w.l(entry9a.o)
    0x000000dc   0x00000000   Code   RO         1337    .ARM.Collect$$$$0000000D  mc_w.l(entry10a.o)
    0x000000dc   0x00000000   Code   RO         1339    .ARM.Collect$$$$0000000F  mc_w.l(entry11a.o)
    0x000000dc   0x00000004   Code   RO         1328    .ARM.Collect$$$$00002712  mc_w.l(entry2.o)
    0x000000e0   0x00000184   Code   RO          110    .text               http_cgi.o
    0x00000264   0x00000080   Code   RO          231    .text               pwm.o
    0x000002e4   0x0000000e   Code   RO         1003    .text               mc_w.l(strlen.o)
    0x000002f2   0x0000000a   Code   RO         1290    .text               mf_w.l(ffltui.o)
    0x000002fc   0x00000004   Code   RO          403    .ARM.__at_0x02FC    startup_lpc17xx.o
    0x00000300   0x00000838   Code   RO           20    .text               http_demo.o
    0x00000b38   0x00000274   Code   RO          152    .text               dma.o
    0x00000dac   0x00000140   Code   RO          187    .text               i2c_lpc17xx.o
    0x00000eec   0x000001f4   Code   RO          207    .text               init.o
    0x000010e0   0x000001f4   Code   RO          293    .text               uart.o
    0x000012d4   0x000000c0   Code   RO          324    .text               ds1621.o
    0x00001394   0x0000087c   Code   RO          353    .text               bmp180.o
    0x00001c10   0x00000074   Code   RO          379    .text               net_config.o
    0x00001c84   0x00000024   Code   RO          404    .text               startup_lpc17xx.o
    0x00001ca8   0x00000600   Code   RO          432    .text               emac_lpc17xx_100mb.o
    0x000022a8   0x000002a8   Code   RO          464    .text               system_lpc17xx.o
    0x00002550   0x00011100   Code   RO          616    .text               glcd.o
    0x00013650   0x00000020   Code   RO          642    .text               asciilib.o
    0x00013670   0x00000062   Code   RO          997    .text               mc_w.l(uldiv.o)
    0x000136d2   0x00000024   Code   RO          999    .text               mc_w.l(memcpya.o)
    0x000136f6   0x0000001c   Code   RO         1005    .text               mc_w.l(strcmp.o)
    0x00013712   0x00000002   PAD
    0x00013714   0x00000038   Code   RO         1270    .text               mc_w.l(__0sscanf.o)
    0x0001374c   0x00000150   Code   RO         1272    .text               mc_w.l(_scanf_int.o)
    0x0001389c   0x0000001a   Code   RO         1274    .text               mc_w.l(atoi.o)
    0x000138b6   0x000000b0   Code   RO         1276    .text               mf_w.l(fadd.o)
    0x00013966   0x0000006c   Code   RO         1278    .text               mf_w.l(fmul.o)
    0x000139d2   0x00000080   Code   RO         1280    .text               mf_w.l(fdiv.o)
    0x00013a52   0x0000014e   Code   RO         1282    .text               mf_w.l(dadd.o)
    0x00013ba0   0x000000e4   Code   RO         1284    .text               mf_w.l(dmul.o)
    0x00013c84   0x000000de   Code   RO         1286    .text               mf_w.l(ddiv.o)
    0x00013d62   0x00000012   Code   RO         1288    .text               mf_w.l(fflti.o)
    0x00013d74   0x00000022   Code   RO         1292    .text               mf_w.l(dflti.o)
    0x00013d96   0x0000001a   Code   RO         1294    .text               mf_w.l(dfltui.o)
    0x00013db0   0x00000032   Code   RO         1296    .text               mf_w.l(ffixi.o)
    0x00013de2   0x00000028   Code   RO         1298    .text               mf_w.l(ffixui.o)
    0x00013e0a   0x00000026   Code   RO         1302    .text               mf_w.l(f2d.o)
    0x00013e30   0x00000038   Code   RO         1306    .text               mf_w.l(d2f.o)
    0x00013e68   0x00000014   Code   RO         1308    .text               mf_w.l(cfcmple.o)
    0x00013e7c   0x00000014   Code   RO         1310    .text               mf_w.l(cfrcmple.o)
    0x00013e90   0x0000002c   Code   RO         1344    .text               mc_w.l(uidiv.o)
    0x00013ebc   0x0000001e   Code   RO         1346    .text               mc_w.l(llshl.o)
    0x00013eda   0x00000020   Code   RO         1348    .text               mc_w.l(llushr.o)
    0x00013efa   0x00000024   Code   RO         1350    .text               mc_w.l(llsshr.o)
    0x00013f1e   0x0000001c   Code   RO         1359    .text               mc_w.l(_chval.o)
    0x00013f3a   0x00000002   PAD
    0x00013f3c   0x00000028   Code   RO         1361    .text               mc_w.l(scanf_char.o)
    0x00013f64   0x00000040   Code   RO         1363    .text               mc_w.l(_sgetc.o)
    0x00013fa4   0x00000070   Code   RO         1365    .text               mc_w.l(strtol.o)
    0x00014014   0x00000000   Code   RO         1367    .text               mc_w.l(iusefp.o)
    0x00014014   0x0000006c   Code   RO         1368    .text               mf_w.l(fepilogue.o)
    0x00014080   0x000000be   Code   RO         1370    .text               mf_w.l(depilogue.o)
    0x0001413e   0x0000002e   Code   RO         1372    .text               mf_w.l(dscalb.o)
    0x0001416c   0x00000030   Code   RO         1374    .text               mf_w.l(dfixul.o)
    0x0001419c   0x00000028   Code   RO         1376    .text               mf_w.l(cdrcmple.o)
    0x000141c4   0x00000024   Code   RO         1378    .text               mc_w.l(init.o)
    0x000141e8   0x00000008   Code   RO         1383    .text               mc_w.l(ctype_o.o)
    0x000141f0   0x00000012   Code   RO         1405    .text               mc_w.l(isspace_o.o)
    0x00014202   0x00000002   PAD
    0x00014204   0x0000032c   Code   RO         1411    .text               mc_w.l(_scanf.o)
    0x00014530   0x0000009e   Code   RO         1413    .text               mc_w.l(_strtoul.o)
    0x000145ce   0x000000a2   Code   RO         1416    .text               mf_w.l(dsqrt.o)
    0x00014670   0x00000060   Code   RO         1429    .text               mc_w.l(__dclz77c.o)
    0x000146d0   0x00000028   Code   RO         1244    i.__0sprintf        mc_w.l(printfa.o)
    0x000146f8   0x00000028   Code   RO         1314    i.__ARM_fpclassify  m_ws.l(fpclassify.o)
    0x00014720   0x00000008   Code   RO         1352    i.__aeabi_errno_addr  mc_w.l(errno.o)
    0x00014728   0x000000aa   Code   RO         1316    i.__kernel_poly     m_ws.l(poly.o)
    0x000147d2   0x00000002   PAD
    0x000147d4   0x00000010   Code   RO         1312    i.__mathlib_dbl_underflow  m_ws.l(dunder.o)
    0x000147e4   0x0000000e   Code   RO         1423    i.__scatterload_copy  mc_w.l(handlers.o)
    0x000147f2   0x00000002   Code   RO         1424    i.__scatterload_null  mc_w.l(handlers.o)
    0x000147f4   0x0000000e   Code   RO         1425    i.__scatterload_zeroinit  mc_w.l(handlers.o)
    0x00014802   0x00000002   PAD
    0x00014804   0x0000000c   Code   RO         1354    i.__set_errno       mc_w.l(errno.o)
    0x00014810   0x0000015c   Code   RO         1249    i._fp_digits        mc_w.l(printfa.o)
    0x0001496c   0x000006f0   Code   RO         1250    i._printf_core      mc_w.l(printfa.o)
    0x0001505c   0x00000026   Code   RO         1251    i._printf_post_padding  mc_w.l(printfa.o)
    0x00015082   0x00000030   Code   RO         1252    i._printf_pre_padding  mc_w.l(printfa.o)
    0x000150b2   0x0000000a   Code   RO         1254    i._sputc            mc_w.l(printfa.o)
    0x000150bc   0x00000034   Code   RO          809    i.add_server_id     TCP_CM3.lib(at_http.o)
    0x000150f0   0x000000b8   Code   RO          945    i.alloc_mem         TCP_CM3.lib(at_mem.o)
    0x000151a8   0x000000b8   Code   RO          656    i.arp_cache_add     TCP_CM3.lib(at_arp.o)
    0x00015260   0x00000088   Code   RO          657    i.arp_cache_alloc   TCP_CM3.lib(at_arp.o)
    0x000152e8   0x00000098   Code   RO          658    i.arp_cache_early   TCP_CM3.lib(at_arp.o)
    0x00015380   0x000000b4   Code   RO          659    i.arp_cache_find    TCP_CM3.lib(at_arp.o)
    0x00015434   0x000000f4   Code   RO          662    i.arp_cache_update  TCP_CM3.lib(at_arp.o)
    0x00015528   0x0000002c   Code   RO          665    i.arp_init          TCP_CM3.lib(at_arp.o)
    0x00015554   0x00000034   Code   RO          666    i.arp_is_cacheable  TCP_CM3.lib(at_arp.o)
    0x00015588   0x00000028   Code   RO          667    i.arp_notify        TCP_CM3.lib(at_arp.o)
    0x000155b0   0x00000088   Code   RO          669    i.arp_proc_response  TCP_CM3.lib(at_arp.o)
    0x00015638   0x00000138   Code   RO          670    i.arp_process       TCP_CM3.lib(at_arp.o)
    0x00015770   0x000000a0   Code   RO          671    i.arp_send_reply    TCP_CM3.lib(at_arp.o)
    0x00015810   0x000000b8   Code   RO          672    i.arp_send_request  TCP_CM3.lib(at_arp.o)
    0x000158c8   0x0000001c   Code   RO          946    i.avail_mem         TCP_CM3.lib(at_mem.o)
    0x000158e4   0x00000078   Code   RO          896    i.b64_to_asc        TCP_CM3.lib(at_lib.o)
    0x0001595c   0x00000012   Code   RO          898    i.calc_chksum16be   TCP_CM3.lib(at_lib.o)
    0x0001596e   0x00000004   Code   RO          810    i.cgx_content_type  TCP_CM3.lib(at_http.o)
    0x00015972   0x00000002   PAD
    0x00015974   0x000001cc   Code   RO          811    i.chk_post_req      TCP_CM3.lib(at_http.o)
    0x00015b40   0x00000028   Code   RO          899    i.chksum16_buf      TCP_CM3.lib(at_lib.o)
    0x00015b68   0x0000000a   Code   RO          900    i.chksum16_val      TCP_CM3.lib(at_lib.o)
    0x00015b72   0x0000001e   Code   RO          812    i.cmp_fname_ext     TCP_CM3.lib(at_http.o)
    0x00015b90   0x00000028   Code   RO          813    i.cmp_header        TCP_CM3.lib(at_http.o)
    0x00015bb8   0x00000010   Code   RO          881    i.eth_chk_adr       TCP_CM3.lib(at_ethernet.o)
    0x00015bc8   0x00000034   Code   RO          883    i.eth_init_link     TCP_CM3.lib(at_ethernet.o)
    0x00015bfc   0x000000d4   Code   RO          884    i.eth_run_link      TCP_CM3.lib(at_ethernet.o)
    0x00015cd0   0x000000a8   Code   RO          885    i.eth_send_frame    TCP_CM3.lib(at_ethernet.o)
    0x00015d78   0x00000084   Code   RO          947    i.free_mem          TCP_CM3.lib(at_mem.o)
    0x00015dfc   0x00000028   Code   RO          902    i.get_crc32         TCP_CM3.lib(at_lib.o)
    0x00015e24   0x00000068   Code   RO          814    i.get_file_type     TCP_CM3.lib(at_http.o)
    0x00015e8c   0x00000028   Code   RO          815    i.get_next_field    TCP_CM3.lib(at_http.o)
    0x00015eb4   0x00000032   Code   RO          816    i.get_next_par      TCP_CM3.lib(at_http.o)
    0x00015ee6   0x00000002   PAD
    0x00015ee8   0x0000001c   Code   RO          959    i.get_rnd32         TCP_CM3.lib(at_system.o)
    0x00015f04   0x00000012   Code   RO          817    i.hex2byte          TCP_CM3.lib(at_http.o)
    0x00015f16   0x00000004   Code   RO          818    i.http_accept_host  TCP_CM3.lib(at_http.o)
    0x00015f1a   0x00000002   PAD
    0x00015f1c   0x000002bc   Code   RO          819    i.http_add_header   TCP_CM3.lib(at_http.o)
    0x000161d8   0x00000004   Code   RO          820    i.http_check_account  TCP_CM3.lib(at_http.o)
    0x000161dc   0x00000188   Code   RO          822    i.http_error_msg    TCP_CM3.lib(at_http.o)
    0x00016364   0x00000002   Code   RO          974    i.http_fclose       TCP_CM3.lib(at_http_uif.o)
    0x00016366   0x00000004   Code   RO          975    i.http_fgets        TCP_CM3.lib(at_http_uif.o)
    0x0001636a   0x00000004   Code   RO          823    i.http_file_access  TCP_CM3.lib(at_http.o)
    0x0001636e   0x00000004   Code   RO          976    i.http_finfo        TCP_CM3.lib(at_http_uif.o)
    0x00016372   0x00000004   Code   RO          977    i.http_fopen        TCP_CM3.lib(at_http_uif.o)
    0x00016376   0x00000004   Code   RO          978    i.http_fread        TCP_CM3.lib(at_http_uif.o)
    0x0001637a   0x00000002   PAD
    0x0001637c   0x0000006c   Code   RO          829    i.http_get_var      TCP_CM3.lib(at_http.o)
    0x000163e8   0x00000050   Code   RO          830    i.http_init         TCP_CM3.lib(at_http.o)
    0x00016438   0x0000005e   Code   RO          831    i.http_kill_session  TCP_CM3.lib(at_http.o)
    0x00016496   0x00000002   PAD
    0x00016498   0x00000224   Code   RO          832    i.http_listener     TCP_CM3.lib(at_http.o)
    0x000166bc   0x00000120   Code   RO          833    i.http_open_file    TCP_CM3.lib(at_http.o)
    0x000167dc   0x00000154   Code   RO          834    i.http_proc_header  TCP_CM3.lib(at_http.o)
    0x00016930   0x0000017c   Code   RO          835    i.http_proc_multipart  TCP_CM3.lib(at_http.o)
    0x00016aac   0x000000f8   Code   RO          836    i.http_proc_post    TCP_CM3.lib(at_http.o)
    0x00016ba4   0x0000033c   Code   RO          837    i.http_run_server   TCP_CM3.lib(at_http.o)
    0x00016ee0   0x0000001e   Code   RO          838    i.http_strcpy       TCP_CM3.lib(at_http.o)
    0x00016efe   0x00000002   PAD
    0x00016f00   0x000000a8   Code   RO          839    i.http_to_utc       TCP_CM3.lib(at_http.o)
    0x00016fa8   0x00000010   Code   RO          706    i.icmp_init         TCP_CM3.lib(at_icmp.o)
    0x00016fb8   0x000000cc   Code   RO          708    i.icmp_process      TCP_CM3.lib(at_icmp.o)
    0x00017084   0x00000048   Code   RO          709    i.icmp_run_engine   TCP_CM3.lib(at_icmp.o)
    0x000170cc   0x00000070   Code   RO          710    i.icmp_send_message  TCP_CM3.lib(at_icmp.o)
    0x0001713c   0x00000038   Code   RO          948    i.ifree_mem         TCP_CM3.lib(at_mem.o)
    0x00017174   0x00000030   Code   RO          960    i.init_TcpNet       TCP_CM3.lib(at_system.o)
    0x000171a4   0x00000060   Code   RO          949    i.init_mem          TCP_CM3.lib(at_mem.o)
    0x00017204   0x000000c8   Code   RO          692    i.ip_chk_frame      TCP_CM3.lib(at_ip.o)
    0x000172cc   0x0000000a   Code   RO          693    i.ip_get_chksum     TCP_CM3.lib(at_ip.o)
    0x000172d6   0x00000002   PAD
    0x000172d8   0x000000b8   Code   RO          694    i.ip_get_locadr     TCP_CM3.lib(at_ip.o)
    0x00017390   0x0000000c   Code   RO          695    i.ip_init           TCP_CM3.lib(at_ip.o)
    0x0001739c   0x0000005c   Code   RO          696    i.ip_run_local      TCP_CM3.lib(at_ip.o)
    0x000173f8   0x00000150   Code   RO          697    i.ip_send_frame     TCP_CM3.lib(at_ip.o)
    0x00017548   0x00000014   Code   RO          903    i.is_subnet         TCP_CM3.lib(at_lib.o)
    0x0001755c   0x00000064   Code   RO          961    i.main_TcpNet       TCP_CM3.lib(at_system.o)
    0x000175c0   0x00000018   Code   RO          904    i.mem_comp          TCP_CM3.lib(at_lib.o)
    0x000175d8   0x00000016   Code   RO          905    i.mem_copy          TCP_CM3.lib(at_lib.o)
    0x000175ee   0x00000020   Code   RO          906    i.mem_crc32         TCP_CM3.lib(at_lib.o)
    0x0001760e   0x0000000a   Code   RO          908    i.mem_set           TCP_CM3.lib(at_lib.o)
    0x00017618   0x00000014   Code   RO          909    i.mem_test          TCP_CM3.lib(at_lib.o)
    0x0001762c   0x00000016   Code   RO          911    i.nrd_u32be         TCP_CM3.lib(at_lib.o)
    0x00017642   0x00000010   Code   RO          913    i.nwr_u32be         TCP_CM3.lib(at_lib.o)
    0x00017652   0x00000002   PAD
    0x00017654   0x000009e0   Code   RO          985    i.pow               m_ws.l(pow.o)
    0x00018034   0x00000028   Code   RO          840    i.proc_req_line     TCP_CM3.lib(at_http.o)
    0x0001805c   0x00000028   Code   RO          886    i.put_in_queue      TCP_CM3.lib(at_ethernet.o)
    0x00018084   0x000000a0   Code   RO          841    i.read_script_line  TCP_CM3.lib(at_http.o)
    0x00018124   0x00000048   Code   RO          950    i.resize_mem        TCP_CM3.lib(at_mem.o)
    0x0001816c   0x0000004c   Code   RO          842    i.search_delim      TCP_CM3.lib(at_http.o)
    0x000181b8   0x0000004c   Code   RO         1320    i.sqrt              m_ws.l(sqrt.o)
    0x00018204   0x00000012   Code   RO          914    i.str_copy          TCP_CM3.lib(at_lib.o)
    0x00018216   0x0000001a   Code   RO          915    i.str_crc32         TCP_CM3.lib(at_lib.o)
    0x00018230   0x00000016   Code   RO          916    i.str_pos           TCP_CM3.lib(at_lib.o)
    0x00018246   0x0000001a   Code   RO          917    i.str_scomp         TCP_CM3.lib(at_lib.o)
    0x00018260   0x00000050   Code   RO          717    i.tcp_abort         TCP_CM3.lib(at_tcp.o)
    0x000182b0   0x0000009c   Code   RO          719    i.tcp_close         TCP_CM3.lib(at_tcp.o)
    0x0001834c   0x00000020   Code   RO          722    i.tcp_get_buf       TCP_CM3.lib(at_tcp.o)
    0x0001836c   0x0000004c   Code   RO          724    i.tcp_get_socket    TCP_CM3.lib(at_tcp.o)
    0x000183b8   0x00000024   Code   RO          725    i.tcp_get_state     TCP_CM3.lib(at_tcp.o)
    0x000183dc   0x00000018   Code   RO          726    i.tcp_init          TCP_CM3.lib(at_tcp.o)
    0x000183f4   0x0000006c   Code   RO          728    i.tcp_listen        TCP_CM3.lib(at_tcp.o)
    0x00018460   0x00000098   Code   RO          729    i.tcp_map_socket    TCP_CM3.lib(at_tcp.o)
    0x000184f8   0x00000024   Code   RO          730    i.tcp_max_dsize     TCP_CM3.lib(at_tcp.o)
    0x0001851c   0x0000005e   Code   RO          732    i.tcp_parse_opt     TCP_CM3.lib(at_tcp.o)
    0x0001857a   0x00000002   PAD
    0x0001857c   0x00000284   Code   RO          733    i.tcp_poll_sockets  TCP_CM3.lib(at_tcp.o)
    0x00018800   0x000000c8   Code   RO          734    i.tcp_proc_acknr    TCP_CM3.lib(at_tcp.o)
    0x000188c8   0x00000052   Code   RO          735    i.tcp_proc_dupack   TCP_CM3.lib(at_tcp.o)
    0x0001891a   0x00000002   PAD
    0x0001891c   0x00000498   Code   RO          736    i.tcp_process       TCP_CM3.lib(at_tcp.o)
    0x00018db4   0x0000001a   Code   RO          737    i.tcp_que_free      TCP_CM3.lib(at_tcp.o)
    0x00018dce   0x0000001a   Code   RO          738    i.tcp_que_init      TCP_CM3.lib(at_tcp.o)
    0x00018de8   0x00000094   Code   RO          739    i.tcp_que_resend    TCP_CM3.lib(at_tcp.o)
    0x00018e7c   0x000000d4   Code   RO          743    i.tcp_send          TCP_CM3.lib(at_tcp.o)
    0x00018f50   0x0000006a   Code   RO          744    i.tcp_send_ctrl     TCP_CM3.lib(at_tcp.o)
    0x00018fba   0x00000050   Code   RO          745    i.tcp_send_data     TCP_CM3.lib(at_tcp.o)
    0x0001900a   0x00000068   Code   RO          746    i.tcp_send_reset    TCP_CM3.lib(at_tcp.o)
    0x00019072   0x00000026   Code   RO          747    i.tcp_set_cwnd      TCP_CM3.lib(at_tcp.o)
    0x00019098   0x00000068   Code   RO          748    i.tcp_transit       TCP_CM3.lib(at_tcp.o)
    0x00019100   0x000000c4   Code   RO          749    i.tcp_write         TCP_CM3.lib(at_tcp.o)
    0x000191c4   0x00000014   Code   RO          962    i.timer_tick        TCP_CM3.lib(at_system.o)
    0x000191d8   0x00000018   Code   RO          788    i.udp_init          TCP_CM3.lib(at_udp.o)
    0x000191f0   0x000000b8   Code   RO          793    i.udp_process       TCP_CM3.lib(at_udp.o)
    0x000192a8   0x000000e0   Code   RO          843    i.utc_to_http       TCP_CM3.lib(at_http.o)
    0x00019388   0x00000f48   Data   RO            1    .constdata          web.o
    0x0001a2d0   0x00000048   Data   RO           22    .constdata          http_demo.o
    0x0001a318   0x00000090   Data   RO          381    .constdata          net_config.o
    0x0001a3a8   0x00000028   Data   RO          412    .constdata          rtx_conf_cm.o
    0x0001a3d0   0x000005f0   Data   RO          643    .constdata          asciilib.o
    0x0001a9c0   0x00000006   Data   RO          673    .constdata          TCP_CM3.lib(at_arp.o)
    0x0001a9c6   0x00000008   Data   RO          698    .constdata          TCP_CM3.lib(at_ip.o)
    0x0001a9ce   0x000000f4   Data   RO          844    .constdata          TCP_CM3.lib(at_http.o)
    0x0001aac2   0x00000006   Data   RO          888    .constdata          TCP_CM3.lib(at_ethernet.o)
    0x0001aac8   0x00000056   Data   RO          968    .constdata          TCP_CM3.lib(http_err.o)
    0x0001ab1e   0x00000051   Data   RO          969    .constdata          TCP_CM3.lib(http_err.o)
    0x0001ab6f   0x0000004e   Data   RO          970    .constdata          TCP_CM3.lib(http_err.o)
    0x0001abbd   0x0000004b   Data   RO          971    .constdata          TCP_CM3.lib(http_err.o)
    0x0001ac08   0x0000002f   Data   RO          972    .constdata          TCP_CM3.lib(http_err.o)
    0x0001ac37   0x00000088   Data   RO          973    .constdata          TCP_CM3.lib(http_err.o)
    0x0001acbf   0x00000001   PAD
    0x0001acc0   0x00000088   Data   RO          986    .constdata          m_ws.l(pow.o)
    0x0001ad48   0x00000008   Data   RO         1318    .constdata          m_ws.l(qnan.o)
    0x0001ad50   0x00000081   Data   RO         1384    .constdata          mc_w.l(ctype_o.o)
    0x0001add1   0x00000003   PAD
    0x0001add4   0x00000004   Data   RO         1385    .constdata          mc_w.l(ctype_o.o)
    0x0001add8   0x0000001a   Data   RO          382    .conststring        net_config.o
    0x0001adf2   0x00000002   PAD
    0x0001adf4   0x00000020   Data   RO         1421    Region$$Table       anon$$obj.o


    Execution Region RW_IRAM1 (Base: 0x10000000, Size: 0x00004518, Max: 0x00008000, ABSOLUTE, COMPRESSED[0x0000214c])

    Base Addr    Size         Type   Attr      Idx    E Section Name        Object

    0x10000000   0x000000a4   Data   RW           23    .data               http_demo.o
    0x100000a4   0x00000004   Data   RW          111    .data               http_cgi.o
    0x100000a8   0x00003e88   Data   RW          153    .data               dma.o
    0x10003f30   0x0000000d   Data   RW          295    .data               uart.o
    0x10003f3d   0x00000003   PAD
    0x10003f40   0x00000049   Data   RW          354    .data               bmp180.o
    0x10003f89   0x0000002a   Data   RW          383    .data               net_config.o
    0x10003fb3   0x00000001   PAD
    0x10003fb4   0x00000005   Data   RW          434    .data               emac_lpc17xx_100mb.o
    0x10003fb9   0x00000003   PAD
    0x10003fbc   0x00000004   Data   RW          465    .data               system_lpc17xx.o
    0x10003fc0   0x00000001   Data   RW          617    .data               glcd.o
    0x10003fc1   0x00000003   PAD
    0x10003fc4   0x00000008   Data   RW          674    .data               TCP_CM3.lib(at_arp.o)
    0x10003fcc   0x0000000c   Data   RW          699    .data               TCP_CM3.lib(at_ip.o)
    0x10003fd8   0x00000004   Data   RW          750    .data               TCP_CM3.lib(at_tcp.o)
    0x10003fdc   0x0000000c   Data   RW          845    .data               TCP_CM3.lib(at_http.o)
    0x10003fe8   0x00000004   Data   RW         1355    .data               mc_w.l(errno.o)
    0x10003fec   0x0000001e   Zero   RW           21    .bss                http_demo.o
    0x1000400a   0x0000001e   Zero   RW          294    .bss                uart.o
    0x10004028   0x00000010   Zero   RW          711    .bss                TCP_CM3.lib(at_icmp.o)
    0x10004038   0x00000084   Zero   RW          887    .bss                TCP_CM3.lib(at_ethernet.o)
    0x100040bc   0x00000010   Zero   RW          951    .bss                TCP_CM3.lib(at_mem.o)
    0x100040cc   0x0000004c   Zero   RW          963    .bss                TCP_CM3.lib(at_system.o)
    0x10004118   0x00000400   Zero   RW          400    STACK               startup_lpc17xx.o


    Execution Region RW_IRAM2 (Base: 0x2007c000, Size: 0x00005cfc, Max: 0x00008000, ABSOLUTE, UNINIT)

    Base Addr    Size         Type   Attr      Idx    E Section Name        Object

    0x2007c000   0x00003298   Zero   RW          380    .bss                net_config.o
    0x2007f298   0x00002a64   Zero   RW          433    .bss                emac_lpc17xx_100mb.o


==============================================================================

Image component sizes


      Code (inc. data)   RO Data    RW Data    ZI Data      Debug   Object Name

        32          6       1520          0          0        903   asciilib.o
      2172        178          0         73          0       2706   bmp180.o
       628         62          0      16008          0      25756   dma.o
       192          4          0          0          0        688   ds1621.o
      1536        122          0          5      10852      33306   emac_lpc17xx_100mb.o
     69888        342          0          1          0     186834   glcd.o
       388         48          0          4          0      18553   http_cgi.o
      2104        548         72        164         30      60354   http_demo.o
       320          6          0          0          0       1380   i2c_lpc17xx.o
       500         50          0          0          0      24985   init.o
       116          8        170         42      12952       3021   net_config.o
       128         22          0          0          0        601   pwm.o
         0          0         40          0          0       1127   rtx_conf_cm.o
        40         12        204          0       1024        848   startup_lpc17xx.o
       680         62          0          4          0        925   system_lpc17xx.o
       500         38          0         13         30      25736   uart.o
         0          0       3912          0          0      15141   web.o

    ----------------------------------------------------------------------
     79224       1508       5952      16324      24888     402864   Object Totals
         0          0         32          0          0          0   (incl. Generated)
         0          0          2         10          0          0   (incl. Padding)

    ----------------------------------------------------------------------

      Code (inc. data)   RO Data    RW Data    ZI Data      Debug   Library Member Name

      1824        138          6          8          0       1040   at_arp.o
       488         58          6          0        132        404   at_ethernet.o
      5514       1176        244         12          0       2268   at_http.o
        18          0          0          0          0        340   at_http_uif.o
       404         30          0          0         16        308   at_icmp.o
       834         56          8         12          0        520   at_ip.o
       486          6          0          0          0       1224   at_lib.o
       568         46          0          0         16        520   at_mem.o
       196         40          0          0         76        292   at_system.o
      3936        158          0          4          0       2008   at_tcp.o
       208         12          0          0          0        156   at_udp.o
         0          0        503          0          0          0   http_err.o
        16          6          0          0          0         68   dunder.o
        40          0          0          0          0         68   fpclassify.o
       170          0          0          0          0         96   poly.o
      2528        190        136          0          0        332   pow.o
         0          0          8          0          0          0   qnan.o
        76          0          0          0          0         84   sqrt.o
        56          8          0          0          0         84   __0sscanf.o
        96          0          0          0          0          0   __dclz77c.o
        28          0          0          0          0         68   _chval.o
       812          6          0          0          0        112   _scanf.o
       336          0          0          0          0         96   _scanf_int.o
        64          0          0          0          0         84   _sgetc.o
       158          0          0          0          0         92   _strtoul.o
        26          0          0          0          0         80   atoi.o
         8          4        133          0          0         68   ctype_o.o
         0          0          0          0          0          0   entry.o
         0          0          0          0          0          0   entry10a.o
         0          0          0          0          0          0   entry11a.o
         8          4          0          0          0          0   entry2.o
         4          0          0          0          0          0   entry5.o
         0          0          0          0          0          0   entry7b.o
         0          0          0          0          0          0   entry8b.o
         8          4          0          0          0          0   entry9a.o
        20         10          0          4          0        136   errno.o
        30          0          0          0          0          0   handlers.o
        36          8          0          0          0         68   init.o
        18          0          0          0          0         76   isspace_o.o
         0          0          0          0          0          0   iusefp.o
        30          0          0          0          0         68   llshl.o
        36          0          0          0          0         68   llsshr.o
        32          0          0          0          0         68   llushr.o
        36          0          0          0          0         68   memcpya.o
      2260         86          0          0          0        512   printfa.o
        40          8          0          0          0         84   scanf_char.o
        28          0          0          0          0         76   strcmp.o
        14          0          0          0          0         68   strlen.o
       112          0          0          0          0         88   strtol.o
        44          0          0          0          0         80   uidiv.o
        98          0          0          0          0         92   uldiv.o
        40          2          0          0          0         68   cdrcmple.o
        20          0          0          0          0         68   cfcmple.o
        20          0          0          0          0         68   cfrcmple.o
        56          0          0          0          0         88   d2f.o
       334          0          0          0          0        148   dadd.o
       222          0          0          0          0        100   ddiv.o
       190          0          0          0          0        176   depilogue.o
        48          0          0          0          0         68   dfixul.o
        34          0          0          0          0         76   dflti.o
        26          0          0          0          0         76   dfltui.o
       228          0          0          0          0         96   dmul.o
        46          0          0          0          0         80   dscalb.o
       162          0          0          0          0        100   dsqrt.o
        38          0          0          0          0         68   f2d.o
       176          0          0          0          0        140   fadd.o
       128          0          0          0          0         88   fdiv.o
       108          0          0          0          0        168   fepilogue.o
        50          0          0          0          0         68   ffixi.o
        40          0          0          0          0         68   ffixui.o
        18          0          0          0          0         68   fflti.o
        10          0          0          0          0         68   ffltui.o
       108          0          0          0          0         76   fmul.o

    ----------------------------------------------------------------------
     23876       2056       1048         40        240      13988   Library Totals
        30          0          4          0          0          0   (incl. Padding)

    ----------------------------------------------------------------------

      Code (inc. data)   RO Data    RW Data    ZI Data      Debug   Library Name

     14476       1720        767         36        240       9080   TCP_CM3.lib
      2830        196        144          0          0        648   m_ws.l
      4438        138        133          4          0       2236   mc_w.l
      2102          2          0          0          0       2024   mf_w.l

    ----------------------------------------------------------------------
     23876       2056       1048         40        240      13988   Library Totals

    ----------------------------------------------------------------------

==============================================================================


      Code (inc. data)   RO Data    RW Data    ZI Data      Debug   

    103100       3564       7000      16364      25128     407076   Grand Totals
    103100       3564       7000       8524      25128     407076   ELF Image Totals (compressed)
    103100       3564       7000       8524          0          0   ROM Totals

==============================================================================

    Total RO  Size (Code + RO Data)               110100 ( 107.52kB)
    Total RW  Size (RW Data + ZI Data)             41492 (  40.52kB)
    Total ROM Size (Code + RO Data + RW Data)     118624 ( 115.84kB)

==============================================================================

