<html>
<body>
<pre>
<h1>µVision Build Log</h1>
<h2>Project:</h2>
C:\Users\GalleDoh\Documents\Subsistemas-SEDA\SEDA\Proyecto_web2_bueno\Http_demo.uvproj
Project File Date:  02/12/2018

<h2>Output:</h2>
Build target 'MCB1700'
custom translating Web.inp...
Custom: C:\Keil\ARM\bin\fcarm @Web\Web.inp
FCARM FILE CONVERTER V2.41
Completed 1 File(s), Ratio 77%
compiling Net_Config.c...
linking...
Program Size: Code=95892 RO-data=3588 RW-data=32232 ZI-data=25132  
".\Obj\Http_demo.axf" - 0 Errors, 0 Warning(s).
Load "C:\\Users\\GalleDoh\\Documents\\Subsistemas-SEDA\\SEDA\\Proyecto_web2_bueno\\Obj\\Http_demo.axf" 
Erase Done.
Programming Done.
Verify OK.
Application running ...
Build target 'MCB1700'
custom translating Web.inp...
Custom: C:\Keil\ARM\bin\fcarm @Web\Web.inp
FCARM FILE CONVERTER V2.41
Completed 1 File(s), Ratio 77%
compiling HTTP_demo.c...
.\USER\DMA.h(15): warning:  #1-D: last line of file ends without a newline
HTTP_demo.c(152): warning:  #223-D: function "LED_out" declared implicitly
compiling WEB.C...
compiling init.c...
USER\init.c(9): warning:  #61-D: integer operation result is out of range
USER\init.c(12): warning:  #61-D: integer operation result is out of range
linking...
.\Obj\Http_demo.axf: Error: L6218E: Undefined symbol LED_out (referred from http_demo.o).
".\Obj\Http_demo.axf" - 1 Errors, 4 Warning(s).
Target not created
Build target 'MCB1700'
custom translating Web.inp...
Custom: C:\Keil\ARM\bin\fcarm @Web\Web.inp
FCARM FILE CONVERTER V2.41
Completed 1 File(s), Ratio 77%
compiling HTTP_demo.c...
.\USER\DMA.h(15): warning:  #1-D: last line of file ends without a newline
HTTP_demo.c(198): warning:  #223-D: function "blink_led" declared implicitly
linking...
.\Obj\Http_demo.axf: Error: L6218E: Undefined symbol blink_led (referred from http_demo.o).
".\Obj\Http_demo.axf" - 1 Errors, 2 Warning(s).
Target not created
Build target 'MCB1700'
custom translating Web.inp...
Custom: C:\Keil\ARM\bin\fcarm @Web\Web.inp
FCARM FILE CONVERTER V2.41
Completed 1 File(s), Ratio 77%
compiling HTTP_demo.c...
.\USER\DMA.h(15): warning:  #1-D: last line of file ends without a newline
compiling WEB.C...
linking...
Program Size: Code=95648 RO-data=3588 RW-data=32228 ZI-data=25136  
".\Obj\Http_demo.axf" - 0 Errors, 1 Warning(s).
Load "C:\\Users\\GalleDoh\\Documents\\Subsistemas-SEDA\\SEDA\\Proyecto_web2_bueno\\Obj\\Http_demo.axf" 
Erase Done.
Programming Done.
Verify OK.
Application running ...
Build target 'MCB1700'
custom translating Web.inp...
Custom: C:\Keil\ARM\bin\fcarm @Web\Web.inp
FCARM FILE CONVERTER V2.41
Completed 1 File(s), Ratio 77%
compiling HTTP_demo.c...
.\USER\DMA.h(15): warning:  #1-D: last line of file ends without a newline
linking...
Program Size: Code=96224 RO-data=3588 RW-data=32224 ZI-data=25132  
".\Obj\Http_demo.axf" - 0 Errors, 1 Warning(s).
Build target 'MCB1700'
custom translating Web.inp...
Custom: C:\Keil\ARM\bin\fcarm @Web\Web.inp
FCARM FILE CONVERTER V2.41
Completed 1 File(s), Ratio 77%
compiling HTTP_demo.c...
.\USER\DMA.h(15): warning:  #1-D: last line of file ends without a newline
compiling WEB.C...
linking...
Program Size: Code=96520 RO-data=3588 RW-data=32224 ZI-data=25132  
".\Obj\Http_demo.axf" - 0 Errors, 1 Warning(s).
Load "C:\\Users\\GalleDoh\\Documents\\Subsistemas-SEDA\\SEDA\\Proyecto_web2_bueno\\Obj\\Http_demo.axf" 
Erase Done.
Programming Done.
Verify OK.
Application running ...
Build target 'MCB1700'
custom translating Web.inp...
Custom: C:\Keil\ARM\bin\fcarm @Web\Web.inp
FCARM FILE CONVERTER V2.41
Completed 1 File(s), Ratio 77%
compiling HTTP_demo.c...
.\USER\DMA.h(15): warning:  #1-D: last line of file ends without a newline
linking...
Program Size: Code=96240 RO-data=3588 RW-data=32224 ZI-data=25132  
".\Obj\Http_demo.axf" - 0 Errors, 1 Warning(s).
Load "C:\\Users\\GalleDoh\\Documents\\Subsistemas-SEDA\\SEDA\\Proyecto_web2_bueno\\Obj\\Http_demo.axf" 
Erase Done.
Programming Done.
Verify OK.
Application running ...
Build target 'MCB1700'
custom translating Web.inp...
Custom: C:\Keil\ARM\bin\fcarm @Web\Web.inp
FCARM FILE CONVERTER V2.41
Completed 1 File(s), Ratio 77%
compiling WEB.C...
compiling DMA.c...
USER\DMA.h(15): warning:  #1-D: last line of file ends without a newline
USER\DMA.c(53): warning:  #61-D: integer operation result is out of range
USER\DMA.c(82): warning:  #61-D: integer operation result is out of range
linking...
Program Size: Code=96048 RO-data=3588 RW-data=32212 ZI-data=25132  
".\Obj\Http_demo.axf" - 0 Errors, 3 Warning(s).
Load "C:\\Users\\GalleDoh\\Documents\\Subsistemas-SEDA\\SEDA\\Proyecto_web2_bueno\\Obj\\Http_demo.axf" 
Erase Done.
Programming Done.
Verify OK.
Application running ...
Build target 'MCB1700'
custom translating Web.inp...
Custom: C:\Keil\ARM\bin\fcarm @Web\Web.inp
FCARM FILE CONVERTER V2.41
Completed 1 File(s), Ratio 77%
compiling HTTP_demo.c...
.\USER\DMA.h(15): warning:  #1-D: last line of file ends without a newline
linking...
Program Size: Code=96064 RO-data=3588 RW-data=32212 ZI-data=25132  
".\Obj\Http_demo.axf" - 0 Errors, 1 Warning(s).
Load "C:\\Users\\GalleDoh\\Documents\\Subsistemas-SEDA\\SEDA\\Proyecto_web2_bueno\\Obj\\Http_demo.axf" 
Erase Done.
Programming Done.
Verify OK.
Application running ...
Build target 'MCB1700'
custom translating Web.inp...
Custom: C:\Keil\ARM\bin\fcarm @Web\Web.inp
FCARM FILE CONVERTER V2.41
Completed 1 File(s), Ratio 77%
compiling HTTP_demo.c...
.\USER\DMA.h(15): warning:  #1-D: last line of file ends without a newline
compiling WEB.C...
linking...
Program Size: Code=96100 RO-data=3588 RW-data=32212 ZI-data=25132  
".\Obj\Http_demo.axf" - 0 Errors, 1 Warning(s).
Load "C:\\Users\\GalleDoh\\Documents\\Subsistemas-SEDA\\SEDA\\Proyecto_web2_bueno\\Obj\\Http_demo.axf" 
Erase Done.
Programming Done.
Verify OK.
Application running ...
Build target 'MCB1700'
custom translating Web.inp...
Custom: C:\Keil\ARM\bin\fcarm @Web\Web.inp
FCARM FILE CONVERTER V2.41
Completed 1 File(s), Ratio 77%
compiling HTTP_demo.c...
.\USER\DMA.h(15): warning:  #1-D: last line of file ends without a newline
linking...
Program Size: Code=96112 RO-data=3588 RW-data=32212 ZI-data=25132  
".\Obj\Http_demo.axf" - 0 Errors, 1 Warning(s).
Load "C:\\Users\\GalleDoh\\Documents\\Subsistemas-SEDA\\SEDA\\Proyecto_web2_bueno\\Obj\\Http_demo.axf" 
Erase Done.
Programming Done.
Verify OK.
Application running ...
Build target 'MCB1700'
custom translating Web.inp...
Custom: C:\Keil\ARM\bin\fcarm @Web\Web.inp
FCARM FILE CONVERTER V2.41
Completed 1 File(s), Ratio 77%
compiling WEB.C...
compiling init.c...
USER\init.c(9): warning:  #61-D: integer operation result is out of range
USER\init.c(12): warning:  #61-D: integer operation result is out of range
linking...
Program Size: Code=96092 RO-data=3588 RW-data=32212 ZI-data=25132  
".\Obj\Http_demo.axf" - 0 Errors, 2 Warning(s).
Load "C:\\Users\\GalleDoh\\Documents\\Subsistemas-SEDA\\SEDA\\Proyecto_web2_bueno\\Obj\\Http_demo.axf" 
Erase Done.
Programming Done.
Verify OK.
Application running ...
Build target 'MCB1700'
custom translating Web.inp...
Custom: C:\Keil\ARM\bin\fcarm @Web\Web.inp
FCARM FILE CONVERTER V2.41
Completed 1 File(s), Ratio 77%
compiling init.c...
USER\init.c(9): warning:  #61-D: integer operation result is out of range
USER\init.c(12): warning:  #61-D: integer operation result is out of range
linking...
Program Size: Code=96092 RO-data=3588 RW-data=32212 ZI-data=25132  
".\Obj\Http_demo.axf" - 0 Errors, 2 Warning(s).
Load "C:\\Users\\GalleDoh\\Documents\\Subsistemas-SEDA\\SEDA\\Proyecto_web2_bueno\\Obj\\Http_demo.axf" 
Erase Done.
Programming Done.
Verify OK.
Application running ...
Build target 'MCB1700'
custom translating Web.inp...
Custom: C:\Keil\ARM\bin\fcarm @Web\Web.inp
FCARM FILE CONVERTER V2.41
Completed 1 File(s), Ratio 77%
compiling WEB.C...
compiling init.c...
USER\init.c(9): warning:  #61-D: integer operation result is out of range
linking...
Program Size: Code=95984 RO-data=3588 RW-data=32212 ZI-data=25132  
".\Obj\Http_demo.axf" - 0 Errors, 1 Warning(s).
Load "C:\\Users\\GalleDoh\\Documents\\Subsistemas-SEDA\\SEDA\\Proyecto_web2_bueno\\Obj\\Http_demo.axf" 
Erase Done.
Programming Done.
Verify OK.
Application running ...
Build target 'MCB1700'
custom translating Web.inp...
Custom: C:\Keil\ARM\bin\fcarm @Web\Web.inp
FCARM FILE CONVERTER V2.41
Completed 1 File(s), Ratio 77%
compiling init.c...
USER\init.c(9): warning:  #61-D: integer operation result is out of range
USER\init.c(12): warning:  #61-D: integer operation result is out of range
linking...
Program Size: Code=96004 RO-data=3588 RW-data=32212 ZI-data=25132  
".\Obj\Http_demo.axf" - 0 Errors, 2 Warning(s).
Load "C:\\Users\\GalleDoh\\Documents\\Subsistemas-SEDA\\SEDA\\Proyecto_web2_bueno\\Obj\\Http_demo.axf" 
Erase Done.
Programming Done.
Verify OK.
Application running ...
Build target 'MCB1700'
custom translating Web.inp...
Custom: C:\Keil\ARM\bin\fcarm @Web\Web.inp
FCARM FILE CONVERTER V2.41
Completed 1 File(s), Ratio 77%
compiling WEB.C...
compiling init.c...
USER\init.c(9): warning:  #61-D: integer operation result is out of range
USER\init.c(12): warning:  #61-D: integer operation result is out of range
linking...
Program Size: Code=96044 RO-data=3588 RW-data=32212 ZI-data=25132  
".\Obj\Http_demo.axf" - 0 Errors, 2 Warning(s).
Load "C:\\Users\\GalleDoh\\Documents\\Subsistemas-SEDA\\SEDA\\Proyecto_web2_bueno\\Obj\\Http_demo.axf" 
Erase Done.
Programming Done.
Verify OK.
Application running ...
Build target 'MCB1700'
custom translating Web.inp...
Custom: C:\Keil\ARM\bin\fcarm @Web\Web.inp
FCARM FILE CONVERTER V2.41
Completed 1 File(s), Ratio 77%
compiling init.c...
USER\init.c(9): warning:  #61-D: integer operation result is out of range
USER\init.c(12): warning:  #61-D: integer operation result is out of range
linking...
Program Size: Code=96064 RO-data=3588 RW-data=32212 ZI-data=25132  
".\Obj\Http_demo.axf" - 0 Errors, 2 Warning(s).
Load "C:\\Users\\GalleDoh\\Documents\\Subsistemas-SEDA\\SEDA\\Proyecto_web2_bueno\\Obj\\Http_demo.axf" 
Erase Done.
Programming Done.
Verify OK.
Application running ...
Build target 'MCB1700'
custom translating Web.inp...
Custom: C:\Keil\ARM\bin\fcarm @Web\Web.inp
FCARM FILE CONVERTER V2.41
Completed 1 File(s), Ratio 77%
compiling WEB.C...
compiling init.c...
USER\init.c(9): warning:  #61-D: integer operation result is out of range
USER\init.c(12): warning:  #61-D: integer operation result is out of range
linking...
Program Size: Code=96084 RO-data=3588 RW-data=32212 ZI-data=25132  
".\Obj\Http_demo.axf" - 0 Errors, 2 Warning(s).
Load "C:\\Users\\GalleDoh\\Documents\\Subsistemas-SEDA\\SEDA\\Proyecto_web2_bueno\\Obj\\Http_demo.axf" 
Erase Done.
Programming Done.
Verify OK.
Application running ...
Build target 'MCB1700'
custom translating Web.inp...
Custom: C:\Keil\ARM\bin\fcarm @Web\Web.inp
FCARM FILE CONVERTER V2.41
Completed 1 File(s), Ratio 77%
compiling init.c...
USER\init.c(9): warning:  #61-D: integer operation result is out of range
USER\init.c(12): warning:  #61-D: integer operation result is out of range
linking...
Program Size: Code=96104 RO-data=3588 RW-data=32212 ZI-data=25132  
".\Obj\Http_demo.axf" - 0 Errors, 2 Warning(s).
Load "C:\\Users\\GalleDoh\\Documents\\Subsistemas-SEDA\\SEDA\\Proyecto_web2_bueno\\Obj\\Http_demo.axf" 
Erase Done.
Programming Done.
Verify OK.
Application running ...
Build target 'MCB1700'
custom translating Web.inp...
Custom: C:\Keil\ARM\bin\fcarm @Web\Web.inp
FCARM FILE CONVERTER V2.41
Completed 1 File(s), Ratio 77%
compiling WEB.C...
compiling init.c...
USER\init.c(9): warning:  #61-D: integer operation result is out of range
USER\init.c(12): warning:  #61-D: integer operation result is out of range
linking...
Program Size: Code=96112 RO-data=3588 RW-data=32212 ZI-data=25132  
".\Obj\Http_demo.axf" - 0 Errors, 2 Warning(s).
Load "C:\\Users\\GalleDoh\\Documents\\Subsistemas-SEDA\\SEDA\\Proyecto_web2_bueno\\Obj\\Http_demo.axf" 
Erase Done.
Programming Done.
Verify OK.
Application running ...
Build target 'MCB1700'
custom translating Web.inp...
Custom: C:\Keil\ARM\bin\fcarm @Web\Web.inp
FCARM FILE CONVERTER V2.41
Completed 1 File(s), Ratio 77%
compiling init.c...
USER\init.c(9): warning:  #61-D: integer operation result is out of range
USER\init.c(12): warning:  #61-D: integer operation result is out of range
linking...
Program Size: Code=96104 RO-data=3588 RW-data=32212 ZI-data=25132  
".\Obj\Http_demo.axf" - 0 Errors, 2 Warning(s).
Load "C:\\Users\\GalleDoh\\Documents\\Subsistemas-SEDA\\SEDA\\Proyecto_web2_bueno\\Obj\\Http_demo.axf" 
Erase Done.
Programming Done.
Verify OK.
Application running ...
Clean started: Project: 'Http_demo'
   deleting intermediate output files for target 'MCB1700'
   deleting intermediate output files for target 'MCB1700 Debug'
   deleting intermediate output files for target 'MCB1700 RTX'
Build target 'MCB1700'
custom translating Web.inp...
Custom: C:\Keil\ARM\bin\fcarm @Web\Web.inp
FCARM FILE CONVERTER V2.41
Completed 1 File(s), Ratio 77%
compiling HTTP_demo.c...
.\USER\DMA.h(15): warning:  #1-D: last line of file ends without a newline
compiling HTTP_CGI.c...
HTTP_CGI.c(91): warning:  #177-D: variable "s" was declared but never referenced
HTTP_CGI.c(138): warning:  #177-D: variable "tsoc" was declared but never referenced
HTTP_CGI.c(140): warning:  #177-D: variable "id" was declared but never referenced
HTTP_CGI.c(140): warning:  #177-D: variable "lang" was declared but never referenced
HTTP_CGI.c(141): warning:  #177-D: variable "adv" was declared but never referenced
HTTP_CGI.c(57): warning:  #177-D: variable "P2" was declared but never referenced
HTTP_CGI.c(58): warning:  #177-D: variable "state" was declared but never referenced
compiling WEB.C...
compiling DMA.c...
USER\DMA.h(15): warning:  #1-D: last line of file ends without a newline
USER\DMA.c(53): warning:  #61-D: integer operation result is out of range
USER\DMA.c(82): warning:  #61-D: integer operation result is out of range
compiling i2c_lpc17xx.c...
compiling init.c...
USER\init.c(9): warning:  #61-D: integer operation result is out of range
USER\init.c(12): warning:  #61-D: integer operation result is out of range
compiling PWM.c...
compiling TouchPanel.c...
compiling uart.c...
compiling Net_Config.c...
assembling startup_LPC17xx.s...
compiling RTX_Conf_CM.c...
compiling EMAC_LPC17xx_100Mb.c...
compiling system_LPC17xx.c...
compiling HzLib.c...
compiling lpc17xx_pinsel.c...
compiling lpc17xx_gpio.c...
compiling lpc17xx_ssp.c...
compiling lpc17xx_libcfg_default.c...
compiling lpc17xx_clkpwr.c...
compiling GLCD.c...
compiling AsciiLib.c...
linking...
Program Size: Code=96104 RO-data=3588 RW-data=32212 ZI-data=25132  
".\Obj\Http_demo.axf" - 0 Errors, 13 Warning(s).
Load "C:\\Users\\GalleDoh\\Documents\\Subsistemas-SEDA\\SEDA\\Proyecto_web2_bueno\\Obj\\Http_demo.axf" 
Erase Done.
Programming Done.
Verify OK.
Application running ...
Build target 'MCB1700'
custom translating Web.inp...
Custom: C:\Keil\ARM\bin\fcarm @Web\Web.inp
FCARM FILE CONVERTER V2.41
Completed 1 File(s), Ratio 77%
compiling HTTP_demo.c...
.\USER\DMA.h(15): warning:  #1-D: last line of file ends without a newline
linking...
Program Size: Code=96112 RO-data=3588 RW-data=32212 ZI-data=25132  
".\Obj\Http_demo.axf" - 0 Errors, 1 Warning(s).
Load "C:\\Users\\GalleDoh\\Documents\\Subsistemas-SEDA\\SEDA\\Proyecto_web2_bueno\\Obj\\Http_demo.axf" 
Erase Done.
Programming Done.
Verify OK.
Application running ...
Build target 'MCB1700'
custom translating Web.inp...
Custom: C:\Keil\ARM\bin\fcarm @Web\Web.inp
FCARM FILE CONVERTER V2.41
Completed 1 File(s), Ratio 77%
compiling HTTP_demo.c...
.\USER\DMA.h(15): warning:  #1-D: last line of file ends without a newline
compiling WEB.C...
linking...
Program Size: Code=96112 RO-data=3588 RW-data=32212 ZI-data=25132  
".\Obj\Http_demo.axf" - 0 Errors, 1 Warning(s).
Load "C:\\Users\\GalleDoh\\Documents\\Subsistemas-SEDA\\SEDA\\Proyecto_web2_bueno\\Obj\\Http_demo.axf" 
Erase Done.
Programming Done.
Verify OK.
Application running ...
Build target 'MCB1700'
custom translating Web.inp...
Custom: C:\Keil\ARM\bin\fcarm @Web\Web.inp
FCARM FILE CONVERTER V2.41
Completed 1 File(s), Ratio 77%
compiling HTTP_demo.c...
HTTP_demo.c(6): error:  #5: cannot open source input file "DS2116": No such file or directory
compiling DS1621.c...
USER\DS1621.h(5): warning:  #1295-D: Deprecated declaration leer_DS1621 - give arg types
USER\DS1621.h(7): warning:  #1-D: last line of file ends without a newline
".\Obj\Http_demo.axf" - 1 Errors, 2 Warning(s).
Target not created
Build target 'MCB1700'
custom translating Web.inp...
Custom: C:\Keil\ARM\bin\fcarm @Web\Web.inp
FCARM FILE CONVERTER V2.41
Completed 1 File(s), Ratio 77%
compiling HTTP_demo.c...
.\USER\DS1621.h(5): warning:  #1295-D: Deprecated declaration leer_DS1621 - give arg types
.\USER\DS1621.h(7): warning:  #1-D: last line of file ends without a newline
.\USER\DMA.h(15): warning:  #1-D: last line of file ends without a newline
compiling WEB.C...
compiling DS1621.c...
USER\DS1621.h(5): warning:  #1295-D: Deprecated declaration leer_DS1621 - give arg types
USER\DS1621.h(7): warning:  #1-D: last line of file ends without a newline
linking...
Program Size: Code=97768 RO-data=3588 RW-data=32212 ZI-data=25132  
".\Obj\Http_demo.axf" - 0 Errors, 5 Warning(s).
Load "C:\\Users\\GalleDoh\\Documents\\Subsistemas-SEDA\\SEDA\\Proyecto_web2_bueno\\Obj\\Http_demo.axf" 
Erase Done.
Programming Done.
Verify OK.
Application running ...
Build target 'MCB1700'
custom translating Web.inp...
Custom: C:\Keil\ARM\bin\fcarm @Web\Web.inp
FCARM FILE CONVERTER V2.41
Completed 1 File(s), Ratio 77%
compiling HTTP_demo.c...
.\USER\DS1621.h(5): warning:  #1295-D: Deprecated declaration leer_DS1621 - give arg types
.\USER\DS1621.h(7): warning:  #1-D: last line of file ends without a newline
.\USER\DMA.h(15): warning:  #1-D: last line of file ends without a newline
linking...
Program Size: Code=97992 RO-data=3588 RW-data=32212 ZI-data=25132  
".\Obj\Http_demo.axf" - 0 Errors, 3 Warning(s).
Load "C:\\Users\\GalleDoh\\Documents\\Subsistemas-SEDA\\SEDA\\Proyecto_web2_bueno\\Obj\\Http_demo.axf" 
Erase Done.
Programming Done.
Verify OK.
Application running ...
Build target 'MCB1700'
custom translating Web.inp...
Custom: C:\Keil\ARM\bin\fcarm @Web\Web.inp
FCARM FILE CONVERTER V2.41
Completed 1 File(s), Ratio 77%
compiling HTTP_demo.c...
.\USER\DS1621.h(5): warning:  #1295-D: Deprecated declaration leer_DS1621 - give arg types
.\USER\DS1621.h(7): warning:  #1-D: last line of file ends without a newline
.\USER\DMA.h(15): warning:  #1-D: last line of file ends without a newline
compiling WEB.C...
linking...
Program Size: Code=98112 RO-data=3588 RW-data=32212 ZI-data=25132  
".\Obj\Http_demo.axf" - 0 Errors, 3 Warning(s).
Load "C:\\Users\\GalleDoh\\Documents\\Subsistemas-SEDA\\SEDA\\Proyecto_web2_bueno\\Obj\\Http_demo.axf" 
Erase Done.
Programming Done.
Verify OK.
Application running ...
Build target 'MCB1700'
custom translating Web.inp...
Custom: C:\Keil\ARM\bin\fcarm @Web\Web.inp
FCARM FILE CONVERTER V2.41
Completed 1 File(s), Ratio 77%
compiling HTTP_demo.c...
.\USER\DS1621.h(5): warning:  #1295-D: Deprecated declaration leer_DS1621 - give arg types
.\USER\DS1621.h(7): warning:  #1-D: last line of file ends without a newline
.\USER\DMA.h(15): warning:  #1-D: last line of file ends without a newline
linking...
Program Size: Code=97992 RO-data=3588 RW-data=32212 ZI-data=25132  
".\Obj\Http_demo.axf" - 0 Errors, 3 Warning(s).
Load "C:\\Users\\GalleDoh\\Documents\\Subsistemas-SEDA\\SEDA\\Proyecto_web2_bueno\\Obj\\Http_demo.axf" 
Erase Done.
Programming Done.
Verify OK.
Application running ...
Build target 'MCB1700'
custom translating Web.inp...
Custom: C:\Keil\ARM\bin\fcarm @Web\Web.inp
FCARM FILE CONVERTER V2.41
Completed 1 File(s), Ratio 77%
compiling HTTP_demo.c...
.\USER\DS1621.h(5): warning:  #1295-D: Deprecated declaration leer_DS1621 - give arg types
.\USER\DS1621.h(7): warning:  #1-D: last line of file ends without a newline
.\USER\DMA.h(15): warning:  #1-D: last line of file ends without a newline
compiling WEB.C...
linking...
Program Size: Code=98060 RO-data=3588 RW-data=32212 ZI-data=25132  
".\Obj\Http_demo.axf" - 0 Errors, 3 Warning(s).
Load "C:\\Users\\GalleDoh\\Documents\\Subsistemas-SEDA\\SEDA\\Proyecto_web2_bueno\\Obj\\Http_demo.axf" 
Erase Done.
Programming Done.
Verify OK.
Application running ...
Build target 'MCB1700'
custom translating Web.inp...
Custom: C:\Keil\ARM\bin\fcarm @Web\Web.inp
FCARM FILE CONVERTER V2.41
Completed 1 File(s), Ratio 77%
compiling HTTP_demo.c...
.\USER\DS1621.h(5): warning:  #1295-D: Deprecated declaration leer_DS1621 - give arg types
.\USER\DS1621.h(7): warning:  #1-D: last line of file ends without a newline
.\USER\DMA.h(15): warning:  #1-D: last line of file ends without a newline
linking...
Program Size: Code=98004 RO-data=3588 RW-data=32212 ZI-data=25132  
".\Obj\Http_demo.axf" - 0 Errors, 3 Warning(s).
Load "C:\\Users\\GalleDoh\\Documents\\Subsistemas-SEDA\\SEDA\\Proyecto_web2_bueno\\Obj\\Http_demo.axf" 
Erase Done.
Programming Done.
Verify OK.
Application running ...
