<html>
<body>
<pre>
<h1>µVision Build Log</h1>
<h2>Project:</h2>
C:\Users\Usuario\Desktop\Proyecto_web2\Http_demo.uvproj
Project File Date:  02/12/2018

<h2>Output:</h2>
Build target 'MCB1700'
custom translating Web.inp...
Custom: C:\Keil\ARM\bin\fcarm @Web\Web.inp
FCARM FILE CONVERTER V2.41
Completed 19 File(s), Ratio 88%
compiling HTTP_demo.c...
linking...
.\Obj\Http_demo.axf: Error: L6218E: Undefined symbol AD_in (referred from http_cgi.o).
".\Obj\Http_demo.axf" - 1 Errors, 0 Warning(s).
Target not created
Build target 'MCB1700'
custom translating Web.inp...
Custom: C:\Keil\ARM\bin\fcarm @Web\Web.inp
FCARM FILE CONVERTER V2.41
Completed 19 File(s), Ratio 88%
compiling HTTP_CGI.c...
HTTP_CGI.c(255): warning:  #177-D: variable "tsoc" was declared but never referenced
HTTP_CGI.c(257): warning:  #177-D: variable "id" was declared but never referenced
HTTP_CGI.c(257): warning:  #177-D: variable "lang" was declared but never referenced
HTTP_CGI.c(258): warning:  #177-D: variable "adv" was declared but never referenced
HTTP_CGI.c(56): warning:  #177-D: variable "state" was declared but never referenced
compiling WEB.C...
linking...
Program Size: Code=55784 RO-data=31040 RW-data=32220 ZI-data=25168  
".\Obj\Http_demo.axf" - 0 Errors, 5 Warning(s).
Build target 'MCB1700'
custom translating Web.inp...
Custom: C:\Keil\ARM\bin\fcarm @Web\Web.inp
FCARM FILE CONVERTER V2.41
Completed 19 File(s), Ratio 88%
linking...
Program Size: Code=55784 RO-data=31040 RW-data=32220 ZI-data=25168  
".\Obj\Http_demo.axf" - 0 Errors, 0 Warning(s).
Load "C:\\Users\\Usuario\\Desktop\\Proyecto_web2\\Obj\\Http_demo.axf" 
Set JLink Project File to "C:\Users\Usuario\Desktop\Proyecto_web2\JLinkSettings.ini"
* JLink Info: Device "LPC1768" selected (512 KB flash, 32 KB RAM).
 
JLink info:
------------
DLL: V4.68a, compiled Apr 12 2013 13:26:50
Firmware: J-Link ARM-OB STM32 compiled Aug 22 2012 19:52:04
Hardware: V7.00
Feature(s) : RDI,FlashDL,FlashBP,JFlash,GDBFull 
 
* JLink Info: TotalIRLen = 4, IRPrint = 0x01
* JLink Info: Found Cortex-M3 r2p0, Little endian.
* JLink Info: TPIU fitted.
* JLink Info: ETM fitted.
* JLink Info: FPUnit: 6 code (BP) slots and 2 literal slots
ROMTableAddr = 0xE00FF003
* JLink Info: Found Cortex-M3 r2p0, Little endian.
* JLink Info: TPIU fitted.
* JLink Info: ETM fitted.
* JLink Info: FPUnit: 6 code (BP) slots and 2 literal slots
 
Target info:
------------
Device: LPC1768
VTarget = 3.300V
State of Pins: 
TCK: 1, TDI: 0, TDO: 1, TMS: 0, TRES: 1, TRST: 1
Hardware-Breakpoints: 6
Software-Breakpoints: 8192
Watchpoints:          4
JTAG speed: 4000 kHz
 
Full Chip Erase Done.
Programming Done.
* JLink Info: Found Cortex-M3 r2p0, Little endian.
* JLink Info: TPIU fitted.
* JLink Info: ETM fitted.
* JLink Info: FPUnit: 6 code (BP) slots and 2 literal slots
Application running ...
Build target 'MCB1700'
custom translating Web.inp...
Custom: C:\Keil\ARM\bin\fcarm @Web\Web.inp
FCARM FILE CONVERTER V2.41
Completed 19 File(s), Ratio 88%
compiling WEB.C...
compiling Net_Config.c...
linking...
Program Size: Code=53120 RO-data=31032 RW-data=32216 ZI-data=25132  
".\Obj\Http_demo.axf" - 0 Errors, 0 Warning(s).
Load "C:\\Users\\Usuario\\Desktop\\Proyecto_web2\\Obj\\Http_demo.axf" 
Set JLink Project File to "C:\Users\Usuario\Desktop\Proyecto_web2\JLinkSettings.ini"
* JLink Info: Device "LPC1768" selected (512 KB flash, 32 KB RAM).
 
JLink info:
------------
DLL: V4.68a, compiled Apr 12 2013 13:26:50
Firmware: J-Link ARM-OB STM32 compiled Aug 22 2012 19:52:04
Hardware: V7.00
Feature(s) : RDI,FlashDL,FlashBP,JFlash,GDBFull 
 
* JLink Info: TotalIRLen = 4, IRPrint = 0x01
* JLink Info: Found Cortex-M3 r2p0, Little endian.
* JLink Info: TPIU fitted.
* JLink Info: ETM fitted.
* JLink Info: FPUnit: 6 code (BP) slots and 2 literal slots
ROMTableAddr = 0xE00FF003
* JLink Info: Found Cortex-M3 r2p0, Little endian.
* JLink Info: TPIU fitted.
* JLink Info: ETM fitted.
* JLink Info: FPUnit: 6 code (BP) slots and 2 literal slots
 
Target info:
------------
Device: LPC1768
VTarget = 3.300V
State of Pins: 
TCK: 1, TDI: 0, TDO: 1, TMS: 0, TRES: 1, TRST: 1
Hardware-Breakpoints: 6
Software-Breakpoints: 8192
Watchpoints:          4
JTAG speed: 4000 kHz
 
Full Chip Erase Done.
Programming Done.
* JLink Info: Found Cortex-M3 r2p0, Little endian.
* JLink Info: TPIU fitted.
* JLink Info: ETM fitted.
* JLink Info: FPUnit: 6 code (BP) slots and 2 literal slots
Application running ...
Build target 'MCB1700'
custom translating Web.inp...
Custom: C:\Keil\ARM\bin\fcarm @Web\Web.inp
FCARM FILE CONVERTER V2.41
Completed 1 File(s), Ratio 73%
compiling HTTP_demo.c...
.\USER\DMA.h(15): warning:  #1-D: last line of file ends without a newline
linking...
Program Size: Code=53072 RO-data=31032 RW-data=32212 ZI-data=25136  
".\Obj\Http_demo.axf" - 0 Errors, 1 Warning(s).
Load "C:\\Users\\Usuario\\Desktop\\Proyecto_web2\\Obj\\Http_demo.axf" 
Set JLink Project File to "C:\Users\Usuario\Desktop\Proyecto_web2\JLinkSettings.ini"
* JLink Info: Device "LPC1768" selected (512 KB flash, 32 KB RAM).
 
JLink info:
------------
DLL: V4.68a, compiled Apr 12 2013 13:26:50
Firmware: J-Link ARM-OB STM32 compiled Aug 22 2012 19:52:04
Hardware: V7.00
Feature(s) : RDI,FlashDL,FlashBP,JFlash,GDBFull 
 
* JLink Info: TotalIRLen = 4, IRPrint = 0x01
* JLink Info: Found Cortex-M3 r2p0, Little endian.
* JLink Info: TPIU fitted.
* JLink Info: ETM fitted.
* JLink Info: FPUnit: 6 code (BP) slots and 2 literal slots
ROMTableAddr = 0xE00FF003
* JLink Info: Found Cortex-M3 r2p0, Little endian.
* JLink Info: TPIU fitted.
* JLink Info: ETM fitted.
* JLink Info: FPUnit: 6 code (BP) slots and 2 literal slots
 
Target info:
------------
Device: LPC1768
VTarget = 3.300V
State of Pins: 
TCK: 1, TDI: 0, TDO: 1, TMS: 0, TRES: 1, TRST: 1
Hardware-Breakpoints: 6
Software-Breakpoints: 8192
Watchpoints:          4
JTAG speed: 4000 kHz
 
Full Chip Erase Done.
Programming Done.
* JLink Info: Found Cortex-M3 r2p0, Little endian.
* JLink Info: TPIU fitted.
* JLink Info: ETM fitted.
* JLink Info: FPUnit: 6 code (BP) slots and 2 literal slots
Application running ...
Load "C:\\Users\\Usuario\\Desktop\\Proyecto_web2\\Obj\\Http_demo.axf" 
Set JLink Project File to "C:\Users\Usuario\Desktop\Proyecto_web2\JLinkSettings.ini"
* JLink Info: Device "LPC1768" selected (512 KB flash, 32 KB RAM).
 
JLink info:
------------
DLL: V4.68a, compiled Apr 12 2013 13:26:50
Firmware: J-Link ARM-OB STM32 compiled Aug 22 2012 19:52:04
Hardware: V7.00
Feature(s) : RDI,FlashDL,FlashBP,JFlash,GDBFull 
 
* JLink Info: TotalIRLen = 4, IRPrint = 0x01
* JLink Info: Found Cortex-M3 r2p0, Little endian.
* JLink Info: TPIU fitted.
* JLink Info: ETM fitted.
* JLink Info: FPUnit: 6 code (BP) slots and 2 literal slots
ROMTableAddr = 0xE00FF003
* JLink Info: Found Cortex-M3 r2p0, Little endian.
* JLink Info: TPIU fitted.
* JLink Info: ETM fitted.
* JLink Info: FPUnit: 6 code (BP) slots and 2 literal slots
 
Target info:
------------
Device: LPC1768
VTarget = 3.300V
State of Pins: 
TCK: 1, TDI: 0, TDO: 1, TMS: 0, TRES: 1, TRST: 1
Hardware-Breakpoints: 6
Software-Breakpoints: 8192
Watchpoints:          4
JTAG speed: 4000 kHz
 
Full Chip Erase Done.
Programming Done.
* JLink Info: Found Cortex-M3 r2p0, Little endian.
* JLink Info: TPIU fitted.
* JLink Info: ETM fitted.
* JLink Info: FPUnit: 6 code (BP) slots and 2 literal slots
Application running ...
Build target 'MCB1700'
custom translating Web.inp...
Custom: C:\Keil\ARM\bin\fcarm @Web\Web.inp
FCARM FILE CONVERTER V2.41
Completed 1 File(s), Ratio 73%
compiling HTTP_demo.c...
.\USER\DMA.h(15): warning:  #1-D: last line of file ends without a newline
linking...
Program Size: Code=53072 RO-data=31032 RW-data=32212 ZI-data=25136  
".\Obj\Http_demo.axf" - 0 Errors, 1 Warning(s).
Load "C:\\Users\\Usuario\\Desktop\\Proyecto_web2\\Obj\\Http_demo.axf" 
Set JLink Project File to "C:\Users\Usuario\Desktop\Proyecto_web2\JLinkSettings.ini"
* JLink Info: Device "LPC1768" selected (512 KB flash, 32 KB RAM).
 
JLink info:
------------
DLL: V4.68a, compiled Apr 12 2013 13:26:50
Firmware: J-Link ARM-OB STM32 compiled Aug 22 2012 19:52:04
Hardware: V7.00
Feature(s) : RDI,FlashDL,FlashBP,JFlash,GDBFull 
 
* JLink Info: TotalIRLen = 4, IRPrint = 0x01
* JLink Info: Found Cortex-M3 r2p0, Little endian.
* JLink Info: TPIU fitted.
* JLink Info: ETM fitted.
* JLink Info: FPUnit: 6 code (BP) slots and 2 literal slots
ROMTableAddr = 0xE00FF003
* JLink Info: Found Cortex-M3 r2p0, Little endian.
* JLink Info: TPIU fitted.
* JLink Info: ETM fitted.
* JLink Info: FPUnit: 6 code (BP) slots and 2 literal slots
 
Target info:
------------
Device: LPC1768
VTarget = 3.300V
State of Pins: 
TCK: 1, TDI: 0, TDO: 1, TMS: 0, TRES: 1, TRST: 1
Hardware-Breakpoints: 6
Software-Breakpoints: 8192
Watchpoints:          4
JTAG speed: 4000 kHz
 
Full Chip Erase Done.
Programming Done.
* JLink Info: Found Cortex-M3 r2p0, Little endian.
* JLink Info: TPIU fitted.
* JLink Info: ETM fitted.
* JLink Info: FPUnit: 6 code (BP) slots and 2 literal slots
Application running ...
Build target 'MCB1700'
custom translating Web.inp...
Custom: C:\Keil\ARM\bin\fcarm @Web\Web.inp
FCARM FILE CONVERTER V2.41
Completed 1 File(s), Ratio 73%
compiling index.c...
linking...
.\Obj\Http_demo.axf: Error: L6200E: Symbol FileMD multiply defined (by web.o and index.o).
.\Obj\Http_demo.axf: Error: L6200E: Symbol FileTab multiply defined (by web.o and index.o).
".\Obj\Http_demo.axf" - 2 Errors, 0 Warning(s).
Target not created
Clean started: Project: 'Http_demo'
   deleting intermediate output files for target 'MCB1700'
   deleting intermediate output files for target 'MCB1700 Debug'
   deleting intermediate output files for target 'MCB1700 RTX'
Build target 'MCB1700'
custom translating Web.inp...
Custom: C:\Keil\ARM\bin\fcarm @Web\Web.inp
FCARM FILE CONVERTER V2.41
Completed 1 File(s), Ratio 73%
compiling index.c...
compiling HTTP_demo.c...
.\USER\DMA.h(15): warning:  #1-D: last line of file ends without a newline
compiling HTTP_CGI.c...
HTTP_CGI.c(255): warning:  #177-D: variable "tsoc" was declared but never referenced
HTTP_CGI.c(257): warning:  #177-D: variable "id" was declared but never referenced
HTTP_CGI.c(257): warning:  #177-D: variable "lang" was declared but never referenced
HTTP_CGI.c(258): warning:  #177-D: variable "adv" was declared but never referenced
HTTP_CGI.c(56): warning:  #177-D: variable "state" was declared but never referenced
compiling WEB.C...
compiling DMA.c...
USER\DMA.h(15): warning:  #1-D: last line of file ends without a newline
USER\DMA.c(79): warning:  #61-D: integer operation result is out of range
USER\DMA.c(108): warning:  #61-D: integer operation result is out of range
USER\DMA.c(193): warning:  #1-D: last line of file ends without a newline
compiling i2c_lpc17xx.c...
USER\i2c_lpc17xx.c(70): warning: C4017W: byte may be used before being set
compiling init.c...
USER\init.c(9): warning:  #61-D: integer operation result is out of range
USER\init.c(12): warning:  #61-D: integer operation result is out of range
compiling PWM.c...
compiling TouchPanel.c...
compiling uart.c...
compiling Net_Config.c...
assembling startup_LPC17xx.s...
compiling RTX_Conf_CM.c...
compiling EMAC_LPC17xx_100Mb.c...
compiling system_LPC17xx.c...
compiling HzLib.c...
compiling lpc17xx_pinsel.c...
Libreria\LPC1700CMSIS_Firmware_Library\source\lpc17xx_pinsel.c(275): warning: C4017W: regVal may be used before being set
compiling lpc17xx_gpio.c...
compiling lpc17xx_ssp.c...
Libreria\LPC1700CMSIS_Firmware_Library\source\lpc17xx_ssp.c(351): warning: C4017W: wdata16 may be used before being set
Libreria\LPC1700CMSIS_Firmware_Library\source\lpc17xx_ssp.c(350): warning: C4017W: rdata16 may be used before being set
Libreria\LPC1700CMSIS_Firmware_Library\source\lpc17xx_ssp.c(349): warning: C4017W: wdata8 may be used before being set
Libreria\LPC1700CMSIS_Firmware_Library\source\lpc17xx_ssp.c(348): warning: C4017W: rdata8 may be used before being set
compiling lpc17xx_libcfg_default.c...
compiling lpc17xx_clkpwr.c...
compiling GLCD.c...
compiling AsciiLib.c...
linking...
.\Obj\Http_demo.axf: Error: L6200E: Symbol FileMD multiply defined (by web.o and index.o).
.\Obj\Http_demo.axf: Error: L6200E: Symbol FileTab multiply defined (by web.o and index.o).
".\Obj\Http_demo.axf" - 2 Errors, 18 Warning(s).
Target not created
Build target 'MCB1700'
custom translating Web.inp...
Custom: C:\Keil\ARM\bin\fcarm @Web\Web.inp
FCARM FILE CONVERTER V2.41
Completed 1 File(s), Ratio 73%
linking...
Program Size: Code=53072 RO-data=31032 RW-data=32212 ZI-data=25136  
".\Obj\Http_demo.axf" - 0 Errors, 0 Warning(s).
Build target 'MCB1700'
custom translating Web.inp...
Custom: C:\Keil\ARM\bin\fcarm @Web\Web.inp
FCARM FILE CONVERTER V2.41
Completed 1 File(s), Ratio 73%
compiling WEB.C...
linking...
Program Size: Code=53072 RO-data=3380 RW-data=32212 ZI-data=25136  
".\Obj\Http_demo.axf" - 0 Errors, 0 Warning(s).
Load "C:\\Users\\Usuario\\Desktop\\Proyecto_web2\\Obj\\Http_demo.axf" 
Set JLink Project File to "C:\Users\Usuario\Desktop\Proyecto_web2\JLinkSettings.ini"
* JLink Info: Device "LPC1768" selected (512 KB flash, 32 KB RAM).
 
JLink info:
------------
DLL: V4.68a, compiled Apr 12 2013 13:26:50
Firmware: J-Link ARM-OB STM32 compiled Aug 22 2012 19:52:04
Hardware: V7.00
Feature(s) : RDI,FlashDL,FlashBP,JFlash,GDBFull 
 
* JLink Info: TotalIRLen = 4, IRPrint = 0x01
* JLink Info: Found Cortex-M3 r2p0, Little endian.
* JLink Info: TPIU fitted.
* JLink Info: ETM fitted.
* JLink Info: FPUnit: 6 code (BP) slots and 2 literal slots
ROMTableAddr = 0xE00FF003
* JLink Info: Found Cortex-M3 r2p0, Little endian.
* JLink Info: TPIU fitted.
* JLink Info: ETM fitted.
* JLink Info: FPUnit: 6 code (BP) slots and 2 literal slots
 
Target info:
------------
Device: LPC1768
VTarget = 3.300V
State of Pins: 
TCK: 1, TDI: 0, TDO: 1, TMS: 0, TRES: 1, TRST: 1
Hardware-Breakpoints: 6
Software-Breakpoints: 8192
Watchpoints:          4
JTAG speed: 4000 kHz
 
Full Chip Erase Done.
Programming Done.
* JLink Info: Found Cortex-M3 r2p0, Little endian.
* JLink Info: TPIU fitted.
* JLink Info: ETM fitted.
* JLink Info: FPUnit: 6 code (BP) slots and 2 literal slots
Application running ...
Build target 'MCB1700'
custom translating Web.inp...
Custom: C:\Keil\ARM\bin\fcarm @Web\Web.inp
FCARM FILE CONVERTER V2.41
Completed 1 File(s), Ratio 73%
compiling HTTP_demo.c...
.\USER\DMA.h(15): warning:  #1-D: last line of file ends without a newline
compiling HTTP_CGI.c...
HTTP_CGI.c(264): warning:  #191-D: type qualifier is meaningless on cast type
HTTP_CGI.c(268): warning:  #191-D: type qualifier is meaningless on cast type
HTTP_CGI.c(272): warning:  #191-D: type qualifier is meaningless on cast type
HTTP_CGI.c(276): warning:  #191-D: type qualifier is meaningless on cast type
HTTP_CGI.c(255): warning:  #177-D: variable "tsoc" was declared but never referenced
HTTP_CGI.c(257): warning:  #177-D: variable "id" was declared but never referenced
HTTP_CGI.c(257): warning:  #177-D: variable "lang" was declared but never referenced
HTTP_CGI.c(258): warning:  #177-D: variable "adv" was declared but never referenced
HTTP_CGI.c(56): warning:  #177-D: variable "state" was declared but never referenced
compiling DMA.c...
USER\DMA.h(15): warning:  #1-D: last line of file ends without a newline
USER\DMA.c(79): warning:  #61-D: integer operation result is out of range
USER\DMA.c(108): warning:  #61-D: integer operation result is out of range
USER\DMA.c(193): warning:  #1-D: last line of file ends without a newline
compiling i2c_lpc17xx.c...
USER\i2c_lpc17xx.c(70): warning: C4017W: byte may be used before being set
compiling init.c...
USER\init.c(9): warning:  #61-D: integer operation result is out of range
USER\init.c(12): warning:  #61-D: integer operation result is out of range
compiling PWM.c...
compiling TouchPanel.c...
compiling uart.c...
compiling EMAC_LPC17xx_100Mb.c...
compiling system_LPC17xx.c...
compiling lpc17xx_pinsel.c...
Libreria\LPC1700CMSIS_Firmware_Library\source\lpc17xx_pinsel.c(275): warning: C4017W: regVal may be used before being set
compiling lpc17xx_gpio.c...
compiling lpc17xx_ssp.c...
Libreria\LPC1700CMSIS_Firmware_Library\source\lpc17xx_ssp.c(351): warning: C4017W: wdata16 may be used before being set
Libreria\LPC1700CMSIS_Firmware_Library\source\lpc17xx_ssp.c(350): warning: C4017W: rdata16 may be used before being set
Libreria\LPC1700CMSIS_Firmware_Library\source\lpc17xx_ssp.c(349): warning: C4017W: wdata8 may be used before being set
Libreria\LPC1700CMSIS_Firmware_Library\source\lpc17xx_ssp.c(348): warning: C4017W: rdata8 may be used before being set
compiling lpc17xx_clkpwr.c...
compiling GLCD.c...
linking...
Program Size: Code=53192 RO-data=3380 RW-data=32212 ZI-data=25136  
".\Obj\Http_demo.axf" - 0 Errors, 22 Warning(s).
Load "C:\\Users\\Usuario\\Desktop\\Proyecto_web2\\Obj\\Http_demo.axf" 
Load "C:\\Users\\Usuario\\Desktop\\Proyecto_web2\\Obj\\Http_demo.axf" 
Load "C:\\Users\\Usuario\\Desktop\\Proyecto_web2\\Obj\\Http_demo.axf" 
Set JLink Project File to "C:\Users\Usuario\Desktop\Proyecto_web2\JLinkSettings.ini"
* JLink Info: Device "LPC1768" selected (512 KB flash, 32 KB RAM).
 
JLink info:
------------
DLL: V4.68a, compiled Apr 12 2013 13:26:50
Firmware: J-Link ARM-OB STM32 compiled Aug 22 2012 19:52:04
Hardware: V7.00
Feature(s) : RDI,FlashDL,FlashBP,JFlash,GDBFull 
 
* JLink Info: TotalIRLen = 4, IRPrint = 0x01
* JLink Info: Found Cortex-M3 r2p0, Little endian.
* JLink Info: TPIU fitted.
* JLink Info: ETM fitted.
* JLink Info: FPUnit: 6 code (BP) slots and 2 literal slots
ROMTableAddr = 0xE00FF003
* JLink Info: Found Cortex-M3 r2p0, Little endian.
* JLink Info: TPIU fitted.
* JLink Info: ETM fitted.
* JLink Info: FPUnit: 6 code (BP) slots and 2 literal slots
 
Target info:
------------
Device: LPC1768
VTarget = 3.300V
State of Pins: 
TCK: 1, TDI: 0, TDO: 1, TMS: 0, TRES: 1, TRST: 1
Hardware-Breakpoints: 6
Software-Breakpoints: 8192
Watchpoints:          4
JTAG speed: 4000 kHz
 
Full Chip Erase Done.
Programming Done.
* JLink Info: Found Cortex-M3 r2p0, Little endian.
* JLink Info: TPIU fitted.
* JLink Info: ETM fitted.
* JLink Info: FPUnit: 6 code (BP) slots and 2 literal slots
Application running ...
Build target 'MCB1700'
custom translating Web.inp...
Custom: C:\Keil\ARM\bin\fcarm @Web\Web.inp
FCARM FILE CONVERTER V2.41
Completed 1 File(s), Ratio 73%
compiling HTTP_CGI.c...
HTTP_CGI.c(255): warning:  #177-D: variable "tsoc" was declared but never referenced
HTTP_CGI.c(257): warning:  #177-D: variable "id" was declared but never referenced
HTTP_CGI.c(257): warning:  #177-D: variable "lang" was declared but never referenced
HTTP_CGI.c(258): warning:  #177-D: variable "adv" was declared but never referenced
HTTP_CGI.c(56): warning:  #177-D: variable "state" was declared but never referenced
compiling WEB.C...
linking...
Program Size: Code=53156 RO-data=3388 RW-data=32212 ZI-data=25136  
".\Obj\Http_demo.axf" - 0 Errors, 5 Warning(s).
Load "C:\\Users\\Usuario\\Desktop\\Proyecto_web2\\Obj\\Http_demo.axf" 
Set JLink Project File to "C:\Users\Usuario\Desktop\Proyecto_web2\JLinkSettings.ini"
* JLink Info: Device "LPC1768" selected (512 KB flash, 32 KB RAM).
 
JLink info:
------------
DLL: V4.68a, compiled Apr 12 2013 13:26:50
Firmware: J-Link ARM-OB STM32 compiled Aug 22 2012 19:52:04
Hardware: V7.00
Feature(s) : RDI,FlashDL,FlashBP,JFlash,GDBFull 
 
* JLink Info: TotalIRLen = 4, IRPrint = 0x01
* JLink Info: Found Cortex-M3 r2p0, Little endian.
* JLink Info: TPIU fitted.
* JLink Info: ETM fitted.
* JLink Info: FPUnit: 6 code (BP) slots and 2 literal slots
ROMTableAddr = 0xE00FF003
* JLink Info: Found Cortex-M3 r2p0, Little endian.
* JLink Info: TPIU fitted.
* JLink Info: ETM fitted.
* JLink Info: FPUnit: 6 code (BP) slots and 2 literal slots
 
Target info:
------------
Device: LPC1768
VTarget = 3.300V
State of Pins: 
TCK: 1, TDI: 0, TDO: 1, TMS: 0, TRES: 1, TRST: 1
Hardware-Breakpoints: 6
Software-Breakpoints: 8192
Watchpoints:          4
JTAG speed: 4000 kHz
 
Full Chip Erase Done.
Programming Done.
* JLink Info: Found Cortex-M3 r2p0, Little endian.
* JLink Info: TPIU fitted.
* JLink Info: ETM fitted.
* JLink Info: FPUnit: 6 code (BP) slots and 2 literal slots
Application running ...
Build target 'MCB1700'
custom translating Web.inp...
Custom: C:\Keil\ARM\bin\fcarm @Web\Web.inp
FCARM FILE CONVERTER V2.41
Completed 1 File(s), Ratio 73%
linking...
Program Size: Code=53156 RO-data=3388 RW-data=32212 ZI-data=25136  
".\Obj\Http_demo.axf" - 0 Errors, 0 Warning(s).
Load "C:\\Users\\Usuario\\Desktop\\Proyecto_web2\\Obj\\Http_demo.axf" 
Set JLink Project File to "C:\Users\Usuario\Desktop\Proyecto_web2\JLinkSettings.ini"
* JLink Info: Device "LPC1768" selected (512 KB flash, 32 KB RAM).
 
JLink info:
------------
DLL: V4.68a, compiled Apr 12 2013 13:26:50
Firmware: J-Link ARM-OB STM32 compiled Aug 22 2012 19:52:04
Hardware: V7.00
Feature(s) : RDI,FlashDL,FlashBP,JFlash,GDBFull 
 
* JLink Info: TotalIRLen = 4, IRPrint = 0x01
* JLink Info: Found Cortex-M3 r2p0, Little endian.
* JLink Info: TPIU fitted.
* JLink Info: ETM fitted.
* JLink Info: FPUnit: 6 code (BP) slots and 2 literal slots
ROMTableAddr = 0xE00FF003
* JLink Info: Found Cortex-M3 r2p0, Little endian.
* JLink Info: TPIU fitted.
* JLink Info: ETM fitted.
* JLink Info: FPUnit: 6 code (BP) slots and 2 literal slots
 
Target info:
------------
Device: LPC1768
VTarget = 3.300V
State of Pins: 
TCK: 1, TDI: 0, TDO: 1, TMS: 0, TRES: 1, TRST: 1
Hardware-Breakpoints: 6
Software-Breakpoints: 8192
Watchpoints:          4
JTAG speed: 4000 kHz
 
Full Chip Erase Done.
Programming Done.
* JLink Info: Found Cortex-M3 r2p0, Little endian.
* JLink Info: TPIU fitted.
* JLink Info: ETM fitted.
* JLink Info: FPUnit: 6 code (BP) slots and 2 literal slots
Application running ...
Build target 'MCB1700'
custom translating Web.inp...
Custom: C:\Keil\ARM\bin\fcarm @Web\Web.inp
FCARM FILE CONVERTER V2.41
Completed 1 File(s), Ratio 73%
compiling WEB.C...
linking...
Program Size: Code=53156 RO-data=3380 RW-data=32212 ZI-data=25136  
".\Obj\Http_demo.axf" - 0 Errors, 0 Warning(s).
Load "C:\\Users\\Usuario\\Desktop\\Proyecto_web2\\Obj\\Http_demo.axf" 
Set JLink Project File to "C:\Users\Usuario\Desktop\Proyecto_web2\JLinkSettings.ini"
* JLink Info: Device "LPC1768" selected (512 KB flash, 32 KB RAM).
 
JLink info:
------------
DLL: V4.68a, compiled Apr 12 2013 13:26:50
Firmware: J-Link ARM-OB STM32 compiled Aug 22 2012 19:52:04
Hardware: V7.00
Feature(s) : RDI,FlashDL,FlashBP,JFlash,GDBFull 
 
* JLink Info: TotalIRLen = 4, IRPrint = 0x01
* JLink Info: Found Cortex-M3 r2p0, Little endian.
* JLink Info: TPIU fitted.
* JLink Info: ETM fitted.
* JLink Info: FPUnit: 6 code (BP) slots and 2 literal slots
ROMTableAddr = 0xE00FF003
* JLink Info: Found Cortex-M3 r2p0, Little endian.
* JLink Info: TPIU fitted.
* JLink Info: ETM fitted.
* JLink Info: FPUnit: 6 code (BP) slots and 2 literal slots
 
Target info:
------------
Device: LPC1768
VTarget = 3.300V
State of Pins: 
TCK: 1, TDI: 0, TDO: 1, TMS: 0, TRES: 1, TRST: 1
Hardware-Breakpoints: 6
Software-Breakpoints: 8192
Watchpoints:          4
JTAG speed: 4000 kHz
 
Full Chip Erase Done.
Programming Done.
* JLink Info: Found Cortex-M3 r2p0, Little endian.
* JLink Info: TPIU fitted.
* JLink Info: ETM fitted.
* JLink Info: FPUnit: 6 code (BP) slots and 2 literal slots
Application running ...
Build target 'MCB1700'
custom translating Web.inp...
Custom: C:\Keil\ARM\bin\fcarm @Web\Web.inp
FCARM FILE CONVERTER V2.41
Completed 1 File(s), Ratio 74%
compiling HTTP_CGI.c...
HTTP_CGI.c(255): warning:  #177-D: variable "tsoc" was declared but never referenced
HTTP_CGI.c(257): warning:  #177-D: variable "id" was declared but never referenced
HTTP_CGI.c(257): warning:  #177-D: variable "lang" was declared but never referenced
HTTP_CGI.c(258): warning:  #177-D: variable "adv" was declared but never referenced
HTTP_CGI.c(56): warning:  #177-D: variable "state" was declared but never referenced
linking...
Program Size: Code=53156 RO-data=3380 RW-data=32212 ZI-data=25136  
".\Obj\Http_demo.axf" - 0 Errors, 5 Warning(s).
Load "C:\\Users\\Usuario\\Desktop\\Proyecto_web2\\Obj\\Http_demo.axf" 
Set JLink Project File to "C:\Users\Usuario\Desktop\Proyecto_web2\JLinkSettings.ini"
* JLink Info: Device "LPC1768" selected (512 KB flash, 32 KB RAM).
 
JLink info:
------------
DLL: V4.68a, compiled Apr 12 2013 13:26:50
Firmware: J-Link ARM-OB STM32 compiled Aug 22 2012 19:52:04
Hardware: V7.00
Feature(s) : RDI,FlashDL,FlashBP,JFlash,GDBFull 
 
* JLink Info: TotalIRLen = 4, IRPrint = 0x01
* JLink Info: Found Cortex-M3 r2p0, Little endian.
* JLink Info: TPIU fitted.
* JLink Info: ETM fitted.
* JLink Info: FPUnit: 6 code (BP) slots and 2 literal slots
ROMTableAddr = 0xE00FF003
* JLink Info: Found Cortex-M3 r2p0, Little endian.
* JLink Info: TPIU fitted.
* JLink Info: ETM fitted.
* JLink Info: FPUnit: 6 code (BP) slots and 2 literal slots
 
Target info:
------------
Device: LPC1768
VTarget = 3.300V
State of Pins: 
TCK: 1, TDI: 0, TDO: 1, TMS: 0, TRES: 1, TRST: 1
Hardware-Breakpoints: 6
Software-Breakpoints: 8192
Watchpoints:          4
JTAG speed: 4000 kHz
 
Full Chip Erase Done.
Programming Done.
* JLink Info: Found Cortex-M3 r2p0, Little endian.
* JLink Info: TPIU fitted.
* JLink Info: ETM fitted.
* JLink Info: FPUnit: 6 code (BP) slots and 2 literal slots
Application running ...
Build target 'MCB1700'
custom translating Web.inp...
Custom: C:\Keil\ARM\bin\fcarm @Web\Web.inp
FCARM FILE CONVERTER V2.41
Completed 1 File(s), Ratio 73%
compiling WEB.C...
linking...
Program Size: Code=53156 RO-data=3368 RW-data=32212 ZI-data=25136  
".\Obj\Http_demo.axf" - 0 Errors, 0 Warning(s).
Load "C:\\Users\\Usuario\\Desktop\\Proyecto_web2\\Obj\\Http_demo.axf" 
Set JLink Project File to "C:\Users\Usuario\Desktop\Proyecto_web2\JLinkSettings.ini"
* JLink Info: Device "LPC1768" selected (512 KB flash, 32 KB RAM).
 
JLink info:
------------
DLL: V4.68a, compiled Apr 12 2013 13:26:50
Firmware: J-Link ARM-OB STM32 compiled Aug 22 2012 19:52:04
Hardware: V7.00
Feature(s) : RDI,FlashDL,FlashBP,JFlash,GDBFull 
 
* JLink Info: TotalIRLen = 4, IRPrint = 0x01
* JLink Info: Found Cortex-M3 r2p0, Little endian.
* JLink Info: TPIU fitted.
* JLink Info: ETM fitted.
* JLink Info: FPUnit: 6 code (BP) slots and 2 literal slots
ROMTableAddr = 0xE00FF003
* JLink Info: Found Cortex-M3 r2p0, Little endian.
* JLink Info: TPIU fitted.
* JLink Info: ETM fitted.
* JLink Info: FPUnit: 6 code (BP) slots and 2 literal slots
 
Target info:
------------
Device: LPC1768
VTarget = 3.300V
State of Pins: 
TCK: 1, TDI: 0, TDO: 1, TMS: 0, TRES: 1, TRST: 1
Hardware-Breakpoints: 6
Software-Breakpoints: 8192
Watchpoints:          4
JTAG speed: 4000 kHz
 
Full Chip Erase Done.
Programming Done.
* JLink Info: Found Cortex-M3 r2p0, Little endian.
* JLink Info: TPIU fitted.
* JLink Info: ETM fitted.
* JLink Info: FPUnit: 6 code (BP) slots and 2 literal slots
Application running ...
Build target 'MCB1700'
custom translating Web.inp...
Custom: C:\Keil\ARM\bin\fcarm @Web\Web.inp
FCARM FILE CONVERTER V2.41
Completed 1 File(s), Ratio 73%
linking...
Program Size: Code=53156 RO-data=3368 RW-data=32212 ZI-data=25136  
".\Obj\Http_demo.axf" - 0 Errors, 0 Warning(s).
Load "C:\\Users\\Usuario\\Desktop\\Proyecto_web2\\Obj\\Http_demo.axf" 
Set JLink Project File to "C:\Users\Usuario\Desktop\Proyecto_web2\JLinkSettings.ini"
* JLink Info: Device "LPC1768" selected (512 KB flash, 32 KB RAM).
 
JLink info:
------------
DLL: V4.68a, compiled Apr 12 2013 13:26:50
Firmware: J-Link ARM-OB STM32 compiled Aug 22 2012 19:52:04
Hardware: V7.00
Feature(s) : RDI,FlashDL,FlashBP,JFlash,GDBFull 
 
* JLink Info: TotalIRLen = 4, IRPrint = 0x01
* JLink Info: Found Cortex-M3 r2p0, Little endian.
* JLink Info: TPIU fitted.
* JLink Info: ETM fitted.
* JLink Info: FPUnit: 6 code (BP) slots and 2 literal slots
ROMTableAddr = 0xE00FF003
* JLink Info: Found Cortex-M3 r2p0, Little endian.
* JLink Info: TPIU fitted.
* JLink Info: ETM fitted.
* JLink Info: FPUnit: 6 code (BP) slots and 2 literal slots
 
Target info:
------------
Device: LPC1768
VTarget = 3.300V
State of Pins: 
TCK: 1, TDI: 0, TDO: 1, TMS: 0, TRES: 1, TRST: 1
Hardware-Breakpoints: 6
Software-Breakpoints: 8192
Watchpoints:          4
JTAG speed: 4000 kHz
 
Full Chip Erase Done.
Programming Done.
* JLink Info: Found Cortex-M3 r2p0, Little endian.
* JLink Info: TPIU fitted.
* JLink Info: ETM fitted.
* JLink Info: FPUnit: 6 code (BP) slots and 2 literal slots
Application running ...
Build target 'MCB1700'
custom translating Web.inp...
Custom: C:\Keil\ARM\bin\fcarm @Web\Web.inp
FCARM FILE CONVERTER V2.41
Completed 1 File(s), Ratio 73%
compiling HTTP_demo.c...
.\USER\DMA.h(15): warning:  #1-D: last line of file ends without a newline
compiling WEB.C...
linking...
Program Size: Code=53156 RO-data=3388 RW-data=32212 ZI-data=25136  
".\Obj\Http_demo.axf" - 0 Errors, 1 Warning(s).
Load "C:\\Users\\Usuario\\Desktop\\Proyecto_web2\\Obj\\Http_demo.axf" 
Set JLink Project File to "C:\Users\Usuario\Desktop\Proyecto_web2\JLinkSettings.ini"
* JLink Info: Device "LPC1768" selected (512 KB flash, 32 KB RAM).
 
JLink info:
------------
DLL: V4.68a, compiled Apr 12 2013 13:26:50
Firmware: J-Link ARM-OB STM32 compiled Aug 22 2012 19:52:04
Hardware: V7.00
Feature(s) : RDI,FlashDL,FlashBP,JFlash,GDBFull 
 
* JLink Info: TotalIRLen = 4, IRPrint = 0x01
* JLink Info: Found Cortex-M3 r2p0, Little endian.
* JLink Info: TPIU fitted.
* JLink Info: ETM fitted.
* JLink Info: FPUnit: 6 code (BP) slots and 2 literal slots
ROMTableAddr = 0xE00FF003
* JLink Info: Found Cortex-M3 r2p0, Little endian.
* JLink Info: TPIU fitted.
* JLink Info: ETM fitted.
* JLink Info: FPUnit: 6 code (BP) slots and 2 literal slots
 
Target info:
------------
Device: LPC1768
VTarget = 3.300V
State of Pins: 
TCK: 1, TDI: 0, TDO: 1, TMS: 0, TRES: 1, TRST: 1
Hardware-Breakpoints: 6
Software-Breakpoints: 8192
Watchpoints:          4
JTAG speed: 4000 kHz
 
Full Chip Erase Done.
Programming Done.
* JLink Info: Found Cortex-M3 r2p0, Little endian.
* JLink Info: TPIU fitted.
* JLink Info: ETM fitted.
* JLink Info: FPUnit: 6 code (BP) slots and 2 literal slots
Application running ...
Build target 'MCB1700'
custom translating Web.inp...
Custom: C:\Keil\ARM\bin\fcarm @Web\Web.inp
FCARM FILE CONVERTER V2.41
Completed 1 File(s), Ratio 74%
linking...
Program Size: Code=53156 RO-data=3388 RW-data=32212 ZI-data=25136  
".\Obj\Http_demo.axf" - 0 Errors, 0 Warning(s).
Load "C:\\Users\\Usuario\\Desktop\\Proyecto_web2\\Obj\\Http_demo.axf" 
Set JLink Project File to "C:\Users\Usuario\Desktop\Proyecto_web2\JLinkSettings.ini"
* JLink Info: Device "LPC1768" selected (512 KB flash, 32 KB RAM).
 
JLink info:
------------
DLL: V4.68a, compiled Apr 12 2013 13:26:50
Firmware: J-Link ARM-OB STM32 compiled Aug 22 2012 19:52:04
Hardware: V7.00
Feature(s) : RDI,FlashDL,FlashBP,JFlash,GDBFull 
 
* JLink Info: TotalIRLen = 4, IRPrint = 0x01
* JLink Info: Found Cortex-M3 r2p0, Little endian.
* JLink Info: TPIU fitted.
* JLink Info: ETM fitted.
* JLink Info: FPUnit: 6 code (BP) slots and 2 literal slots
ROMTableAddr = 0xE00FF003
* JLink Info: Found Cortex-M3 r2p0, Little endian.
* JLink Info: TPIU fitted.
* JLink Info: ETM fitted.
* JLink Info: FPUnit: 6 code (BP) slots and 2 literal slots
 
Target info:
------------
Device: LPC1768
VTarget = 3.300V
State of Pins: 
TCK: 1, TDI: 0, TDO: 1, TMS: 0, TRES: 1, TRST: 1
Hardware-Breakpoints: 6
Software-Breakpoints: 8192
Watchpoints:          4
JTAG speed: 4000 kHz
 
Full Chip Erase Done.
Programming Done.
* JLink Info: Found Cortex-M3 r2p0, Little endian.
* JLink Info: TPIU fitted.
* JLink Info: ETM fitted.
* JLink Info: FPUnit: 6 code (BP) slots and 2 literal slots
Application running ...
Build target 'MCB1700'
custom translating Web.inp...
Custom: C:\Keil\ARM\bin\fcarm @Web\Web.inp
FCARM FILE CONVERTER V2.41
Completed 1 File(s), Ratio 74%
compiling HTTP_CGI.c...
HTTP_CGI.c(255): warning:  #177-D: variable "tsoc" was declared but never referenced
HTTP_CGI.c(257): warning:  #177-D: variable "id" was declared but never referenced
HTTP_CGI.c(257): warning:  #177-D: variable "lang" was declared but never referenced
HTTP_CGI.c(258): warning:  #177-D: variable "adv" was declared but never referenced
HTTP_CGI.c(56): warning:  #177-D: variable "state" was declared but never referenced
compiling WEB.C...
assembling startup_LPC17xx.s...
linking...
Program Size: Code=53112 RO-data=3392 RW-data=32212 ZI-data=25136  
".\Obj\Http_demo.axf" - 0 Errors, 5 Warning(s).
Load "C:\\Users\\Usuario\\Desktop\\Proyecto_web2\\Obj\\Http_demo.axf" 
Set JLink Project File to "C:\Users\Usuario\Desktop\Proyecto_web2\JLinkSettings.ini"
* JLink Info: Device "LPC1768" selected (512 KB flash, 32 KB RAM).
 
JLink info:
------------
DLL: V4.68a, compiled Apr 12 2013 13:26:50
Firmware: J-Link ARM-OB STM32 compiled Aug 22 2012 19:52:04
Hardware: V7.00
Feature(s) : RDI,FlashDL,FlashBP,JFlash,GDBFull 
 
* JLink Info: TotalIRLen = 4, IRPrint = 0x01
* JLink Info: Found Cortex-M3 r2p0, Little endian.
* JLink Info: TPIU fitted.
* JLink Info: ETM fitted.
* JLink Info: FPUnit: 6 code (BP) slots and 2 literal slots
ROMTableAddr = 0xE00FF003
* JLink Info: Found Cortex-M3 r2p0, Little endian.
* JLink Info: TPIU fitted.
* JLink Info: ETM fitted.
* JLink Info: FPUnit: 6 code (BP) slots and 2 literal slots
 
Target info:
------------
Device: LPC1768
VTarget = 3.300V
State of Pins: 
TCK: 1, TDI: 0, TDO: 1, TMS: 0, TRES: 1, TRST: 1
Hardware-Breakpoints: 6
Software-Breakpoints: 8192
Watchpoints:          4
JTAG speed: 4000 kHz
 
Full Chip Erase Done.
Programming Done.
* JLink Info: Found Cortex-M3 r2p0, Little endian.
* JLink Info: TPIU fitted.
* JLink Info: ETM fitted.
* JLink Info: FPUnit: 6 code (BP) slots and 2 literal slots
Application running ...
Build target 'MCB1700'
custom translating Web.inp...
Custom: C:\Keil\ARM\bin\fcarm @Web\Web.inp
FCARM FILE CONVERTER V2.41
Completed 1 File(s), Ratio 73%
compiling HTTP_CGI.c...
HTTP_CGI.c(255): warning:  #177-D: variable "tsoc" was declared but never referenced
HTTP_CGI.c(257): warning:  #177-D: variable "id" was declared but never referenced
HTTP_CGI.c(257): warning:  #177-D: variable "lang" was declared but never referenced
HTTP_CGI.c(258): warning:  #177-D: variable "adv" was declared but never referenced
HTTP_CGI.c(56): warning:  #177-D: variable "state" was declared but never referenced
linking...
Program Size: Code=53156 RO-data=3392 RW-data=32212 ZI-data=25136  
".\Obj\Http_demo.axf" - 0 Errors, 5 Warning(s).
Build target 'MCB1700'
custom translating Web.inp...
Custom: C:\Keil\ARM\bin\fcarm @Web\Web.inp
FCARM FILE CONVERTER V2.41
Completed 1 File(s), Ratio 73%
compiling WEB.C...
linking...
Program Size: Code=53156 RO-data=3388 RW-data=32212 ZI-data=25136  
".\Obj\Http_demo.axf" - 0 Errors, 0 Warning(s).
Load "C:\\Users\\Usuario\\Desktop\\Proyecto_web2\\Obj\\Http_demo.axf" 
Set JLink Project File to "C:\Users\Usuario\Desktop\Proyecto_web2\JLinkSettings.ini"
* JLink Info: Device "LPC1768" selected (512 KB flash, 32 KB RAM).
 
JLink info:
------------
DLL: V4.68a, compiled Apr 12 2013 13:26:50
Firmware: J-Link ARM-OB STM32 compiled Aug 22 2012 19:52:04
Hardware: V7.00
Feature(s) : RDI,FlashDL,FlashBP,JFlash,GDBFull 
 
* JLink Info: TotalIRLen = 4, IRPrint = 0x01
* JLink Info: Found Cortex-M3 r2p0, Little endian.
* JLink Info: TPIU fitted.
* JLink Info: ETM fitted.
* JLink Info: FPUnit: 6 code (BP) slots and 2 literal slots
ROMTableAddr = 0xE00FF003
* JLink Info: Found Cortex-M3 r2p0, Little endian.
* JLink Info: TPIU fitted.
* JLink Info: ETM fitted.
* JLink Info: FPUnit: 6 code (BP) slots and 2 literal slots
 
Target info:
------------
Device: LPC1768
VTarget = 3.300V
State of Pins: 
TCK: 1, TDI: 0, TDO: 1, TMS: 0, TRES: 1, TRST: 1
Hardware-Breakpoints: 6
Software-Breakpoints: 8192
Watchpoints:          4
JTAG speed: 4000 kHz
 
Full Chip Erase Done.
Programming Done.
* JLink Info: Found Cortex-M3 r2p0, Little endian.
* JLink Info: TPIU fitted.
* JLink Info: ETM fitted.
* JLink Info: FPUnit: 6 code (BP) slots and 2 literal slots
Application running ...
Build target 'MCB1700'
custom translating Web.inp...
Custom: C:\Keil\ARM\bin\fcarm @Web\Web.inp
FCARM FILE CONVERTER V2.41
Completed 1 File(s), Ratio 73%
compiling HTTP_CGI.c...
HTTP_CGI.c(255): warning:  #177-D: variable "tsoc" was declared but never referenced
HTTP_CGI.c(257): warning:  #177-D: variable "id" was declared but never referenced
HTTP_CGI.c(257): warning:  #177-D: variable "lang" was declared but never referenced
HTTP_CGI.c(258): warning:  #177-D: variable "adv" was declared but never referenced
HTTP_CGI.c(56): warning:  #177-D: variable "state" was declared but never referenced
linking...
Program Size: Code=53168 RO-data=3388 RW-data=32212 ZI-data=25136  
".\Obj\Http_demo.axf" - 0 Errors, 5 Warning(s).
Load "C:\\Users\\Usuario\\Desktop\\Proyecto_web2\\Obj\\Http_demo.axf" 
Set JLink Project File to "C:\Users\Usuario\Desktop\Proyecto_web2\JLinkSettings.ini"
* JLink Info: Device "LPC1768" selected (512 KB flash, 32 KB RAM).
 
JLink info:
------------
DLL: V4.68a, compiled Apr 12 2013 13:26:50
Firmware: J-Link ARM-OB STM32 compiled Aug 22 2012 19:52:04
Hardware: V7.00
Feature(s) : RDI,FlashDL,FlashBP,JFlash,GDBFull 
 
* JLink Info: TotalIRLen = 4, IRPrint = 0x01
* JLink Info: Found Cortex-M3 r2p0, Little endian.
* JLink Info: TPIU fitted.
* JLink Info: ETM fitted.
* JLink Info: FPUnit: 6 code (BP) slots and 2 literal slots
ROMTableAddr = 0xE00FF003
* JLink Info: Found Cortex-M3 r2p0, Little endian.
* JLink Info: TPIU fitted.
* JLink Info: ETM fitted.
* JLink Info: FPUnit: 6 code (BP) slots and 2 literal slots
 
Target info:
------------
Device: LPC1768
VTarget = 3.300V
State of Pins: 
TCK: 1, TDI: 0, TDO: 1, TMS: 0, TRES: 1, TRST: 1
Hardware-Breakpoints: 6
Software-Breakpoints: 8192
Watchpoints:          4
JTAG speed: 4000 kHz
 
Full Chip Erase Done.
Programming Done.
* JLink Info: Found Cortex-M3 r2p0, Little endian.
* JLink Info: TPIU fitted.
* JLink Info: ETM fitted.
* JLink Info: FPUnit: 6 code (BP) slots and 2 literal slots
Application running ...
Build target 'MCB1700'
custom translating Web.inp...
Custom: C:\Keil\ARM\bin\fcarm @Web\Web.inp
FCARM FILE CONVERTER V2.41
Completed 1 File(s), Ratio 73%
compiling HTTP_CGI.c...
HTTP_CGI.c(255): warning:  #177-D: variable "tsoc" was declared but never referenced
HTTP_CGI.c(257): warning:  #177-D: variable "id" was declared but never referenced
HTTP_CGI.c(257): warning:  #177-D: variable "lang" was declared but never referenced
HTTP_CGI.c(258): warning:  #177-D: variable "adv" was declared but never referenced
HTTP_CGI.c(56): warning:  #177-D: variable "state" was declared but never referenced
compiling WEB.C...
linking...
Program Size: Code=53172 RO-data=3384 RW-data=32212 ZI-data=25136  
".\Obj\Http_demo.axf" - 0 Errors, 5 Warning(s).
Load "C:\\Users\\Usuario\\Desktop\\Proyecto_web2\\Obj\\Http_demo.axf" 
Set JLink Project File to "C:\Users\Usuario\Desktop\Proyecto_web2\JLinkSettings.ini"
* JLink Info: Device "LPC1768" selected (512 KB flash, 32 KB RAM).
 
JLink info:
------------
DLL: V4.68a, compiled Apr 12 2013 13:26:50
Firmware: J-Link ARM-OB STM32 compiled Aug 22 2012 19:52:04
Hardware: V7.00
Feature(s) : RDI,FlashDL,FlashBP,JFlash,GDBFull 
 
* JLink Info: TotalIRLen = 4, IRPrint = 0x01
* JLink Info: Found Cortex-M3 r2p0, Little endian.
* JLink Info: TPIU fitted.
* JLink Info: ETM fitted.
* JLink Info: FPUnit: 6 code (BP) slots and 2 literal slots
ROMTableAddr = 0xE00FF003
* JLink Info: Found Cortex-M3 r2p0, Little endian.
* JLink Info: TPIU fitted.
* JLink Info: ETM fitted.
* JLink Info: FPUnit: 6 code (BP) slots and 2 literal slots
 
Target info:
------------
Device: LPC1768
VTarget = 3.300V
State of Pins: 
TCK: 1, TDI: 0, TDO: 1, TMS: 0, TRES: 1, TRST: 1
Hardware-Breakpoints: 6
Software-Breakpoints: 8192
Watchpoints:          4
JTAG speed: 4000 kHz
 
Full Chip Erase Done.
Programming Done.
* JLink Info: Found Cortex-M3 r2p0, Little endian.
* JLink Info: TPIU fitted.
* JLink Info: ETM fitted.
* JLink Info: FPUnit: 6 code (BP) slots and 2 literal slots
Application running ...
Build target 'MCB1700'
custom translating Web.inp...
Custom: C:\Keil\ARM\bin\fcarm @Web\Web.inp
FCARM FILE CONVERTER V2.41
Completed 1 File(s), Ratio 73%
linking...
Program Size: Code=53172 RO-data=3384 RW-data=32212 ZI-data=25136  
".\Obj\Http_demo.axf" - 0 Errors, 0 Warning(s).
Load "C:\\Users\\Usuario\\Desktop\\Proyecto_web2\\Obj\\Http_demo.axf" 
Set JLink Project File to "C:\Users\Usuario\Desktop\Proyecto_web2\JLinkSettings.ini"
* JLink Info: Device "LPC1768" selected (512 KB flash, 32 KB RAM).
 
JLink info:
------------
DLL: V4.68a, compiled Apr 12 2013 13:26:50
Firmware: J-Link ARM-OB STM32 compiled Aug 22 2012 19:52:04
Hardware: V7.00
Feature(s) : RDI,FlashDL,FlashBP,JFlash,GDBFull 
 
* JLink Info: TotalIRLen = 4, IRPrint = 0x01
* JLink Info: Found Cortex-M3 r2p0, Little endian.
* JLink Info: TPIU fitted.
* JLink Info: ETM fitted.
* JLink Info: FPUnit: 6 code (BP) slots and 2 literal slots
ROMTableAddr = 0xE00FF003
* JLink Info: Found Cortex-M3 r2p0, Little endian.
* JLink Info: TPIU fitted.
* JLink Info: ETM fitted.
* JLink Info: FPUnit: 6 code (BP) slots and 2 literal slots
 
Target info:
------------
Device: LPC1768
VTarget = 3.300V
State of Pins: 
TCK: 1, TDI: 0, TDO: 1, TMS: 0, TRES: 1, TRST: 1
Hardware-Breakpoints: 6
Software-Breakpoints: 8192
Watchpoints:          4
JTAG speed: 4000 kHz
 
Full Chip Erase Done.
Programming Done.
* JLink Info: Found Cortex-M3 r2p0, Little endian.
* JLink Info: TPIU fitted.
* JLink Info: ETM fitted.
* JLink Info: FPUnit: 6 code (BP) slots and 2 literal slots
Application running ...
Build target 'MCB1700'
custom translating Web.inp...
Custom: C:\Keil\ARM\bin\fcarm @Web\Web.inp
FCARM FILE CONVERTER V2.41
Completed 1 File(s), Ratio 73%
compiling WEB.C...
linking...
Program Size: Code=53172 RO-data=3388 RW-data=32212 ZI-data=25136  
".\Obj\Http_demo.axf" - 0 Errors, 0 Warning(s).
Load "C:\\Users\\Usuario\\Desktop\\Proyecto_web2\\Obj\\Http_demo.axf" 
Set JLink Project File to "C:\Users\Usuario\Desktop\Proyecto_web2\JLinkSettings.ini"
* JLink Info: Device "LPC1768" selected (512 KB flash, 32 KB RAM).
 
JLink info:
------------
DLL: V4.68a, compiled Apr 12 2013 13:26:50
Firmware: J-Link ARM-OB STM32 compiled Aug 22 2012 19:52:04
Hardware: V7.00
Feature(s) : RDI,FlashDL,FlashBP,JFlash,GDBFull 
 
* JLink Info: TotalIRLen = 4, IRPrint = 0x01
* JLink Info: Found Cortex-M3 r2p0, Little endian.
* JLink Info: TPIU fitted.
* JLink Info: ETM fitted.
* JLink Info: FPUnit: 6 code (BP) slots and 2 literal slots
ROMTableAddr = 0xE00FF003
* JLink Info: Found Cortex-M3 r2p0, Little endian.
* JLink Info: TPIU fitted.
* JLink Info: ETM fitted.
* JLink Info: FPUnit: 6 code (BP) slots and 2 literal slots
 
Target info:
------------
Device: LPC1768
VTarget = 3.300V
State of Pins: 
TCK: 1, TDI: 0, TDO: 1, TMS: 0, TRES: 1, TRST: 1
Hardware-Breakpoints: 6
Software-Breakpoints: 8192
Watchpoints:          4
JTAG speed: 4000 kHz
 
Full Chip Erase Done.
Programming Done.
* JLink Info: Found Cortex-M3 r2p0, Little endian.
* JLink Info: TPIU fitted.
* JLink Info: ETM fitted.
* JLink Info: FPUnit: 6 code (BP) slots and 2 literal slots
Application running ...
Build target 'MCB1700'
custom translating Web.inp...
Custom: C:\Keil\ARM\bin\fcarm @Web\Web.inp
FCARM FILE CONVERTER V2.41
Completed 1 File(s), Ratio 73%
compiling HTTP_demo.c...
.\USER\DMA.h(15): warning:  #1-D: last line of file ends without a newline
compiling HTTP_CGI.c...
HTTP_CGI.c(255): warning:  #177-D: variable "tsoc" was declared but never referenced
HTTP_CGI.c(257): warning:  #177-D: variable "id" was declared but never referenced
HTTP_CGI.c(257): warning:  #177-D: variable "lang" was declared but never referenced
HTTP_CGI.c(258): warning:  #177-D: variable "adv" was declared but never referenced
HTTP_CGI.c(56): warning:  #177-D: variable "state" was declared but never referenced
compiling WEB.C...
compiling DMA.c...
USER\DMA.h(15): warning:  #1-D: last line of file ends without a newline
USER\DMA.c(79): warning:  #61-D: integer operation result is out of range
USER\DMA.c(108): warning:  #61-D: integer operation result is out of range
USER\DMA.c(193): warning:  #1-D: last line of file ends without a newline
compiling i2c_lpc17xx.c...
compiling init.c...
USER\init.c(9): warning:  #61-D: integer operation result is out of range
USER\init.c(12): warning:  #61-D: integer operation result is out of range
compiling PWM.c...
compiling TouchPanel.c...
compiling uart.c...
compiling Net_Config.c...
compiling RTX_Conf_CM.c...
compiling EMAC_LPC17xx_100Mb.c...
compiling system_LPC17xx.c...
compiling HzLib.c...
compiling lpc17xx_pinsel.c...
compiling lpc17xx_gpio.c...
compiling lpc17xx_ssp.c...
compiling lpc17xx_libcfg_default.c...
compiling lpc17xx_clkpwr.c...
compiling GLCD.c...
compiling AsciiLib.c...
linking...
Program Size: Code=96428 RO-data=3420 RW-data=32224 ZI-data=25132  
".\Obj\Http_demo.axf" - 0 Errors, 12 Warning(s).
Load "C:\\Users\\Usuario\\Desktop\\Proyecto_web2\\Obj\\Http_demo.axf" 
Set JLink Project File to "C:\Users\Usuario\Desktop\Proyecto_web2\JLinkSettings.ini"
* JLink Info: Device "LPC1768" selected (512 KB flash, 32 KB RAM).
 
JLink info:
------------
DLL: V4.68a, compiled Apr 12 2013 13:26:50
Firmware: J-Link ARM-OB STM32 compiled Aug 22 2012 19:52:04
Hardware: V7.00
Feature(s) : RDI,FlashDL,FlashBP,JFlash,GDBFull 
 
* JLink Info: TotalIRLen = 4, IRPrint = 0x01
* JLink Info: Found Cortex-M3 r2p0, Little endian.
* JLink Info: TPIU fitted.
* JLink Info: ETM fitted.
* JLink Info: FPUnit: 6 code (BP) slots and 2 literal slots
ROMTableAddr = 0xE00FF003
* JLink Info: Found Cortex-M3 r2p0, Little endian.
* JLink Info: TPIU fitted.
* JLink Info: ETM fitted.
* JLink Info: FPUnit: 6 code (BP) slots and 2 literal slots
 
Target info:
------------
Device: LPC1768
VTarget = 3.300V
State of Pins: 
TCK: 1, TDI: 0, TDO: 1, TMS: 0, TRES: 1, TRST: 1
Hardware-Breakpoints: 6
Software-Breakpoints: 8192
Watchpoints:          4
JTAG speed: 4000 kHz
 
Full Chip Erase Done.
Programming Done.
* JLink Info: Found Cortex-M3 r2p0, Little endian.
* JLink Info: TPIU fitted.
* JLink Info: ETM fitted.
* JLink Info: FPUnit: 6 code (BP) slots and 2 literal slots
Application running ...
Build target 'MCB1700'
custom translating Web.inp...
Custom: C:\Keil\ARM\bin\fcarm @Web\Web.inp
FCARM FILE CONVERTER V2.41
Completed 1 File(s), Ratio 77%
compiling HTTP_CGI.c...
HTTP_CGI.c(172): warning:  #177-D: variable "tsoc" was declared but never referenced
HTTP_CGI.c(174): warning:  #177-D: variable "id" was declared but never referenced
HTTP_CGI.c(174): warning:  #177-D: variable "lang" was declared but never referenced
HTTP_CGI.c(175): warning:  #177-D: variable "adv" was declared but never referenced
HTTP_CGI.c(55): warning:  #177-D: variable "P2" was declared but never referenced
HTTP_CGI.c(56): warning:  #177-D: variable "state" was declared but never referenced
linking...
Program Size: Code=96028 RO-data=3420 RW-data=32216 ZI-data=25132  
".\Obj\Http_demo.axf" - 0 Errors, 6 Warning(s).
Load "C:\\Users\\Usuario\\Desktop\\Proyecto_web2\\Obj\\Http_demo.axf" 
Set JLink Project File to "C:\Users\Usuario\Desktop\Proyecto_web2\JLinkSettings.ini"
* JLink Info: Device "LPC1768" selected (512 KB flash, 32 KB RAM).
 
JLink info:
------------
DLL: V4.68a, compiled Apr 12 2013 13:26:50
Firmware: J-Link ARM-OB STM32 compiled Aug 22 2012 19:52:04
Hardware: V7.00
Feature(s) : RDI,FlashDL,FlashBP,JFlash,GDBFull 
 
* JLink Info: TotalIRLen = 4, IRPrint = 0x01
* JLink Info: Found Cortex-M3 r2p0, Little endian.
* JLink Info: TPIU fitted.
* JLink Info: ETM fitted.
* JLink Info: FPUnit: 6 code (BP) slots and 2 literal slots
ROMTableAddr = 0xE00FF003
* JLink Info: Found Cortex-M3 r2p0, Little endian.
* JLink Info: TPIU fitted.
* JLink Info: ETM fitted.
* JLink Info: FPUnit: 6 code (BP) slots and 2 literal slots
 
Target info:
------------
Device: LPC1768
VTarget = 3.300V
State of Pins: 
TCK: 1, TDI: 0, TDO: 1, TMS: 0, TRES: 1, TRST: 1
Hardware-Breakpoints: 6
Software-Breakpoints: 8192
Watchpoints:          4
JTAG speed: 4000 kHz
 
Full Chip Erase Done.
Programming Done.
* JLink Info: Found Cortex-M3 r2p0, Little endian.
* JLink Info: TPIU fitted.
* JLink Info: ETM fitted.
* JLink Info: FPUnit: 6 code (BP) slots and 2 literal slots
Application running ...
Build target 'MCB1700'
custom translating Web.inp...
Custom: C:\Keil\ARM\bin\fcarm @Web\Web.inp
FCARM FILE CONVERTER V2.41
Completed 1 File(s), Ratio 77%
compiling WEB.C...
linking...
Program Size: Code=96028 RO-data=3588 RW-data=32216 ZI-data=25132  
".\Obj\Http_demo.axf" - 0 Errors, 0 Warning(s).
Load "C:\\Users\\Usuario\\Desktop\\Proyecto_web2\\Obj\\Http_demo.axf" 
Set JLink Project File to "C:\Users\Usuario\Desktop\Proyecto_web2\JLinkSettings.ini"
* JLink Info: Device "LPC1768" selected (512 KB flash, 32 KB RAM).
 
JLink info:
------------
DLL: V4.68a, compiled Apr 12 2013 13:26:50
Firmware: J-Link ARM-OB STM32 compiled Aug 22 2012 19:52:04
Hardware: V7.00
Feature(s) : RDI,FlashDL,FlashBP,JFlash,GDBFull 
 
* JLink Info: TotalIRLen = 4, IRPrint = 0x01
* JLink Info: Found Cortex-M3 r2p0, Little endian.
* JLink Info: TPIU fitted.
* JLink Info: ETM fitted.
* JLink Info: FPUnit: 6 code (BP) slots and 2 literal slots
ROMTableAddr = 0xE00FF003
* JLink Info: Found Cortex-M3 r2p0, Little endian.
* JLink Info: TPIU fitted.
* JLink Info: ETM fitted.
* JLink Info: FPUnit: 6 code (BP) slots and 2 literal slots
 
Target info:
------------
Device: LPC1768
VTarget = 3.300V
State of Pins: 
TCK: 1, TDI: 0, TDO: 1, TMS: 0, TRES: 1, TRST: 1
Hardware-Breakpoints: 6
Software-Breakpoints: 8192
Watchpoints:          4
JTAG speed: 4000 kHz
 
Full Chip Erase Done.
Programming Done.
* JLink Info: Found Cortex-M3 r2p0, Little endian.
* JLink Info: TPIU fitted.
* JLink Info: ETM fitted.
* JLink Info: FPUnit: 6 code (BP) slots and 2 literal slots
Application running ...
Build target 'MCB1700'
custom translating Web.inp...
Custom: C:\Keil\ARM\bin\fcarm @Web\Web.inp
FCARM FILE CONVERTER V2.41
Completed 1 File(s), Ratio 77%
compiling HTTP_demo.c...
.\USER\DMA.h(15): warning:  #1-D: last line of file ends without a newline
compiling HTTP_CGI.c...
HTTP_CGI.c(102): warning:  #181-D: argument is incompatible with corresponding format string conversion
HTTP_CGI.c(91): warning:  #177-D: variable "s" was declared but never referenced
HTTP_CGI.c(138): warning:  #177-D: variable "tsoc" was declared but never referenced
HTTP_CGI.c(140): warning:  #177-D: variable "id" was declared but never referenced
HTTP_CGI.c(140): warning:  #177-D: variable "lang" was declared but never referenced
HTTP_CGI.c(141): warning:  #177-D: variable "adv" was declared but never referenced
HTTP_CGI.c(57): warning:  #177-D: variable "P2" was declared but never referenced
HTTP_CGI.c(58): warning:  #177-D: variable "state" was declared but never referenced
compiling init.c...
USER\init.c(9): warning:  #61-D: integer operation result is out of range
USER\init.c(12): warning:  #61-D: integer operation result is out of range
linking...
Program Size: Code=95792 RO-data=3588 RW-data=32228 ZI-data=25136  
".\Obj\Http_demo.axf" - 0 Errors, 11 Warning(s).
Load "C:\\Users\\Usuario\\Desktop\\Proyecto_web2\\Obj\\Http_demo.axf" 
Set JLink Project File to "C:\Users\Usuario\Desktop\Proyecto_web2\JLinkSettings.ini"
* JLink Info: Device "LPC1768" selected (512 KB flash, 32 KB RAM).
 
JLink info:
------------
DLL: V4.68a, compiled Apr 12 2013 13:26:50
Firmware: J-Link ARM-OB STM32 compiled Aug 22 2012 19:52:04
Hardware: V7.00
Feature(s) : RDI,FlashDL,FlashBP,JFlash,GDBFull 
 
* JLink Info: TotalIRLen = 4, IRPrint = 0x01
* JLink Info: Found Cortex-M3 r2p0, Little endian.
* JLink Info: TPIU fitted.
* JLink Info: ETM fitted.
* JLink Info: FPUnit: 6 code (BP) slots and 2 literal slots
ROMTableAddr = 0xE00FF003
* JLink Info: Found Cortex-M3 r2p0, Little endian.
* JLink Info: TPIU fitted.
* JLink Info: ETM fitted.
* JLink Info: FPUnit: 6 code (BP) slots and 2 literal slots
 
Target info:
------------
Device: LPC1768
VTarget = 3.300V
State of Pins: 
TCK: 1, TDI: 0, TDO: 1, TMS: 0, TRES: 1, TRST: 1
Hardware-Breakpoints: 6
Software-Breakpoints: 8192
Watchpoints:          4
JTAG speed: 4000 kHz
 
Full Chip Erase Done.
Programming Done.
* JLink Info: Found Cortex-M3 r2p0, Little endian.
* JLink Info: TPIU fitted.
* JLink Info: ETM fitted.
* JLink Info: FPUnit: 6 code (BP) slots and 2 literal slots
Application running ...
Build target 'MCB1700'
custom translating Web.inp...
Custom: C:\Keil\ARM\bin\fcarm @Web\Web.inp
FCARM FILE CONVERTER V2.41
Completed 1 File(s), Ratio 77%
compiling HTTP_demo.c...
.\USER\DMA.h(15): warning:  #1-D: last line of file ends without a newline
compiling HTTP_CGI.c...
HTTP_CGI.c(91): warning:  #177-D: variable "s" was declared but never referenced
HTTP_CGI.c(138): warning:  #177-D: variable "tsoc" was declared but never referenced
HTTP_CGI.c(140): warning:  #177-D: variable "id" was declared but never referenced
HTTP_CGI.c(140): warning:  #177-D: variable "lang" was declared but never referenced
HTTP_CGI.c(141): warning:  #177-D: variable "adv" was declared but never referenced
HTTP_CGI.c(57): warning:  #177-D: variable "P2" was declared but never referenced
HTTP_CGI.c(58): warning:  #177-D: variable "state" was declared but never referenced
compiling WEB.C...
compiling init.c...
USER\init.c(9): warning:  #61-D: integer operation result is out of range
USER\init.c(12): warning:  #61-D: integer operation result is out of range
linking...
Program Size: Code=95792 RO-data=3588 RW-data=32228 ZI-data=25136  
".\Obj\Http_demo.axf" - 0 Errors, 10 Warning(s).
Load "C:\\Users\\Usuario\\Desktop\\Proyecto_web2\\Obj\\Http_demo.axf" 
Set JLink Project File to "C:\Users\Usuario\Desktop\Proyecto_web2\JLinkSettings.ini"
* JLink Info: Device "LPC1768" selected (512 KB flash, 32 KB RAM).
 
JLink info:
------------
DLL: V4.68a, compiled Apr 12 2013 13:26:50
Firmware: J-Link ARM-OB STM32 compiled Aug 22 2012 19:52:04
Hardware: V7.00
Feature(s) : RDI,FlashDL,FlashBP,JFlash,GDBFull 
 
* JLink Info: TotalIRLen = 4, IRPrint = 0x01
* JLink Info: Found Cortex-M3 r2p0, Little endian.
* JLink Info: TPIU fitted.
* JLink Info: ETM fitted.
* JLink Info: FPUnit: 6 code (BP) slots and 2 literal slots
ROMTableAddr = 0xE00FF003
* JLink Info: Found Cortex-M3 r2p0, Little endian.
* JLink Info: TPIU fitted.
* JLink Info: ETM fitted.
* JLink Info: FPUnit: 6 code (BP) slots and 2 literal slots
 
Target info:
------------
Device: LPC1768
VTarget = 3.300V
State of Pins: 
TCK: 1, TDI: 0, TDO: 1, TMS: 0, TRES: 1, TRST: 1
Hardware-Breakpoints: 6
Software-Breakpoints: 8192
Watchpoints:          4
JTAG speed: 4000 kHz
 
Full Chip Erase Done.
Programming Done.
* JLink Info: Found Cortex-M3 r2p0, Little endian.
* JLink Info: TPIU fitted.
* JLink Info: ETM fitted.
* JLink Info: FPUnit: 6 code (BP) slots and 2 literal slots
Application running ...
Build target 'MCB1700'
custom translating Web.inp...
Custom: C:\Keil\ARM\bin\fcarm @Web\Web.inp
FCARM FILE CONVERTER V2.41
Completed 1 File(s), Ratio 77%
compiling HTTP_CGI.c...
HTTP_CGI.c(91): warning:  #177-D: variable "s" was declared but never referenced
HTTP_CGI.c(138): warning:  #177-D: variable "tsoc" was declared but never referenced
HTTP_CGI.c(140): warning:  #177-D: variable "id" was declared but never referenced
HTTP_CGI.c(140): warning:  #177-D: variable "lang" was declared but never referenced
HTTP_CGI.c(141): warning:  #177-D: variable "adv" was declared but never referenced
HTTP_CGI.c(57): warning:  #177-D: variable "P2" was declared but never referenced
HTTP_CGI.c(58): warning:  #177-D: variable "state" was declared but never referenced
linking...
Program Size: Code=95792 RO-data=3588 RW-data=32228 ZI-data=25136  
".\Obj\Http_demo.axf" - 0 Errors, 7 Warning(s).
Load "C:\\Users\\Usuario\\Desktop\\Proyecto_web2\\Obj\\Http_demo.axf" 
Set JLink Project File to "C:\Users\Usuario\Desktop\Proyecto_web2\JLinkSettings.ini"
* JLink Info: Device "LPC1768" selected (512 KB flash, 32 KB RAM).
 
JLink info:
------------
DLL: V4.68a, compiled Apr 12 2013 13:26:50
Firmware: J-Link ARM-OB STM32 compiled Aug 22 2012 19:52:04
Hardware: V7.00
Feature(s) : RDI,FlashDL,FlashBP,JFlash,GDBFull 
 
* JLink Info: TotalIRLen = 4, IRPrint = 0x01
* JLink Info: Found Cortex-M3 r2p0, Little endian.
* JLink Info: TPIU fitted.
* JLink Info: ETM fitted.
* JLink Info: FPUnit: 6 code (BP) slots and 2 literal slots
ROMTableAddr = 0xE00FF003
* JLink Info: Found Cortex-M3 r2p0, Little endian.
* JLink Info: TPIU fitted.
* JLink Info: ETM fitted.
* JLink Info: FPUnit: 6 code (BP) slots and 2 literal slots
 
Target info:
------------
Device: LPC1768
VTarget = 3.300V
State of Pins: 
TCK: 1, TDI: 0, TDO: 1, TMS: 0, TRES: 1, TRST: 1
Hardware-Breakpoints: 6
Software-Breakpoints: 8192
Watchpoints:          4
JTAG speed: 4000 kHz
 
Full Chip Erase Done.
Programming Done.
* JLink Info: Found Cortex-M3 r2p0, Little endian.
* JLink Info: TPIU fitted.
* JLink Info: ETM fitted.
* JLink Info: FPUnit: 6 code (BP) slots and 2 literal slots
Application running ...
Build target 'MCB1700'
custom translating Web.inp...
Custom: C:\Keil\ARM\bin\fcarm @Web\Web.inp
FCARM FILE CONVERTER V2.41
Completed 1 File(s), Ratio 77%
compiling WEB.C...
linking...
Program Size: Code=95792 RO-data=3588 RW-data=32228 ZI-data=25136  
".\Obj\Http_demo.axf" - 0 Errors, 0 Warning(s).
Build target 'MCB1700'
custom translating Web.inp...
Custom: C:\Keil\ARM\bin\fcarm @Web\Web.inp
FCARM FILE CONVERTER V2.41
Completed 1 File(s), Ratio 77%
linking...
Program Size: Code=95792 RO-data=3588 RW-data=32228 ZI-data=25136  
".\Obj\Http_demo.axf" - 0 Errors, 0 Warning(s).
Load "C:\\Users\\Usuario\\Desktop\\Proyecto_web2\\Obj\\Http_demo.axf" 
Set JLink Project File to "C:\Users\Usuario\Desktop\Proyecto_web2\JLinkSettings.ini"
* JLink Info: Device "LPC1768" selected (512 KB flash, 32 KB RAM).
 
JLink info:
------------
DLL: V4.68a, compiled Apr 12 2013 13:26:50
Firmware: J-Link ARM-OB STM32 compiled Aug 22 2012 19:52:04
Hardware: V7.00
Feature(s) : RDI,FlashDL,FlashBP,JFlash,GDBFull 
 
* JLink Info: TotalIRLen = 4, IRPrint = 0x01
* JLink Info: Found Cortex-M3 r2p0, Little endian.
* JLink Info: TPIU fitted.
* JLink Info: ETM fitted.
* JLink Info: FPUnit: 6 code (BP) slots and 2 literal slots
ROMTableAddr = 0xE00FF003
* JLink Info: Found Cortex-M3 r2p0, Little endian.
* JLink Info: TPIU fitted.
* JLink Info: ETM fitted.
* JLink Info: FPUnit: 6 code (BP) slots and 2 literal slots
 
Target info:
------------
Device: LPC1768
VTarget = 3.300V
State of Pins: 
TCK: 1, TDI: 0, TDO: 1, TMS: 0, TRES: 1, TRST: 1
Hardware-Breakpoints: 6
Software-Breakpoints: 8192
Watchpoints:          4
JTAG speed: 4000 kHz
 
Full Chip Erase Done.
Programming Done.
* JLink Info: Found Cortex-M3 r2p0, Little endian.
* JLink Info: TPIU fitted.
* JLink Info: ETM fitted.
* JLink Info: FPUnit: 6 code (BP) slots and 2 literal slots
Application running ...
Build target 'MCB1700'
custom translating Web.inp...
Custom: C:\Keil\ARM\bin\fcarm @Web\Web.inp
FCARM FILE CONVERTER V2.41
Completed 1 File(s), Ratio 77%
compiling HTTP_CGI.c...
HTTP_CGI.c(91): warning:  #177-D: variable "s" was declared but never referenced
HTTP_CGI.c(138): warning:  #177-D: variable "tsoc" was declared but never referenced
HTTP_CGI.c(140): warning:  #177-D: variable "id" was declared but never referenced
HTTP_CGI.c(140): warning:  #177-D: variable "lang" was declared but never referenced
HTTP_CGI.c(141): warning:  #177-D: variable "adv" was declared but never referenced
HTTP_CGI.c(57): warning:  #177-D: variable "P2" was declared but never referenced
HTTP_CGI.c(58): warning:  #177-D: variable "state" was declared but never referenced
compiling WEB.C...
linking...
Program Size: Code=95792 RO-data=3588 RW-data=32228 ZI-data=25136  
".\Obj\Http_demo.axf" - 0 Errors, 7 Warning(s).
Build target 'MCB1700'
custom translating Web.inp...
Custom: C:\Keil\ARM\bin\fcarm @Web\Web.inp
FCARM FILE CONVERTER V2.41
Completed 1 File(s), Ratio 77%
compiling HTTP_demo.c...
.\USER\DMA.h(15): warning:  #1-D: last line of file ends without a newline
linking...
Program Size: Code=95804 RO-data=3588 RW-data=32232 ZI-data=25132  
".\Obj\Http_demo.axf" - 0 Errors, 1 Warning(s).
Load "C:\\Users\\Usuario\\Desktop\\Proyecto_web2\\Obj\\Http_demo.axf" 
Set JLink Project File to "C:\Users\Usuario\Desktop\Proyecto_web2\JLinkSettings.ini"
* JLink Info: Device "LPC1768" selected (512 KB flash, 32 KB RAM).
 
JLink info:
------------
DLL: V4.68a, compiled Apr 12 2013 13:26:50
Firmware: J-Link ARM-OB STM32 compiled Aug 22 2012 19:52:04
Hardware: V7.00
Feature(s) : RDI,FlashDL,FlashBP,JFlash,GDBFull 
 
* JLink Info: TotalIRLen = 4, IRPrint = 0x01
* JLink Info: Found Cortex-M3 r2p0, Little endian.
* JLink Info: TPIU fitted.
* JLink Info: ETM fitted.
* JLink Info: FPUnit: 6 code (BP) slots and 2 literal slots
ROMTableAddr = 0xE00FF003
* JLink Info: Found Cortex-M3 r2p0, Little endian.
* JLink Info: TPIU fitted.
* JLink Info: ETM fitted.
* JLink Info: FPUnit: 6 code (BP) slots and 2 literal slots
 
Target info:
------------
Device: LPC1768
VTarget = 3.300V
State of Pins: 
TCK: 1, TDI: 0, TDO: 1, TMS: 0, TRES: 1, TRST: 1
Hardware-Breakpoints: 6
Software-Breakpoints: 8192
Watchpoints:          4
JTAG speed: 4000 kHz
 
Full Chip Erase Done.
Programming Done.
* JLink Info: Found Cortex-M3 r2p0, Little endian.
* JLink Info: TPIU fitted.
* JLink Info: ETM fitted.
* JLink Info: FPUnit: 6 code (BP) slots and 2 literal slots
Application running ...
Build target 'MCB1700'
custom translating Web.inp...
Custom: C:\Keil\ARM\bin\fcarm @Web\Web.inp
FCARM FILE CONVERTER V2.41
Completed 1 File(s), Ratio 77%
compiling HTTP_demo.c...
.\USER\DMA.h(15): warning:  #1-D: last line of file ends without a newline
compiling WEB.C...
linking...
Program Size: Code=95812 RO-data=3588 RW-data=32232 ZI-data=25132  
".\Obj\Http_demo.axf" - 0 Errors, 1 Warning(s).
Load "C:\\Users\\Usuario\\Desktop\\Proyecto_web2\\Obj\\Http_demo.axf" 
Set JLink Project File to "C:\Users\Usuario\Desktop\Proyecto_web2\JLinkSettings.ini"
* JLink Info: Device "LPC1768" selected (512 KB flash, 32 KB RAM).
 
JLink info:
------------
DLL: V4.68a, compiled Apr 12 2013 13:26:50
Firmware: J-Link ARM-OB STM32 compiled Aug 22 2012 19:52:04
Hardware: V7.00
Feature(s) : RDI,FlashDL,FlashBP,JFlash,GDBFull 
 
* JLink Info: TotalIRLen = 4, IRPrint = 0x01
* JLink Info: Found Cortex-M3 r2p0, Little endian.
* JLink Info: TPIU fitted.
* JLink Info: ETM fitted.
* JLink Info: FPUnit: 6 code (BP) slots and 2 literal slots
ROMTableAddr = 0xE00FF003
* JLink Info: Found Cortex-M3 r2p0, Little endian.
* JLink Info: TPIU fitted.
* JLink Info: ETM fitted.
* JLink Info: FPUnit: 6 code (BP) slots and 2 literal slots
 
Target info:
------------
Device: LPC1768
VTarget = 3.300V
State of Pins: 
TCK: 1, TDI: 0, TDO: 1, TMS: 0, TRES: 1, TRST: 1
Hardware-Breakpoints: 6
Software-Breakpoints: 8192
Watchpoints:          4
JTAG speed: 4000 kHz
 
Full Chip Erase Done.
Programming Done.
* JLink Info: Found Cortex-M3 r2p0, Little endian.
* JLink Info: TPIU fitted.
* JLink Info: ETM fitted.
* JLink Info: FPUnit: 6 code (BP) slots and 2 literal slots
Application running ...
Build target 'MCB1700'
custom translating Web.inp...
Custom: C:\Keil\ARM\bin\fcarm @Web\Web.inp
FCARM FILE CONVERTER V2.41
Completed 1 File(s), Ratio 77%
compiling HTTP_demo.c...
.\USER\DMA.h(15): warning:  #1-D: last line of file ends without a newline
linking...
Program Size: Code=95864 RO-data=3588 RW-data=32232 ZI-data=25132  
".\Obj\Http_demo.axf" - 0 Errors, 1 Warning(s).
Load "C:\\Users\\Usuario\\Desktop\\Proyecto_web2\\Obj\\Http_demo.axf" 
Set JLink Project File to "C:\Users\Usuario\Desktop\Proyecto_web2\JLinkSettings.ini"
* JLink Info: Device "LPC1768" selected (512 KB flash, 32 KB RAM).
 
JLink info:
------------
DLL: V4.68a, compiled Apr 12 2013 13:26:50
Firmware: J-Link ARM-OB STM32 compiled Aug 22 2012 19:52:04
Hardware: V7.00
Feature(s) : RDI,FlashDL,FlashBP,JFlash,GDBFull 
 
* JLink Info: TotalIRLen = 4, IRPrint = 0x01
* JLink Info: Found Cortex-M3 r2p0, Little endian.
* JLink Info: TPIU fitted.
* JLink Info: ETM fitted.
* JLink Info: FPUnit: 6 code (BP) slots and 2 literal slots
ROMTableAddr = 0xE00FF003
* JLink Info: Found Cortex-M3 r2p0, Little endian.
* JLink Info: TPIU fitted.
* JLink Info: ETM fitted.
* JLink Info: FPUnit: 6 code (BP) slots and 2 literal slots
 
Target info:
------------
Device: LPC1768
VTarget = 3.300V
State of Pins: 
TCK: 1, TDI: 0, TDO: 1, TMS: 0, TRES: 1, TRST: 1
Hardware-Breakpoints: 6
Software-Breakpoints: 8192
Watchpoints:          4
JTAG speed: 4000 kHz
 
Full Chip Erase Done.
Programming Done.
* JLink Info: Found Cortex-M3 r2p0, Little endian.
* JLink Info: TPIU fitted.
* JLink Info: ETM fitted.
* JLink Info: FPUnit: 6 code (BP) slots and 2 literal slots
Application running ...
Build target 'MCB1700'
custom translating Web.inp...
Custom: C:\Keil\ARM\bin\fcarm @Web\Web.inp
FCARM FILE CONVERTER V2.41
Completed 1 File(s), Ratio 77%
compiling HTTP_demo.c...
.\USER\DMA.h(15): warning:  #1-D: last line of file ends without a newline
compiling WEB.C...
linking...
Program Size: Code=95908 RO-data=3588 RW-data=32232 ZI-data=25132  
".\Obj\Http_demo.axf" - 0 Errors, 1 Warning(s).
Rebuild target 'MCB1700'
custom translating Web.inp...
Custom: C:\Keil\ARM\bin\fcarm @Web\Web.inp
FCARM FILE CONVERTER V2.41
Completed 1 File(s), Ratio 77%
compiling HTTP_demo.c...
.\USER\DMA.h(15): warning:  #1-D: last line of file ends without a newline
compiling HTTP_CGI.c...
HTTP_CGI.c(91): warning:  #177-D: variable "s" was declared but never referenced
HTTP_CGI.c(138): warning:  #177-D: variable "tsoc" was declared but never referenced
HTTP_CGI.c(140): warning:  #177-D: variable "id" was declared but never referenced
HTTP_CGI.c(140): warning:  #177-D: variable "lang" was declared but never referenced
HTTP_CGI.c(141): warning:  #177-D: variable "adv" was declared but never referenced
HTTP_CGI.c(57): warning:  #177-D: variable "P2" was declared but never referenced
HTTP_CGI.c(58): warning:  #177-D: variable "state" was declared but never referenced
compiling WEB.C...
compiling DMA.c...
USER\DMA.h(15): warning:  #1-D: last line of file ends without a newline
USER\DMA.c(79): warning:  #61-D: integer operation result is out of range
USER\DMA.c(108): warning:  #61-D: integer operation result is out of range
USER\DMA.c(193): warning:  #1-D: last line of file ends without a newline
compiling i2c_lpc17xx.c...
compiling init.c...
USER\init.c(9): warning:  #61-D: integer operation result is out of range
USER\init.c(12): warning:  #61-D: integer operation result is out of range
compiling PWM.c...
compiling TouchPanel.c...
compiling uart.c...
compiling Net_Config.c...
assembling startup_LPC17xx.s...
compiling RTX_Conf_CM.c...
compiling EMAC_LPC17xx_100Mb.c...
compiling system_LPC17xx.c...
compiling HzLib.c...
compiling lpc17xx_pinsel.c...
compiling lpc17xx_gpio.c...
compiling lpc17xx_ssp.c...
compiling lpc17xx_libcfg_default.c...
compiling lpc17xx_clkpwr.c...
compiling GLCD.c...
compiling AsciiLib.c...
linking...
Program Size: Code=95908 RO-data=3588 RW-data=32232 ZI-data=25132  
".\Obj\Http_demo.axf" - 0 Errors, 14 Warning(s).
Build target 'MCB1700'
custom translating Web.inp...
Custom: C:\Keil\ARM\bin\fcarm @Web\Web.inp
FCARM FILE CONVERTER V2.41
Completed 1 File(s), Ratio 77%
compiling HTTP_demo.c...
.\USER\DMA.h(15): warning:  #1-D: last line of file ends without a newline
linking...
Program Size: Code=95892 RO-data=3588 RW-data=32232 ZI-data=25132  
".\Obj\Http_demo.axf" - 0 Errors, 1 Warning(s).
Load "C:\\Users\\Usuario\\Desktop\\Proyecto_web2\\Obj\\Http_demo.axf" 
Set JLink Project File to "C:\Users\Usuario\Desktop\Proyecto_web2\JLinkSettings.ini"
* JLink Info: Device "LPC1768" selected (512 KB flash, 32 KB RAM).
 
JLink info:
------------
DLL: V4.68a, compiled Apr 12 2013 13:26:50
Firmware: J-Link ARM-OB STM32 compiled Aug 22 2012 19:52:04
Hardware: V7.00
Feature(s) : RDI,FlashDL,FlashBP,JFlash,GDBFull 
 
* JLink Info: TotalIRLen = 4, IRPrint = 0x01
* JLink Info: Found Cortex-M3 r2p0, Little endian.
* JLink Info: TPIU fitted.
* JLink Info: ETM fitted.
* JLink Info: FPUnit: 6 code (BP) slots and 2 literal slots
ROMTableAddr = 0xE00FF003
* JLink Info: Found Cortex-M3 r2p0, Little endian.
* JLink Info: TPIU fitted.
* JLink Info: ETM fitted.
* JLink Info: FPUnit: 6 code (BP) slots and 2 literal slots
 
Target info:
------------
Device: LPC1768
VTarget = 3.300V
State of Pins: 
TCK: 1, TDI: 0, TDO: 1, TMS: 0, TRES: 1, TRST: 1
Hardware-Breakpoints: 6
Software-Breakpoints: 8192
Watchpoints:          4
JTAG speed: 4000 kHz
 
Full Chip Erase Done.
Programming Done.
* JLink Info: Found Cortex-M3 r2p0, Little endian.
* JLink Info: TPIU fitted.
* JLink Info: ETM fitted.
* JLink Info: FPUnit: 6 code (BP) slots and 2 literal slots
Application running ...
Build target 'MCB1700'
custom translating Web.inp...
Custom: C:\Keil\ARM\bin\fcarm @Web\Web.inp
FCARM FILE CONVERTER V2.41
Completed 1 File(s), Ratio 77%
compiling HTTP_demo.c...
.\USER\DMA.h(15): warning:  #1-D: last line of file ends without a newline
compiling WEB.C...
linking...
Program Size: Code=95892 RO-data=3588 RW-data=32232 ZI-data=25132  
".\Obj\Http_demo.axf" - 0 Errors, 1 Warning(s).
Load "C:\\Users\\Usuario\\Desktop\\Proyecto_web2\\Obj\\Http_demo.axf" 
Set JLink Project File to "C:\Users\Usuario\Desktop\Proyecto_web2\JLinkSettings.ini"
* JLink Info: Device "LPC1768" selected (512 KB flash, 32 KB RAM).
 
JLink info:
------------
DLL: V4.68a, compiled Apr 12 2013 13:26:50
Firmware: J-Link ARM-OB STM32 compiled Aug 22 2012 19:52:04
Hardware: V7.00
Feature(s) : RDI,FlashDL,FlashBP,JFlash,GDBFull 
 
* JLink Info: TotalIRLen = 4, IRPrint = 0x01
* JLink Info: Found Cortex-M3 r2p0, Little endian.
* JLink Info: TPIU fitted.
* JLink Info: ETM fitted.
* JLink Info: FPUnit: 6 code (BP) slots and 2 literal slots
ROMTableAddr = 0xE00FF003
* JLink Info: Found Cortex-M3 r2p0, Little endian.
* JLink Info: TPIU fitted.
* JLink Info: ETM fitted.
* JLink Info: FPUnit: 6 code (BP) slots and 2 literal slots
 
Target info:
------------
Device: LPC1768
VTarget = 3.300V
State of Pins: 
TCK: 1, TDI: 0, TDO: 1, TMS: 0, TRES: 1, TRST: 1
Hardware-Breakpoints: 6
Software-Breakpoints: 8192
Watchpoints:          4
JTAG speed: 4000 kHz
 
Full Chip Erase Done.
Programming Done.
* JLink Info: Found Cortex-M3 r2p0, Little endian.
* JLink Info: TPIU fitted.
* JLink Info: ETM fitted.
* JLink Info: FPUnit: 6 code (BP) slots and 2 literal slots
Application running ...
