<html>
<body>
<pre>
<h1>µVision Build Log</h1>
<h2>Project:</h2>
C:\Users\GalleDoh\Documents\Subsistemas-SEDA\SEDA\Proyecto1\PROJECT\Proyecto1.uvproj
Project File Date:  01/05/2018

<h2>Output:</h2>
Clean started: Project: 'Proyecto1'
   deleting intermediate output files for target 'LPC1768'
Rebuild target 'LPC1768'
compiling system_LPC17xx.c...
assembling startup_LPC17xx.s...
compiling DMA.c...
..\USER\DMA.h(11): warning:  #1295-D: Deprecated declaration EINT2_IRQHandler - give arg types
..\USER\DMA.h(15): warning:  #1-D: last line of file ends without a newline
..\USER\DMA.c(89): warning:  #61-D: integer operation result is out of range
..\USER\DMA.c(119): warning:  #61-D: integer operation result is out of range
..\USER\DMA.c(208): warning:  #1-D: last line of file ends without a newline
compiling TouchPanel.c...
compiling main.c...
..\USER\main.c(16): warning:  #61-D: integer operation result is out of range
..\USER\main.c(19): warning:  #61-D: integer operation result is out of range
compiling AsciiLib.c...
compiling GLCD.c...
compiling debug_frmwrk.c...
compiling lpc17xx_adc.c...
compiling lpc17xx_can.c...
..\Libraries\LPC1700CMSIS_Firmware_Library\source\lpc17xx_can.c(144): warning:  #550-D: variable "temp" was set but never used
..\Libraries\LPC1700CMSIS_Firmware_Library\source\lpc17xx_can.c(712): warning:  #550-D: variable "abc" was set but never used
..\Libraries\LPC1700CMSIS_Firmware_Library\source\lpc17xx_can.c(1105): warning:  #186-D: pointless comparison of unsigned integer with zero
..\Libraries\LPC1700CMSIS_Firmware_Library\source\lpc17xx_can.c(1374): warning:  #61-D: integer operation result is out of range
..\Libraries\LPC1700CMSIS_Firmware_Library\source\lpc17xx_can.c(1374): warning:  #68-D: integer conversion resulted in a change of sign
..\Libraries\LPC1700CMSIS_Firmware_Library\source\lpc17xx_can.c(1378): warning:  #61-D: integer operation result is out of range
..\Libraries\LPC1700CMSIS_Firmware_Library\source\lpc17xx_can.c(1414): warning:  #61-D: integer operation result is out of range
..\Libraries\LPC1700CMSIS_Firmware_Library\source\lpc17xx_can.c(1414): warning:  #68-D: integer conversion resulted in a change of sign
..\Libraries\LPC1700CMSIS_Firmware_Library\source\lpc17xx_can.c(1418): warning:  #61-D: integer operation result is out of range
..\Libraries\LPC1700CMSIS_Firmware_Library\source\lpc17xx_can.c(1454): warning:  #61-D: integer operation result is out of range
..\Libraries\LPC1700CMSIS_Firmware_Library\source\lpc17xx_can.c(1454): warning:  #68-D: integer conversion resulted in a change of sign
..\Libraries\LPC1700CMSIS_Firmware_Library\source\lpc17xx_can.c(1458): warning:  #61-D: integer operation result is out of range
compiling lpc17xx_clkpwr.c...
compiling lpc17xx_dac.c...
compiling lpc17xx_emac.c...
compiling lpc17xx_exti.c...
compiling lpc17xx_gpdma.c...
..\Libraries\LPC1700CMSIS_Firmware_Library\source\lpc17xx_gpdma.c(87): warning:  #1296-D: extended constant initialiser used
..\Libraries\LPC1700CMSIS_Firmware_Library\source\lpc17xx_gpdma.c(88): warning:  #1296-D: extended constant initialiser used
..\Libraries\LPC1700CMSIS_Firmware_Library\source\lpc17xx_gpdma.c(89): warning:  #1296-D: extended constant initialiser used
..\Libraries\LPC1700CMSIS_Firmware_Library\source\lpc17xx_gpdma.c(90): warning:  #1296-D: extended constant initialiser used
..\Libraries\LPC1700CMSIS_Firmware_Library\source\lpc17xx_gpdma.c(91): warning:  #1296-D: extended constant initialiser used
..\Libraries\LPC1700CMSIS_Firmware_Library\source\lpc17xx_gpdma.c(92): warning:  #1296-D: extended constant initialiser used
..\Libraries\LPC1700CMSIS_Firmware_Library\source\lpc17xx_gpdma.c(93): warning:  #1296-D: extended constant initialiser used
..\Libraries\LPC1700CMSIS_Firmware_Library\source\lpc17xx_gpdma.c(94): warning:  #1296-D: extended constant initialiser used
..\Libraries\LPC1700CMSIS_Firmware_Library\source\lpc17xx_gpdma.c(95): warning:  #1296-D: extended constant initialiser used
..\Libraries\LPC1700CMSIS_Firmware_Library\source\lpc17xx_gpdma.c(96): warning:  #1296-D: extended constant initialiser used
..\Libraries\LPC1700CMSIS_Firmware_Library\source\lpc17xx_gpdma.c(97): warning:  #1296-D: extended constant initialiser used
..\Libraries\LPC1700CMSIS_Firmware_Library\source\lpc17xx_gpdma.c(98): warning:  #1296-D: extended constant initialiser used
..\Libraries\LPC1700CMSIS_Firmware_Library\source\lpc17xx_gpdma.c(99): warning:  #1296-D: extended constant initialiser used
..\Libraries\LPC1700CMSIS_Firmware_Library\source\lpc17xx_gpdma.c(100): warning:  #1296-D: extended constant initialiser used
..\Libraries\LPC1700CMSIS_Firmware_Library\source\lpc17xx_gpdma.c(101): warning:  #1296-D: extended constant initialiser used
..\Libraries\LPC1700CMSIS_Firmware_Library\source\lpc17xx_gpdma.c(102): warning:  #1296-D: extended constant initialiser used
..\Libraries\LPC1700CMSIS_Firmware_Library\source\lpc17xx_gpdma.c(103): warning:  #1296-D: extended constant initialiser used
..\Libraries\LPC1700CMSIS_Firmware_Library\source\lpc17xx_gpdma.c(104): warning:  #1296-D: extended constant initialiser used
..\Libraries\LPC1700CMSIS_Firmware_Library\source\lpc17xx_gpdma.c(105): warning:  #1296-D: extended constant initialiser used
..\Libraries\LPC1700CMSIS_Firmware_Library\source\lpc17xx_gpdma.c(106): warning:  #1296-D: extended constant initialiser used
..\Libraries\LPC1700CMSIS_Firmware_Library\source\lpc17xx_gpdma.c(107): warning:  #1296-D: extended constant initialiser used
..\Libraries\LPC1700CMSIS_Firmware_Library\source\lpc17xx_gpdma.c(108): warning:  #1296-D: extended constant initialiser used
..\Libraries\LPC1700CMSIS_Firmware_Library\source\lpc17xx_gpdma.c(109): warning:  #1296-D: extended constant initialiser used
..\Libraries\LPC1700CMSIS_Firmware_Library\source\lpc17xx_gpdma.c(110): warning:  #1296-D: extended constant initialiser used
..\Libraries\LPC1700CMSIS_Firmware_Library\source\lpc17xx_gpdma.c(396): warning:  #186-D: pointless comparison of unsigned integer with zero
..\Libraries\LPC1700CMSIS_Firmware_Library\source\lpc17xx_gpdma.c(438): warning:  #186-D: pointless comparison of unsigned integer with zero
compiling lpc17xx_gpio.c...
compiling lpc17xx_i2c.c...
..\Libraries\LPC1700CMSIS_Firmware_Library\source\lpc17xx_i2c.c(597): warning:  #188-D: enumerated type mixed with another type
..\Libraries\LPC1700CMSIS_Firmware_Library\source\lpc17xx_i2c.c(694): warning:  #188-D: enumerated type mixed with another type
..\Libraries\LPC1700CMSIS_Firmware_Library\source\lpc17xx_i2c.c(701): warning:  #188-D: enumerated type mixed with another type
..\Libraries\LPC1700CMSIS_Firmware_Library\source\lpc17xx_i2c.c(749): warning:  #188-D: enumerated type mixed with another type
..\Libraries\LPC1700CMSIS_Firmware_Library\source\lpc17xx_i2c.c(901): warning:  #188-D: enumerated type mixed with another type
..\Libraries\LPC1700CMSIS_Firmware_Library\source\lpc17xx_i2c.c(914): warning:  #188-D: enumerated type mixed with another type
..\Libraries\LPC1700CMSIS_Firmware_Library\source\lpc17xx_i2c.c(951): warning:  #188-D: enumerated type mixed with another type
..\Libraries\LPC1700CMSIS_Firmware_Library\source\lpc17xx_i2c.c(1161): warning:  #188-D: enumerated type mixed with another type
..\Libraries\LPC1700CMSIS_Firmware_Library\source\lpc17xx_i2c.c(1185): warning:  #186-D: pointless comparison of unsigned integer with zero
compiling lpc17xx_i2s.c...
compiling lpc17xx_libcfg_default.c...
compiling lpc17xx_mcpwm.c...
..\Libraries\LPC1700CMSIS_Firmware_Library\source\lpc17xx_mcpwm.c(93): warning:  #186-D: pointless comparison of unsigned integer with zero
..\Libraries\LPC1700CMSIS_Firmware_Library\source\lpc17xx_mcpwm.c(181): warning:  #186-D: pointless comparison of unsigned integer with zero
..\Libraries\LPC1700CMSIS_Firmware_Library\source\lpc17xx_mcpwm.c(258): warning:  #186-D: pointless comparison of unsigned integer with zero
..\Libraries\LPC1700CMSIS_Firmware_Library\source\lpc17xx_mcpwm.c(260): warning:  #186-D: pointless comparison of unsigned integer with zero
..\Libraries\LPC1700CMSIS_Firmware_Library\source\lpc17xx_mcpwm.c(262): warning:  #186-D: pointless comparison of unsigned integer with zero
..\Libraries\LPC1700CMSIS_Firmware_Library\source\lpc17xx_mcpwm.c(262): warning:  #186-D: pointless comparison of unsigned integer with zero
..\Libraries\LPC1700CMSIS_Firmware_Library\source\lpc17xx_mcpwm.c(264): warning:  #186-D: pointless comparison of unsigned integer with zero
..\Libraries\LPC1700CMSIS_Firmware_Library\source\lpc17xx_mcpwm.c(264): warning:  #186-D: pointless comparison of unsigned integer with zero
..\Libraries\LPC1700CMSIS_Firmware_Library\source\lpc17xx_mcpwm.c(267): warning:  #186-D: pointless comparison of unsigned integer with zero
..\Libraries\LPC1700CMSIS_Firmware_Library\source\lpc17xx_mcpwm.c(267): warning:  #186-D: pointless comparison of unsigned integer with zero
..\Libraries\LPC1700CMSIS_Firmware_Library\source\lpc17xx_mcpwm.c(269): warning:  #186-D: pointless comparison of unsigned integer with zero
..\Libraries\LPC1700CMSIS_Firmware_Library\source\lpc17xx_mcpwm.c(269): warning:  #186-D: pointless comparison of unsigned integer with zero
..\Libraries\LPC1700CMSIS_Firmware_Library\source\lpc17xx_mcpwm.c(272): warning:  #186-D: pointless comparison of unsigned integer with zero
..\Libraries\LPC1700CMSIS_Firmware_Library\source\lpc17xx_mcpwm.c(376): warning:  #61-D: integer operation result is out of range
..\Libraries\LPC1700CMSIS_Firmware_Library\source\lpc17xx_mcpwm.c(378): warning:  #61-D: integer operation result is out of range
compiling lpc17xx_nvic.c...
compiling lpc17xx_pinsel.c...
compiling lpc17xx_pwm.c...
..\Libraries\LPC1700CMSIS_Firmware_Library\source\lpc17xx_pwm.c(299): warning:  #186-D: pointless comparison of unsigned integer with zero
..\Libraries\LPC1700CMSIS_Firmware_Library\source\lpc17xx_pwm.c(429): warning:  #186-D: pointless comparison of unsigned integer with zero
compiling lpc17xx_qei.c...
compiling lpc17xx_rit.c...
..\Libraries\LPC1700CMSIS_Firmware_Library\source\lpc17xx_rit.c(180): warning:  #188-D: enumerated type mixed with another type
compiling lpc17xx_rtc.c...
..\Libraries\LPC1700CMSIS_Firmware_Library\source\lpc17xx_rtc.c(734): warning:  #186-D: pointless comparison of unsigned integer with zero
..\Libraries\LPC1700CMSIS_Firmware_Library\source\lpc17xx_rtc.c(758): warning:  #186-D: pointless comparison of unsigned integer with zero
compiling lpc17xx_spi.c...
compiling lpc17xx_ssp.c...
compiling lpc17xx_systick.c...
compiling lpc17xx_timer.c...
..\Libraries\LPC1700CMSIS_Firmware_Library\source\lpc17xx_timer.c(115): warning:  #68-D: integer conversion resulted in a change of sign
compiling lpc17xx_uart.c...
compiling lpc17xx_wdt.c...
linking...
Program Size: Code=2820 RO-data=236 RW-data=16032 ZI-data=608  
".\Obj\Proyecto1.axf" - 0 Errors, 75 Warning(s).
Build target 'LPC1768'
compiling main.c...
..\USER\main.c(14): warning:  #61-D: integer operation result is out of range
..\USER\main.c(17): warning:  #61-D: integer operation result is out of range
..\USER\main.c(156): error:  #20: identifier "canal_LM32" is undefined
".\Obj\Proyecto1.axf" - 1 Errors, 2 Warning(s).
Target not created
Rebuild target 'LPC1768'
compiling system_LPC17xx.c...
assembling startup_LPC17xx.s...
compiling DMA.c...
..\USER\DMA.h(11): warning:  #1295-D: Deprecated declaration EINT2_IRQHandler - give arg types
..\USER\DMA.h(15): warning:  #1-D: last line of file ends without a newline
..\USER\DMA.c(89): warning:  #61-D: integer operation result is out of range
..\USER\DMA.c(119): warning:  #61-D: integer operation result is out of range
..\USER\DMA.c(208): warning:  #1-D: last line of file ends without a newline
compiling TouchPanel.c...
compiling main.c...
..\USER\main.c(15): warning:  #61-D: integer operation result is out of range
..\USER\main.c(18): warning:  #61-D: integer operation result is out of range
compiling AsciiLib.c...
compiling GLCD.c...
compiling debug_frmwrk.c...
compiling lpc17xx_adc.c...
compiling lpc17xx_can.c...
..\Libraries\LPC1700CMSIS_Firmware_Library\source\lpc17xx_can.c(144): warning:  #550-D: variable "temp" was set but never used
..\Libraries\LPC1700CMSIS_Firmware_Library\source\lpc17xx_can.c(712): warning:  #550-D: variable "abc" was set but never used
..\Libraries\LPC1700CMSIS_Firmware_Library\source\lpc17xx_can.c(1105): warning:  #186-D: pointless comparison of unsigned integer with zero
..\Libraries\LPC1700CMSIS_Firmware_Library\source\lpc17xx_can.c(1374): warning:  #61-D: integer operation result is out of range
..\Libraries\LPC1700CMSIS_Firmware_Library\source\lpc17xx_can.c(1374): warning:  #68-D: integer conversion resulted in a change of sign
..\Libraries\LPC1700CMSIS_Firmware_Library\source\lpc17xx_can.c(1378): warning:  #61-D: integer operation result is out of range
..\Libraries\LPC1700CMSIS_Firmware_Library\source\lpc17xx_can.c(1414): warning:  #61-D: integer operation result is out of range
..\Libraries\LPC1700CMSIS_Firmware_Library\source\lpc17xx_can.c(1414): warning:  #68-D: integer conversion resulted in a change of sign
..\Libraries\LPC1700CMSIS_Firmware_Library\source\lpc17xx_can.c(1418): warning:  #61-D: integer operation result is out of range
..\Libraries\LPC1700CMSIS_Firmware_Library\source\lpc17xx_can.c(1454): warning:  #61-D: integer operation result is out of range
..\Libraries\LPC1700CMSIS_Firmware_Library\source\lpc17xx_can.c(1454): warning:  #68-D: integer conversion resulted in a change of sign
..\Libraries\LPC1700CMSIS_Firmware_Library\source\lpc17xx_can.c(1458): warning:  #61-D: integer operation result is out of range
compiling lpc17xx_clkpwr.c...
compiling lpc17xx_dac.c...
compiling lpc17xx_emac.c...
compiling lpc17xx_exti.c...
compiling lpc17xx_gpdma.c...
..\Libraries\LPC1700CMSIS_Firmware_Library\source\lpc17xx_gpdma.c(87): warning:  #1296-D: extended constant initialiser used
..\Libraries\LPC1700CMSIS_Firmware_Library\source\lpc17xx_gpdma.c(88): warning:  #1296-D: extended constant initialiser used
..\Libraries\LPC1700CMSIS_Firmware_Library\source\lpc17xx_gpdma.c(89): warning:  #1296-D: extended constant initialiser used
..\Libraries\LPC1700CMSIS_Firmware_Library\source\lpc17xx_gpdma.c(90): warning:  #1296-D: extended constant initialiser used
..\Libraries\LPC1700CMSIS_Firmware_Library\source\lpc17xx_gpdma.c(91): warning:  #1296-D: extended constant initialiser used
..\Libraries\LPC1700CMSIS_Firmware_Library\source\lpc17xx_gpdma.c(92): warning:  #1296-D: extended constant initialiser used
..\Libraries\LPC1700CMSIS_Firmware_Library\source\lpc17xx_gpdma.c(93): warning:  #1296-D: extended constant initialiser used
..\Libraries\LPC1700CMSIS_Firmware_Library\source\lpc17xx_gpdma.c(94): warning:  #1296-D: extended constant initialiser used
..\Libraries\LPC1700CMSIS_Firmware_Library\source\lpc17xx_gpdma.c(95): warning:  #1296-D: extended constant initialiser used
..\Libraries\LPC1700CMSIS_Firmware_Library\source\lpc17xx_gpdma.c(96): warning:  #1296-D: extended constant initialiser used
..\Libraries\LPC1700CMSIS_Firmware_Library\source\lpc17xx_gpdma.c(97): warning:  #1296-D: extended constant initialiser used
..\Libraries\LPC1700CMSIS_Firmware_Library\source\lpc17xx_gpdma.c(98): warning:  #1296-D: extended constant initialiser used
..\Libraries\LPC1700CMSIS_Firmware_Library\source\lpc17xx_gpdma.c(99): warning:  #1296-D: extended constant initialiser used
..\Libraries\LPC1700CMSIS_Firmware_Library\source\lpc17xx_gpdma.c(100): warning:  #1296-D: extended constant initialiser used
..\Libraries\LPC1700CMSIS_Firmware_Library\source\lpc17xx_gpdma.c(101): warning:  #1296-D: extended constant initialiser used
..\Libraries\LPC1700CMSIS_Firmware_Library\source\lpc17xx_gpdma.c(102): warning:  #1296-D: extended constant initialiser used
..\Libraries\LPC1700CMSIS_Firmware_Library\source\lpc17xx_gpdma.c(103): warning:  #1296-D: extended constant initialiser used
..\Libraries\LPC1700CMSIS_Firmware_Library\source\lpc17xx_gpdma.c(104): warning:  #1296-D: extended constant initialiser used
..\Libraries\LPC1700CMSIS_Firmware_Library\source\lpc17xx_gpdma.c(105): warning:  #1296-D: extended constant initialiser used
..\Libraries\LPC1700CMSIS_Firmware_Library\source\lpc17xx_gpdma.c(106): warning:  #1296-D: extended constant initialiser used
..\Libraries\LPC1700CMSIS_Firmware_Library\source\lpc17xx_gpdma.c(107): warning:  #1296-D: extended constant initialiser used
..\Libraries\LPC1700CMSIS_Firmware_Library\source\lpc17xx_gpdma.c(108): warning:  #1296-D: extended constant initialiser used
..\Libraries\LPC1700CMSIS_Firmware_Library\source\lpc17xx_gpdma.c(109): warning:  #1296-D: extended constant initialiser used
..\Libraries\LPC1700CMSIS_Firmware_Library\source\lpc17xx_gpdma.c(110): warning:  #1296-D: extended constant initialiser used
..\Libraries\LPC1700CMSIS_Firmware_Library\source\lpc17xx_gpdma.c(396): warning:  #186-D: pointless comparison of unsigned integer with zero
..\Libraries\LPC1700CMSIS_Firmware_Library\source\lpc17xx_gpdma.c(438): warning:  #186-D: pointless comparison of unsigned integer with zero
compiling lpc17xx_gpio.c...
compiling lpc17xx_i2c.c...
..\Libraries\LPC1700CMSIS_Firmware_Library\source\lpc17xx_i2c.c(597): warning:  #188-D: enumerated type mixed with another type
..\Libraries\LPC1700CMSIS_Firmware_Library\source\lpc17xx_i2c.c(694): warning:  #188-D: enumerated type mixed with another type
..\Libraries\LPC1700CMSIS_Firmware_Library\source\lpc17xx_i2c.c(701): warning:  #188-D: enumerated type mixed with another type
..\Libraries\LPC1700CMSIS_Firmware_Library\source\lpc17xx_i2c.c(749): warning:  #188-D: enumerated type mixed with another type
..\Libraries\LPC1700CMSIS_Firmware_Library\source\lpc17xx_i2c.c(901): warning:  #188-D: enumerated type mixed with another type
..\Libraries\LPC1700CMSIS_Firmware_Library\source\lpc17xx_i2c.c(914): warning:  #188-D: enumerated type mixed with another type
..\Libraries\LPC1700CMSIS_Firmware_Library\source\lpc17xx_i2c.c(951): warning:  #188-D: enumerated type mixed with another type
..\Libraries\LPC1700CMSIS_Firmware_Library\source\lpc17xx_i2c.c(1161): warning:  #188-D: enumerated type mixed with another type
..\Libraries\LPC1700CMSIS_Firmware_Library\source\lpc17xx_i2c.c(1185): warning:  #186-D: pointless comparison of unsigned integer with zero
compiling lpc17xx_i2s.c...
compiling lpc17xx_libcfg_default.c...
compiling lpc17xx_mcpwm.c...
..\Libraries\LPC1700CMSIS_Firmware_Library\source\lpc17xx_mcpwm.c(93): warning:  #186-D: pointless comparison of unsigned integer with zero
..\Libraries\LPC1700CMSIS_Firmware_Library\source\lpc17xx_mcpwm.c(181): warning:  #186-D: pointless comparison of unsigned integer with zero
..\Libraries\LPC1700CMSIS_Firmware_Library\source\lpc17xx_mcpwm.c(258): warning:  #186-D: pointless comparison of unsigned integer with zero
..\Libraries\LPC1700CMSIS_Firmware_Library\source\lpc17xx_mcpwm.c(260): warning:  #186-D: pointless comparison of unsigned integer with zero
..\Libraries\LPC1700CMSIS_Firmware_Library\source\lpc17xx_mcpwm.c(262): warning:  #186-D: pointless comparison of unsigned integer with zero
..\Libraries\LPC1700CMSIS_Firmware_Library\source\lpc17xx_mcpwm.c(262): warning:  #186-D: pointless comparison of unsigned integer with zero
..\Libraries\LPC1700CMSIS_Firmware_Library\source\lpc17xx_mcpwm.c(264): warning:  #186-D: pointless comparison of unsigned integer with zero
..\Libraries\LPC1700CMSIS_Firmware_Library\source\lpc17xx_mcpwm.c(264): warning:  #186-D: pointless comparison of unsigned integer with zero
..\Libraries\LPC1700CMSIS_Firmware_Library\source\lpc17xx_mcpwm.c(267): warning:  #186-D: pointless comparison of unsigned integer with zero
..\Libraries\LPC1700CMSIS_Firmware_Library\source\lpc17xx_mcpwm.c(267): warning:  #186-D: pointless comparison of unsigned integer with zero
..\Libraries\LPC1700CMSIS_Firmware_Library\source\lpc17xx_mcpwm.c(269): warning:  #186-D: pointless comparison of unsigned integer with zero
..\Libraries\LPC1700CMSIS_Firmware_Library\source\lpc17xx_mcpwm.c(269): warning:  #186-D: pointless comparison of unsigned integer with zero
..\Libraries\LPC1700CMSIS_Firmware_Library\source\lpc17xx_mcpwm.c(272): warning:  #186-D: pointless comparison of unsigned integer with zero
..\Libraries\LPC1700CMSIS_Firmware_Library\source\lpc17xx_mcpwm.c(376): warning:  #61-D: integer operation result is out of range
..\Libraries\LPC1700CMSIS_Firmware_Library\source\lpc17xx_mcpwm.c(378): warning:  #61-D: integer operation result is out of range
compiling lpc17xx_nvic.c...
compiling lpc17xx_pinsel.c...
compiling lpc17xx_pwm.c...
..\Libraries\LPC1700CMSIS_Firmware_Library\source\lpc17xx_pwm.c(299): warning:  #186-D: pointless comparison of unsigned integer with zero
..\Libraries\LPC1700CMSIS_Firmware_Library\source\lpc17xx_pwm.c(429): warning:  #186-D: pointless comparison of unsigned integer with zero
compiling lpc17xx_qei.c...
compiling lpc17xx_rit.c...
..\Libraries\LPC1700CMSIS_Firmware_Library\source\lpc17xx_rit.c(180): warning:  #188-D: enumerated type mixed with another type
compiling lpc17xx_rtc.c...
..\Libraries\LPC1700CMSIS_Firmware_Library\source\lpc17xx_rtc.c(734): warning:  #186-D: pointless comparison of unsigned integer with zero
..\Libraries\LPC1700CMSIS_Firmware_Library\source\lpc17xx_rtc.c(758): warning:  #186-D: pointless comparison of unsigned integer with zero
compiling lpc17xx_spi.c...
compiling lpc17xx_ssp.c...
compiling lpc17xx_systick.c...
compiling lpc17xx_timer.c...
..\Libraries\LPC1700CMSIS_Firmware_Library\source\lpc17xx_timer.c(115): warning:  #68-D: integer conversion resulted in a change of sign
compiling lpc17xx_uart.c...
compiling lpc17xx_wdt.c...
linking...
Program Size: Code=2804 RO-data=236 RW-data=16036 ZI-data=612  
".\Obj\Proyecto1.axf" - 0 Errors, 75 Warning(s).
Build target 'LPC1768'
linking...
Program Size: Code=2804 RO-data=236 RW-data=16036 ZI-data=612  
".\Obj\Proyecto1.axf" - 0 Errors, 0 Warning(s).
Rebuild target 'LPC1768'
compiling system_LPC17xx.c...
assembling startup_LPC17xx.s...
compiling AsciiLib.c...
compiling GLCD.c...
compiling debug_frmwrk.c...
compiling lpc17xx_adc.c...
compiling lpc17xx_can.c...
..\Libraries\LPC1700CMSIS_Firmware_Library\source\lpc17xx_can.c(144): warning:  #550-D: variable "temp" was set but never used
..\Libraries\LPC1700CMSIS_Firmware_Library\source\lpc17xx_can.c(712): warning:  #550-D: variable "abc" was set but never used
..\Libraries\LPC1700CMSIS_Firmware_Library\source\lpc17xx_can.c(1105): warning:  #186-D: pointless comparison of unsigned integer with zero
..\Libraries\LPC1700CMSIS_Firmware_Library\source\lpc17xx_can.c(1374): warning:  #61-D: integer operation result is out of range
..\Libraries\LPC1700CMSIS_Firmware_Library\source\lpc17xx_can.c(1374): warning:  #68-D: integer conversion resulted in a change of sign
..\Libraries\LPC1700CMSIS_Firmware_Library\source\lpc17xx_can.c(1378): warning:  #61-D: integer operation result is out of range
..\Libraries\LPC1700CMSIS_Firmware_Library\source\lpc17xx_can.c(1414): warning:  #61-D: integer operation result is out of range
..\Libraries\LPC1700CMSIS_Firmware_Library\source\lpc17xx_can.c(1414): warning:  #68-D: integer conversion resulted in a change of sign
..\Libraries\LPC1700CMSIS_Firmware_Library\source\lpc17xx_can.c(1418): warning:  #61-D: integer operation result is out of range
..\Libraries\LPC1700CMSIS_Firmware_Library\source\lpc17xx_can.c(1454): warning:  #61-D: integer operation result is out of range
..\Libraries\LPC1700CMSIS_Firmware_Library\source\lpc17xx_can.c(1454): warning:  #68-D: integer conversion resulted in a change of sign
..\Libraries\LPC1700CMSIS_Firmware_Library\source\lpc17xx_can.c(1458): warning:  #61-D: integer operation result is out of range
compiling lpc17xx_clkpwr.c...
compiling lpc17xx_dac.c...
compiling lpc17xx_emac.c...
compiling lpc17xx_exti.c...
compiling lpc17xx_gpdma.c...
..\Libraries\LPC1700CMSIS_Firmware_Library\source\lpc17xx_gpdma.c(87): warning:  #1296-D: extended constant initialiser used
..\Libraries\LPC1700CMSIS_Firmware_Library\source\lpc17xx_gpdma.c(88): warning:  #1296-D: extended constant initialiser used
..\Libraries\LPC1700CMSIS_Firmware_Library\source\lpc17xx_gpdma.c(89): warning:  #1296-D: extended constant initialiser used
..\Libraries\LPC1700CMSIS_Firmware_Library\source\lpc17xx_gpdma.c(90): warning:  #1296-D: extended constant initialiser used
..\Libraries\LPC1700CMSIS_Firmware_Library\source\lpc17xx_gpdma.c(91): warning:  #1296-D: extended constant initialiser used
..\Libraries\LPC1700CMSIS_Firmware_Library\source\lpc17xx_gpdma.c(92): warning:  #1296-D: extended constant initialiser used
..\Libraries\LPC1700CMSIS_Firmware_Library\source\lpc17xx_gpdma.c(93): warning:  #1296-D: extended constant initialiser used
..\Libraries\LPC1700CMSIS_Firmware_Library\source\lpc17xx_gpdma.c(94): warning:  #1296-D: extended constant initialiser used
..\Libraries\LPC1700CMSIS_Firmware_Library\source\lpc17xx_gpdma.c(95): warning:  #1296-D: extended constant initialiser used
..\Libraries\LPC1700CMSIS_Firmware_Library\source\lpc17xx_gpdma.c(96): warning:  #1296-D: extended constant initialiser used
..\Libraries\LPC1700CMSIS_Firmware_Library\source\lpc17xx_gpdma.c(97): warning:  #1296-D: extended constant initialiser used
..\Libraries\LPC1700CMSIS_Firmware_Library\source\lpc17xx_gpdma.c(98): warning:  #1296-D: extended constant initialiser used
..\Libraries\LPC1700CMSIS_Firmware_Library\source\lpc17xx_gpdma.c(99): warning:  #1296-D: extended constant initialiser used
..\Libraries\LPC1700CMSIS_Firmware_Library\source\lpc17xx_gpdma.c(100): warning:  #1296-D: extended constant initialiser used
..\Libraries\LPC1700CMSIS_Firmware_Library\source\lpc17xx_gpdma.c(101): warning:  #1296-D: extended constant initialiser used
..\Libraries\LPC1700CMSIS_Firmware_Library\source\lpc17xx_gpdma.c(102): warning:  #1296-D: extended constant initialiser used
..\Libraries\LPC1700CMSIS_Firmware_Library\source\lpc17xx_gpdma.c(103): warning:  #1296-D: extended constant initialiser used
..\Libraries\LPC1700CMSIS_Firmware_Library\source\lpc17xx_gpdma.c(104): warning:  #1296-D: extended constant initialiser used
..\Libraries\LPC1700CMSIS_Firmware_Library\source\lpc17xx_gpdma.c(105): warning:  #1296-D: extended constant initialiser used
..\Libraries\LPC1700CMSIS_Firmware_Library\source\lpc17xx_gpdma.c(106): warning:  #1296-D: extended constant initialiser used
..\Libraries\LPC1700CMSIS_Firmware_Library\source\lpc17xx_gpdma.c(107): warning:  #1296-D: extended constant initialiser used
..\Libraries\LPC1700CMSIS_Firmware_Library\source\lpc17xx_gpdma.c(108): warning:  #1296-D: extended constant initialiser used
..\Libraries\LPC1700CMSIS_Firmware_Library\source\lpc17xx_gpdma.c(109): warning:  #1296-D: extended constant initialiser used
..\Libraries\LPC1700CMSIS_Firmware_Library\source\lpc17xx_gpdma.c(110): warning:  #1296-D: extended constant initialiser used
..\Libraries\LPC1700CMSIS_Firmware_Library\source\lpc17xx_gpdma.c(396): warning:  #186-D: pointless comparison of unsigned integer with zero
..\Libraries\LPC1700CMSIS_Firmware_Library\source\lpc17xx_gpdma.c(438): warning:  #186-D: pointless comparison of unsigned integer with zero
compiling lpc17xx_gpio.c...
compiling lpc17xx_i2c.c...
..\Libraries\LPC1700CMSIS_Firmware_Library\source\lpc17xx_i2c.c(597): warning:  #188-D: enumerated type mixed with another type
..\Libraries\LPC1700CMSIS_Firmware_Library\source\lpc17xx_i2c.c(694): warning:  #188-D: enumerated type mixed with another type
..\Libraries\LPC1700CMSIS_Firmware_Library\source\lpc17xx_i2c.c(701): warning:  #188-D: enumerated type mixed with another type
..\Libraries\LPC1700CMSIS_Firmware_Library\source\lpc17xx_i2c.c(749): warning:  #188-D: enumerated type mixed with another type
..\Libraries\LPC1700CMSIS_Firmware_Library\source\lpc17xx_i2c.c(901): warning:  #188-D: enumerated type mixed with another type
..\Libraries\LPC1700CMSIS_Firmware_Library\source\lpc17xx_i2c.c(914): warning:  #188-D: enumerated type mixed with another type
..\Libraries\LPC1700CMSIS_Firmware_Library\source\lpc17xx_i2c.c(951): warning:  #188-D: enumerated type mixed with another type
..\Libraries\LPC1700CMSIS_Firmware_Library\source\lpc17xx_i2c.c(1161): warning:  #188-D: enumerated type mixed with another type
..\Libraries\LPC1700CMSIS_Firmware_Library\source\lpc17xx_i2c.c(1185): warning:  #186-D: pointless comparison of unsigned integer with zero
compiling lpc17xx_i2s.c...
compiling lpc17xx_libcfg_default.c...
compiling lpc17xx_mcpwm.c...
..\Libraries\LPC1700CMSIS_Firmware_Library\source\lpc17xx_mcpwm.c(93): warning:  #186-D: pointless comparison of unsigned integer with zero
..\Libraries\LPC1700CMSIS_Firmware_Library\source\lpc17xx_mcpwm.c(181): warning:  #186-D: pointless comparison of unsigned integer with zero
..\Libraries\LPC1700CMSIS_Firmware_Library\source\lpc17xx_mcpwm.c(258): warning:  #186-D: pointless comparison of unsigned integer with zero
..\Libraries\LPC1700CMSIS_Firmware_Library\source\lpc17xx_mcpwm.c(260): warning:  #186-D: pointless comparison of unsigned integer with zero
..\Libraries\LPC1700CMSIS_Firmware_Library\source\lpc17xx_mcpwm.c(262): warning:  #186-D: pointless comparison of unsigned integer with zero
..\Libraries\LPC1700CMSIS_Firmware_Library\source\lpc17xx_mcpwm.c(262): warning:  #186-D: pointless comparison of unsigned integer with zero
..\Libraries\LPC1700CMSIS_Firmware_Library\source\lpc17xx_mcpwm.c(264): warning:  #186-D: pointless comparison of unsigned integer with zero
..\Libraries\LPC1700CMSIS_Firmware_Library\source\lpc17xx_mcpwm.c(264): warning:  #186-D: pointless comparison of unsigned integer with zero
..\Libraries\LPC1700CMSIS_Firmware_Library\source\lpc17xx_mcpwm.c(267): warning:  #186-D: pointless comparison of unsigned integer with zero
..\Libraries\LPC1700CMSIS_Firmware_Library\source\lpc17xx_mcpwm.c(267): warning:  #186-D: pointless comparison of unsigned integer with zero
..\Libraries\LPC1700CMSIS_Firmware_Library\source\lpc17xx_mcpwm.c(269): warning:  #186-D: pointless comparison of unsigned integer with zero
..\Libraries\LPC1700CMSIS_Firmware_Library\source\lpc17xx_mcpwm.c(269): warning:  #186-D: pointless comparison of unsigned integer with zero
..\Libraries\LPC1700CMSIS_Firmware_Library\source\lpc17xx_mcpwm.c(272): warning:  #186-D: pointless comparison of unsigned integer with zero
..\Libraries\LPC1700CMSIS_Firmware_Library\source\lpc17xx_mcpwm.c(376): warning:  #61-D: integer operation result is out of range
..\Libraries\LPC1700CMSIS_Firmware_Library\source\lpc17xx_mcpwm.c(378): warning:  #61-D: integer operation result is out of range
compiling lpc17xx_nvic.c...
compiling lpc17xx_pinsel.c...
compiling lpc17xx_pwm.c...
..\Libraries\LPC1700CMSIS_Firmware_Library\source\lpc17xx_pwm.c(299): warning:  #186-D: pointless comparison of unsigned integer with zero
..\Libraries\LPC1700CMSIS_Firmware_Library\source\lpc17xx_pwm.c(429): warning:  #186-D: pointless comparison of unsigned integer with zero
compiling lpc17xx_qei.c...
compiling lpc17xx_rit.c...
..\Libraries\LPC1700CMSIS_Firmware_Library\source\lpc17xx_rit.c(180): warning:  #188-D: enumerated type mixed with another type
compiling lpc17xx_rtc.c...
..\Libraries\LPC1700CMSIS_Firmware_Library\source\lpc17xx_rtc.c(734): warning:  #186-D: pointless comparison of unsigned integer with zero
..\Libraries\LPC1700CMSIS_Firmware_Library\source\lpc17xx_rtc.c(758): warning:  #186-D: pointless comparison of unsigned integer with zero
compiling lpc17xx_spi.c...
compiling lpc17xx_ssp.c...
compiling lpc17xx_systick.c...
compiling lpc17xx_timer.c...
..\Libraries\LPC1700CMSIS_Firmware_Library\source\lpc17xx_timer.c(115): warning:  #68-D: integer conversion resulted in a change of sign
compiling lpc17xx_uart.c...
compiling lpc17xx_wdt.c...
compiling DMA.c...
..\USER\DMA.h(11): warning:  #1295-D: Deprecated declaration EINT2_IRQHandler - give arg types
..\USER\DMA.h(15): warning:  #1-D: last line of file ends without a newline
..\USER\DMA.c(89): warning:  #61-D: integer operation result is out of range
..\USER\DMA.c(119): warning:  #61-D: integer operation result is out of range
..\USER\DMA.c(208): warning:  #1-D: last line of file ends without a newline
compiling main.c...
..\USER\main.c(89): warning:  #223-D: function "init_GPIO" declared implicitly
compiling TouchPanel.c...
compiling init_timers_pins.c...
..\USER\init_timers_pins.h(6): warning:  #1295-D: Deprecated declaration init_GPIO - give arg types
..\USER\init_timers_pins.h(12): warning:  #1-D: last line of file ends without a newline
..\USER\init_timers_pins.c(8): warning:  #61-D: integer operation result is out of range
..\USER\init_timers_pins.c(11): warning:  #61-D: integer operation result is out of range
..\USER\init_timers_pins.c(39): error:  #20: identifier "F_pclk" is undefined
..\USER\init_timers_pins.c(39): error:  #20: identifier "F_muestreo" is undefined
..\USER\init_timers_pins.c(51): error:  #20: identifier "F_pclk" is undefined
..\USER\init_timers_pins.c(51): error:  #20: identifier "F_muestreo" is undefined
..\USER\init_timers_pins.c(63): error:  #20: identifier "F_pclk" is undefined
..\USER\init_timers_pins.c(63): error:  #20: identifier "F_muestreo" is undefined
..\USER\init_timers_pins.c(4): warning:  #177-D: function "init_GPIO" was declared but never referenced
".\Obj\Proyecto1.axf" - 6 Errors, 79 Warning(s).
Target not created
Rebuild target 'LPC1768'
compiling system_LPC17xx.c...
assembling startup_LPC17xx.s...
compiling AsciiLib.c...
compiling GLCD.c...
compiling debug_frmwrk.c...
compiling lpc17xx_adc.c...
compiling lpc17xx_can.c...
..\Libraries\LPC1700CMSIS_Firmware_Library\source\lpc17xx_can.c(144): warning:  #550-D: variable "temp" was set but never used
..\Libraries\LPC1700CMSIS_Firmware_Library\source\lpc17xx_can.c(712): warning:  #550-D: variable "abc" was set but never used
..\Libraries\LPC1700CMSIS_Firmware_Library\source\lpc17xx_can.c(1105): warning:  #186-D: pointless comparison of unsigned integer with zero
..\Libraries\LPC1700CMSIS_Firmware_Library\source\lpc17xx_can.c(1374): warning:  #61-D: integer operation result is out of range
..\Libraries\LPC1700CMSIS_Firmware_Library\source\lpc17xx_can.c(1374): warning:  #68-D: integer conversion resulted in a change of sign
..\Libraries\LPC1700CMSIS_Firmware_Library\source\lpc17xx_can.c(1378): warning:  #61-D: integer operation result is out of range
..\Libraries\LPC1700CMSIS_Firmware_Library\source\lpc17xx_can.c(1414): warning:  #61-D: integer operation result is out of range
..\Libraries\LPC1700CMSIS_Firmware_Library\source\lpc17xx_can.c(1414): warning:  #68-D: integer conversion resulted in a change of sign
..\Libraries\LPC1700CMSIS_Firmware_Library\source\lpc17xx_can.c(1418): warning:  #61-D: integer operation result is out of range
..\Libraries\LPC1700CMSIS_Firmware_Library\source\lpc17xx_can.c(1454): warning:  #61-D: integer operation result is out of range
..\Libraries\LPC1700CMSIS_Firmware_Library\source\lpc17xx_can.c(1454): warning:  #68-D: integer conversion resulted in a change of sign
..\Libraries\LPC1700CMSIS_Firmware_Library\source\lpc17xx_can.c(1458): warning:  #61-D: integer operation result is out of range
compiling lpc17xx_clkpwr.c...
compiling lpc17xx_dac.c...
compiling lpc17xx_emac.c...
compiling lpc17xx_exti.c...
compiling lpc17xx_gpdma.c...
..\Libraries\LPC1700CMSIS_Firmware_Library\source\lpc17xx_gpdma.c(87): warning:  #1296-D: extended constant initialiser used
..\Libraries\LPC1700CMSIS_Firmware_Library\source\lpc17xx_gpdma.c(88): warning:  #1296-D: extended constant initialiser used
..\Libraries\LPC1700CMSIS_Firmware_Library\source\lpc17xx_gpdma.c(89): warning:  #1296-D: extended constant initialiser used
..\Libraries\LPC1700CMSIS_Firmware_Library\source\lpc17xx_gpdma.c(90): warning:  #1296-D: extended constant initialiser used
..\Libraries\LPC1700CMSIS_Firmware_Library\source\lpc17xx_gpdma.c(91): warning:  #1296-D: extended constant initialiser used
..\Libraries\LPC1700CMSIS_Firmware_Library\source\lpc17xx_gpdma.c(92): warning:  #1296-D: extended constant initialiser used
..\Libraries\LPC1700CMSIS_Firmware_Library\source\lpc17xx_gpdma.c(93): warning:  #1296-D: extended constant initialiser used
..\Libraries\LPC1700CMSIS_Firmware_Library\source\lpc17xx_gpdma.c(94): warning:  #1296-D: extended constant initialiser used
..\Libraries\LPC1700CMSIS_Firmware_Library\source\lpc17xx_gpdma.c(95): warning:  #1296-D: extended constant initialiser used
..\Libraries\LPC1700CMSIS_Firmware_Library\source\lpc17xx_gpdma.c(96): warning:  #1296-D: extended constant initialiser used
..\Libraries\LPC1700CMSIS_Firmware_Library\source\lpc17xx_gpdma.c(97): warning:  #1296-D: extended constant initialiser used
..\Libraries\LPC1700CMSIS_Firmware_Library\source\lpc17xx_gpdma.c(98): warning:  #1296-D: extended constant initialiser used
..\Libraries\LPC1700CMSIS_Firmware_Library\source\lpc17xx_gpdma.c(99): warning:  #1296-D: extended constant initialiser used
..\Libraries\LPC1700CMSIS_Firmware_Library\source\lpc17xx_gpdma.c(100): warning:  #1296-D: extended constant initialiser used
..\Libraries\LPC1700CMSIS_Firmware_Library\source\lpc17xx_gpdma.c(101): warning:  #1296-D: extended constant initialiser used
..\Libraries\LPC1700CMSIS_Firmware_Library\source\lpc17xx_gpdma.c(102): warning:  #1296-D: extended constant initialiser used
..\Libraries\LPC1700CMSIS_Firmware_Library\source\lpc17xx_gpdma.c(103): warning:  #1296-D: extended constant initialiser used
..\Libraries\LPC1700CMSIS_Firmware_Library\source\lpc17xx_gpdma.c(104): warning:  #1296-D: extended constant initialiser used
..\Libraries\LPC1700CMSIS_Firmware_Library\source\lpc17xx_gpdma.c(105): warning:  #1296-D: extended constant initialiser used
..\Libraries\LPC1700CMSIS_Firmware_Library\source\lpc17xx_gpdma.c(106): warning:  #1296-D: extended constant initialiser used
..\Libraries\LPC1700CMSIS_Firmware_Library\source\lpc17xx_gpdma.c(107): warning:  #1296-D: extended constant initialiser used
..\Libraries\LPC1700CMSIS_Firmware_Library\source\lpc17xx_gpdma.c(108): warning:  #1296-D: extended constant initialiser used
..\Libraries\LPC1700CMSIS_Firmware_Library\source\lpc17xx_gpdma.c(109): warning:  #1296-D: extended constant initialiser used
..\Libraries\LPC1700CMSIS_Firmware_Library\source\lpc17xx_gpdma.c(110): warning:  #1296-D: extended constant initialiser used
..\Libraries\LPC1700CMSIS_Firmware_Library\source\lpc17xx_gpdma.c(396): warning:  #186-D: pointless comparison of unsigned integer with zero
..\Libraries\LPC1700CMSIS_Firmware_Library\source\lpc17xx_gpdma.c(438): warning:  #186-D: pointless comparison of unsigned integer with zero
compiling lpc17xx_gpio.c...
compiling lpc17xx_i2c.c...
..\Libraries\LPC1700CMSIS_Firmware_Library\source\lpc17xx_i2c.c(597): warning:  #188-D: enumerated type mixed with another type
..\Libraries\LPC1700CMSIS_Firmware_Library\source\lpc17xx_i2c.c(694): warning:  #188-D: enumerated type mixed with another type
..\Libraries\LPC1700CMSIS_Firmware_Library\source\lpc17xx_i2c.c(701): warning:  #188-D: enumerated type mixed with another type
..\Libraries\LPC1700CMSIS_Firmware_Library\source\lpc17xx_i2c.c(749): warning:  #188-D: enumerated type mixed with another type
..\Libraries\LPC1700CMSIS_Firmware_Library\source\lpc17xx_i2c.c(901): warning:  #188-D: enumerated type mixed with another type
..\Libraries\LPC1700CMSIS_Firmware_Library\source\lpc17xx_i2c.c(914): warning:  #188-D: enumerated type mixed with another type
..\Libraries\LPC1700CMSIS_Firmware_Library\source\lpc17xx_i2c.c(951): warning:  #188-D: enumerated type mixed with another type
..\Libraries\LPC1700CMSIS_Firmware_Library\source\lpc17xx_i2c.c(1161): warning:  #188-D: enumerated type mixed with another type
..\Libraries\LPC1700CMSIS_Firmware_Library\source\lpc17xx_i2c.c(1185): warning:  #186-D: pointless comparison of unsigned integer with zero
compiling lpc17xx_i2s.c...
compiling lpc17xx_libcfg_default.c...
compiling lpc17xx_mcpwm.c...
..\Libraries\LPC1700CMSIS_Firmware_Library\source\lpc17xx_mcpwm.c(93): warning:  #186-D: pointless comparison of unsigned integer with zero
..\Libraries\LPC1700CMSIS_Firmware_Library\source\lpc17xx_mcpwm.c(181): warning:  #186-D: pointless comparison of unsigned integer with zero
..\Libraries\LPC1700CMSIS_Firmware_Library\source\lpc17xx_mcpwm.c(258): warning:  #186-D: pointless comparison of unsigned integer with zero
..\Libraries\LPC1700CMSIS_Firmware_Library\source\lpc17xx_mcpwm.c(260): warning:  #186-D: pointless comparison of unsigned integer with zero
..\Libraries\LPC1700CMSIS_Firmware_Library\source\lpc17xx_mcpwm.c(262): warning:  #186-D: pointless comparison of unsigned integer with zero
..\Libraries\LPC1700CMSIS_Firmware_Library\source\lpc17xx_mcpwm.c(262): warning:  #186-D: pointless comparison of unsigned integer with zero
..\Libraries\LPC1700CMSIS_Firmware_Library\source\lpc17xx_mcpwm.c(264): warning:  #186-D: pointless comparison of unsigned integer with zero
..\Libraries\LPC1700CMSIS_Firmware_Library\source\lpc17xx_mcpwm.c(264): warning:  #186-D: pointless comparison of unsigned integer with zero
..\Libraries\LPC1700CMSIS_Firmware_Library\source\lpc17xx_mcpwm.c(267): warning:  #186-D: pointless comparison of unsigned integer with zero
..\Libraries\LPC1700CMSIS_Firmware_Library\source\lpc17xx_mcpwm.c(267): warning:  #186-D: pointless comparison of unsigned integer with zero
..\Libraries\LPC1700CMSIS_Firmware_Library\source\lpc17xx_mcpwm.c(269): warning:  #186-D: pointless comparison of unsigned integer with zero
..\Libraries\LPC1700CMSIS_Firmware_Library\source\lpc17xx_mcpwm.c(269): warning:  #186-D: pointless comparison of unsigned integer with zero
..\Libraries\LPC1700CMSIS_Firmware_Library\source\lpc17xx_mcpwm.c(272): warning:  #186-D: pointless comparison of unsigned integer with zero
..\Libraries\LPC1700CMSIS_Firmware_Library\source\lpc17xx_mcpwm.c(376): warning:  #61-D: integer operation result is out of range
..\Libraries\LPC1700CMSIS_Firmware_Library\source\lpc17xx_mcpwm.c(378): warning:  #61-D: integer operation result is out of range
compiling lpc17xx_nvic.c...
compiling lpc17xx_pinsel.c...
compiling lpc17xx_pwm.c...
..\Libraries\LPC1700CMSIS_Firmware_Library\source\lpc17xx_pwm.c(299): warning:  #186-D: pointless comparison of unsigned integer with zero
..\Libraries\LPC1700CMSIS_Firmware_Library\source\lpc17xx_pwm.c(429): warning:  #186-D: pointless comparison of unsigned integer with zero
compiling lpc17xx_qei.c...
compiling lpc17xx_rit.c...
..\Libraries\LPC1700CMSIS_Firmware_Library\source\lpc17xx_rit.c(180): warning:  #188-D: enumerated type mixed with another type
compiling lpc17xx_rtc.c...
..\Libraries\LPC1700CMSIS_Firmware_Library\source\lpc17xx_rtc.c(734): warning:  #186-D: pointless comparison of unsigned integer with zero
..\Libraries\LPC1700CMSIS_Firmware_Library\source\lpc17xx_rtc.c(758): warning:  #186-D: pointless comparison of unsigned integer with zero
compiling lpc17xx_spi.c...
compiling lpc17xx_ssp.c...
compiling lpc17xx_systick.c...
compiling lpc17xx_timer.c...
..\Libraries\LPC1700CMSIS_Firmware_Library\source\lpc17xx_timer.c(115): warning:  #68-D: integer conversion resulted in a change of sign
compiling lpc17xx_uart.c...
compiling lpc17xx_wdt.c...
compiling DMA.c...
..\USER\DMA.h(11): warning:  #1295-D: Deprecated declaration EINT2_IRQHandler - give arg types
..\USER\DMA.h(15): warning:  #1-D: last line of file ends without a newline
..\USER\DMA.c(89): warning:  #61-D: integer operation result is out of range
..\USER\DMA.c(119): warning:  #61-D: integer operation result is out of range
..\USER\DMA.c(208): warning:  #1-D: last line of file ends without a newline
compiling main.c...
..\USER\init_timers_pins.h(10): warning:  #1295-D: Deprecated declaration init_GPIO - give arg types
..\USER\init_timers_pins.h(16): warning:  #1-D: last line of file ends without a newline
..\USER\init_timers_pins.h(10): error:  #114: function "init_GPIO" was referenced but not defined
compiling TouchPanel.c...
compiling init_timers_pins.c...
..\USER\init_timers_pins.h(10): warning:  #1295-D: Deprecated declaration init_GPIO - give arg types
..\USER\init_timers_pins.h(16): warning:  #1-D: last line of file ends without a newline
..\USER\init_timers_pins.c(8): warning:  #61-D: integer operation result is out of range
..\USER\init_timers_pins.c(11): warning:  #61-D: integer operation result is out of range
..\USER\init_timers_pins.c(4): warning:  #177-D: function "init_GPIO" was declared but never referenced
".\Obj\Proyecto1.axf" - 1 Errors, 80 Warning(s).
Target not created
Build target 'LPC1768'
compiling DMA.c...
..\USER\DMA.h(11): warning:  #1295-D: Deprecated declaration EINT2_IRQHandler - give arg types
..\USER\DMA.h(15): warning:  #1-D: last line of file ends without a newline
..\USER\DMA.c(89): warning:  #61-D: integer operation result is out of range
..\USER\DMA.c(119): warning:  #61-D: integer operation result is out of range
..\USER\DMA.c(208): warning:  #1-D: last line of file ends without a newline
compiling main.c...
..\USER\init_timers_pins.h(16): warning:  #1-D: last line of file ends without a newline
..\USER\init_timers_pins.h(10): error:  #114: function "init_GPIO" was referenced but not defined
compiling TouchPanel.c...
compiling init_timers_pins.c...
..\USER\init_timers_pins.h(16): warning:  #1-D: last line of file ends without a newline
..\USER\init_timers_pins.c(8): warning:  #61-D: integer operation result is out of range
..\USER\init_timers_pins.c(11): warning:  #61-D: integer operation result is out of range
..\USER\init_timers_pins.c(4): warning:  #177-D: function "init_GPIO" was declared but never referenced
".\Obj\Proyecto1.axf" - 1 Errors, 10 Warning(s).
Target not created
Build target 'LPC1768'
compiling main.c...
..\USER\init_timers_pins.h(16): warning:  #1-D: last line of file ends without a newline
compiling init_timers_pins.c...
..\USER\init_timers_pins.h(16): warning:  #1-D: last line of file ends without a newline
..\USER\init_timers_pins.c(8): warning:  #61-D: integer operation result is out of range
..\USER\init_timers_pins.c(11): warning:  #61-D: integer operation result is out of range
..\USER\init_timers_pins.c(4): warning:  #177-D: function "init_GPIO" was declared but never referenced
linking...
.\Obj\Proyecto1.axf: Error: L6218E: Undefined symbol init_GPIO (referred from main.o).
".\Obj\Proyecto1.axf" - 1 Errors, 5 Warning(s).
Target not created
Build target 'LPC1768'
compiling main.c...
..\USER\init_timers_pins.h(16): warning:  #1-D: last line of file ends without a newline
..\USER\init_timers_pins.h(10): error:  #114: function "init_GPIO" was referenced but not defined
compiling init_timers_pins.c...
..\USER\init_timers_pins.h(16): warning:  #1-D: last line of file ends without a newline
..\USER\init_timers_pins.c(8): warning:  #61-D: integer operation result is out of range
..\USER\init_timers_pins.c(11): warning:  #61-D: integer operation result is out of range
..\USER\init_timers_pins.c(4): warning:  #177-D: function "init_GPIO" was declared but never referenced
".\Obj\Proyecto1.axf" - 1 Errors, 5 Warning(s).
Target not created
Build target 'LPC1768'
compiling main.c...
..\USER\init_timers_pins.h(16): warning:  #1-D: last line of file ends without a newline
..\USER\init_timers_pins.h(10): error:  #114: function "init_GPIO" was referenced but not defined
compiling init_timers_pins.c...
..\USER\init_timers_pins.h(16): warning:  #1-D: last line of file ends without a newline
..\USER\init_timers_pins.c(8): warning:  #61-D: integer operation result is out of range
..\USER\init_timers_pins.c(11): warning:  #61-D: integer operation result is out of range
..\USER\init_timers_pins.c(4): warning:  #177-D: function "init_GPIO" was declared but never referenced
".\Obj\Proyecto1.axf" - 1 Errors, 5 Warning(s).
Target not created
Build target 'LPC1768'
compiling main.c...
..\USER\init_timers_pins.h(16): warning:  #1-D: last line of file ends without a newline
..\USER\init_timers_pins.h(10): error:  #114: function "init_GPIO" was referenced but not defined
compiling init_timers_pins.c...
..\USER\init_timers_pins.h(16): warning:  #1-D: last line of file ends without a newline
..\USER\init_timers_pins.c(8): warning:  #61-D: integer operation result is out of range
..\USER\init_timers_pins.c(11): warning:  #61-D: integer operation result is out of range
..\USER\init_timers_pins.c(4): warning:  #177-D: function "init_GPIO" was declared but never referenced
".\Obj\Proyecto1.axf" - 1 Errors, 5 Warning(s).
Target not created
Build target 'LPC1768'
compiling main.c...
..\USER\init_timers_pins.h(16): warning:  #1-D: last line of file ends without a newline
..\USER\init_timers_pins.h(10): error:  #114: function "init_GPIO" was referenced but not defined
compiling init_timers_pins.c...
..\USER\init_timers_pins.h(16): warning:  #1-D: last line of file ends without a newline
..\USER\init_timers_pins.c(8): warning:  #61-D: integer operation result is out of range
..\USER\init_timers_pins.c(11): warning:  #61-D: integer operation result is out of range
..\USER\init_timers_pins.c(4): warning:  #177-D: function "init_GPIO" was declared but never referenced
".\Obj\Proyecto1.axf" - 1 Errors, 5 Warning(s).
Target not created
Clean started: Project: 'Proyecto1'
   deleting intermediate output files for target 'LPC1768'
Rebuild target 'LPC1768'
compiling system_LPC17xx.c...
assembling startup_LPC17xx.s...
compiling AsciiLib.c...
compiling GLCD.c...
compiling debug_frmwrk.c...
compiling lpc17xx_adc.c...
compiling lpc17xx_can.c...
..\Libraries\LPC1700CMSIS_Firmware_Library\source\lpc17xx_can.c(144): warning:  #550-D: variable "temp" was set but never used
..\Libraries\LPC1700CMSIS_Firmware_Library\source\lpc17xx_can.c(712): warning:  #550-D: variable "abc" was set but never used
..\Libraries\LPC1700CMSIS_Firmware_Library\source\lpc17xx_can.c(1105): warning:  #186-D: pointless comparison of unsigned integer with zero
..\Libraries\LPC1700CMSIS_Firmware_Library\source\lpc17xx_can.c(1374): warning:  #61-D: integer operation result is out of range
..\Libraries\LPC1700CMSIS_Firmware_Library\source\lpc17xx_can.c(1374): warning:  #68-D: integer conversion resulted in a change of sign
..\Libraries\LPC1700CMSIS_Firmware_Library\source\lpc17xx_can.c(1378): warning:  #61-D: integer operation result is out of range
..\Libraries\LPC1700CMSIS_Firmware_Library\source\lpc17xx_can.c(1414): warning:  #61-D: integer operation result is out of range
..\Libraries\LPC1700CMSIS_Firmware_Library\source\lpc17xx_can.c(1414): warning:  #68-D: integer conversion resulted in a change of sign
..\Libraries\LPC1700CMSIS_Firmware_Library\source\lpc17xx_can.c(1418): warning:  #61-D: integer operation result is out of range
..\Libraries\LPC1700CMSIS_Firmware_Library\source\lpc17xx_can.c(1454): warning:  #61-D: integer operation result is out of range
..\Libraries\LPC1700CMSIS_Firmware_Library\source\lpc17xx_can.c(1454): warning:  #68-D: integer conversion resulted in a change of sign
..\Libraries\LPC1700CMSIS_Firmware_Library\source\lpc17xx_can.c(1458): warning:  #61-D: integer operation result is out of range
compiling lpc17xx_clkpwr.c...
compiling lpc17xx_dac.c...
compiling lpc17xx_emac.c...
compiling lpc17xx_exti.c...
compiling lpc17xx_gpdma.c...
..\Libraries\LPC1700CMSIS_Firmware_Library\source\lpc17xx_gpdma.c(87): warning:  #1296-D: extended constant initialiser used
..\Libraries\LPC1700CMSIS_Firmware_Library\source\lpc17xx_gpdma.c(88): warning:  #1296-D: extended constant initialiser used
..\Libraries\LPC1700CMSIS_Firmware_Library\source\lpc17xx_gpdma.c(89): warning:  #1296-D: extended constant initialiser used
..\Libraries\LPC1700CMSIS_Firmware_Library\source\lpc17xx_gpdma.c(90): warning:  #1296-D: extended constant initialiser used
..\Libraries\LPC1700CMSIS_Firmware_Library\source\lpc17xx_gpdma.c(91): warning:  #1296-D: extended constant initialiser used
..\Libraries\LPC1700CMSIS_Firmware_Library\source\lpc17xx_gpdma.c(92): warning:  #1296-D: extended constant initialiser used
..\Libraries\LPC1700CMSIS_Firmware_Library\source\lpc17xx_gpdma.c(93): warning:  #1296-D: extended constant initialiser used
..\Libraries\LPC1700CMSIS_Firmware_Library\source\lpc17xx_gpdma.c(94): warning:  #1296-D: extended constant initialiser used
..\Libraries\LPC1700CMSIS_Firmware_Library\source\lpc17xx_gpdma.c(95): warning:  #1296-D: extended constant initialiser used
..\Libraries\LPC1700CMSIS_Firmware_Library\source\lpc17xx_gpdma.c(96): warning:  #1296-D: extended constant initialiser used
..\Libraries\LPC1700CMSIS_Firmware_Library\source\lpc17xx_gpdma.c(97): warning:  #1296-D: extended constant initialiser used
..\Libraries\LPC1700CMSIS_Firmware_Library\source\lpc17xx_gpdma.c(98): warning:  #1296-D: extended constant initialiser used
..\Libraries\LPC1700CMSIS_Firmware_Library\source\lpc17xx_gpdma.c(99): warning:  #1296-D: extended constant initialiser used
..\Libraries\LPC1700CMSIS_Firmware_Library\source\lpc17xx_gpdma.c(100): warning:  #1296-D: extended constant initialiser used
..\Libraries\LPC1700CMSIS_Firmware_Library\source\lpc17xx_gpdma.c(101): warning:  #1296-D: extended constant initialiser used
..\Libraries\LPC1700CMSIS_Firmware_Library\source\lpc17xx_gpdma.c(102): warning:  #1296-D: extended constant initialiser used
..\Libraries\LPC1700CMSIS_Firmware_Library\source\lpc17xx_gpdma.c(103): warning:  #1296-D: extended constant initialiser used
..\Libraries\LPC1700CMSIS_Firmware_Library\source\lpc17xx_gpdma.c(104): warning:  #1296-D: extended constant initialiser used
..\Libraries\LPC1700CMSIS_Firmware_Library\source\lpc17xx_gpdma.c(105): warning:  #1296-D: extended constant initialiser used
..\Libraries\LPC1700CMSIS_Firmware_Library\source\lpc17xx_gpdma.c(106): warning:  #1296-D: extended constant initialiser used
..\Libraries\LPC1700CMSIS_Firmware_Library\source\lpc17xx_gpdma.c(107): warning:  #1296-D: extended constant initialiser used
..\Libraries\LPC1700CMSIS_Firmware_Library\source\lpc17xx_gpdma.c(108): warning:  #1296-D: extended constant initialiser used
..\Libraries\LPC1700CMSIS_Firmware_Library\source\lpc17xx_gpdma.c(109): warning:  #1296-D: extended constant initialiser used
..\Libraries\LPC1700CMSIS_Firmware_Library\source\lpc17xx_gpdma.c(110): warning:  #1296-D: extended constant initialiser used
..\Libraries\LPC1700CMSIS_Firmware_Library\source\lpc17xx_gpdma.c(396): warning:  #186-D: pointless comparison of unsigned integer with zero
..\Libraries\LPC1700CMSIS_Firmware_Library\source\lpc17xx_gpdma.c(438): warning:  #186-D: pointless comparison of unsigned integer with zero
compiling lpc17xx_gpio.c...
compiling lpc17xx_i2c.c...
..\Libraries\LPC1700CMSIS_Firmware_Library\source\lpc17xx_i2c.c(597): warning:  #188-D: enumerated type mixed with another type
..\Libraries\LPC1700CMSIS_Firmware_Library\source\lpc17xx_i2c.c(694): warning:  #188-D: enumerated type mixed with another type
..\Libraries\LPC1700CMSIS_Firmware_Library\source\lpc17xx_i2c.c(701): warning:  #188-D: enumerated type mixed with another type
..\Libraries\LPC1700CMSIS_Firmware_Library\source\lpc17xx_i2c.c(749): warning:  #188-D: enumerated type mixed with another type
..\Libraries\LPC1700CMSIS_Firmware_Library\source\lpc17xx_i2c.c(901): warning:  #188-D: enumerated type mixed with another type
..\Libraries\LPC1700CMSIS_Firmware_Library\source\lpc17xx_i2c.c(914): warning:  #188-D: enumerated type mixed with another type
..\Libraries\LPC1700CMSIS_Firmware_Library\source\lpc17xx_i2c.c(951): warning:  #188-D: enumerated type mixed with another type
..\Libraries\LPC1700CMSIS_Firmware_Library\source\lpc17xx_i2c.c(1161): warning:  #188-D: enumerated type mixed with another type
..\Libraries\LPC1700CMSIS_Firmware_Library\source\lpc17xx_i2c.c(1185): warning:  #186-D: pointless comparison of unsigned integer with zero
compiling lpc17xx_i2s.c...
compiling lpc17xx_libcfg_default.c...
compiling lpc17xx_mcpwm.c...
..\Libraries\LPC1700CMSIS_Firmware_Library\source\lpc17xx_mcpwm.c(93): warning:  #186-D: pointless comparison of unsigned integer with zero
..\Libraries\LPC1700CMSIS_Firmware_Library\source\lpc17xx_mcpwm.c(181): warning:  #186-D: pointless comparison of unsigned integer with zero
..\Libraries\LPC1700CMSIS_Firmware_Library\source\lpc17xx_mcpwm.c(258): warning:  #186-D: pointless comparison of unsigned integer with zero
..\Libraries\LPC1700CMSIS_Firmware_Library\source\lpc17xx_mcpwm.c(260): warning:  #186-D: pointless comparison of unsigned integer with zero
..\Libraries\LPC1700CMSIS_Firmware_Library\source\lpc17xx_mcpwm.c(262): warning:  #186-D: pointless comparison of unsigned integer with zero
..\Libraries\LPC1700CMSIS_Firmware_Library\source\lpc17xx_mcpwm.c(262): warning:  #186-D: pointless comparison of unsigned integer with zero
..\Libraries\LPC1700CMSIS_Firmware_Library\source\lpc17xx_mcpwm.c(264): warning:  #186-D: pointless comparison of unsigned integer with zero
..\Libraries\LPC1700CMSIS_Firmware_Library\source\lpc17xx_mcpwm.c(264): warning:  #186-D: pointless comparison of unsigned integer with zero
..\Libraries\LPC1700CMSIS_Firmware_Library\source\lpc17xx_mcpwm.c(267): warning:  #186-D: pointless comparison of unsigned integer with zero
..\Libraries\LPC1700CMSIS_Firmware_Library\source\lpc17xx_mcpwm.c(267): warning:  #186-D: pointless comparison of unsigned integer with zero
..\Libraries\LPC1700CMSIS_Firmware_Library\source\lpc17xx_mcpwm.c(269): warning:  #186-D: pointless comparison of unsigned integer with zero
..\Libraries\LPC1700CMSIS_Firmware_Library\source\lpc17xx_mcpwm.c(269): warning:  #186-D: pointless comparison of unsigned integer with zero
..\Libraries\LPC1700CMSIS_Firmware_Library\source\lpc17xx_mcpwm.c(272): warning:  #186-D: pointless comparison of unsigned integer with zero
..\Libraries\LPC1700CMSIS_Firmware_Library\source\lpc17xx_mcpwm.c(376): warning:  #61-D: integer operation result is out of range
..\Libraries\LPC1700CMSIS_Firmware_Library\source\lpc17xx_mcpwm.c(378): warning:  #61-D: integer operation result is out of range
compiling lpc17xx_nvic.c...
compiling lpc17xx_pinsel.c...
compiling lpc17xx_pwm.c...
..\Libraries\LPC1700CMSIS_Firmware_Library\source\lpc17xx_pwm.c(299): warning:  #186-D: pointless comparison of unsigned integer with zero
..\Libraries\LPC1700CMSIS_Firmware_Library\source\lpc17xx_pwm.c(429): warning:  #186-D: pointless comparison of unsigned integer with zero
compiling lpc17xx_qei.c...
compiling lpc17xx_rit.c...
..\Libraries\LPC1700CMSIS_Firmware_Library\source\lpc17xx_rit.c(180): warning:  #188-D: enumerated type mixed with another type
compiling lpc17xx_rtc.c...
..\Libraries\LPC1700CMSIS_Firmware_Library\source\lpc17xx_rtc.c(734): warning:  #186-D: pointless comparison of unsigned integer with zero
..\Libraries\LPC1700CMSIS_Firmware_Library\source\lpc17xx_rtc.c(758): warning:  #186-D: pointless comparison of unsigned integer with zero
compiling lpc17xx_spi.c...
compiling lpc17xx_ssp.c...
compiling lpc17xx_systick.c...
compiling lpc17xx_timer.c...
..\Libraries\LPC1700CMSIS_Firmware_Library\source\lpc17xx_timer.c(115): warning:  #68-D: integer conversion resulted in a change of sign
compiling lpc17xx_uart.c...
compiling lpc17xx_wdt.c...
compiling DMA.c...
..\USER\DMA.h(11): warning:  #1295-D: Deprecated declaration EINT2_IRQHandler - give arg types
..\USER\DMA.h(15): warning:  #1-D: last line of file ends without a newline
..\USER\DMA.c(89): warning:  #61-D: integer operation result is out of range
..\USER\DMA.c(119): warning:  #61-D: integer operation result is out of range
..\USER\DMA.c(208): warning:  #1-D: last line of file ends without a newline
compiling main.c...
..\USER\init_timers_pins.h(16): warning:  #1-D: last line of file ends without a newline
..\USER\init_timers_pins.h(10): error:  #114: function "init_GPIO" was referenced but not defined
compiling TouchPanel.c...
compiling init_timers_pins.c...
..\USER\init_timers_pins.h(16): warning:  #1-D: last line of file ends without a newline
..\USER\init_timers_pins.c(8): warning:  #61-D: integer operation result is out of range
..\USER\init_timers_pins.c(11): warning:  #61-D: integer operation result is out of range
..\USER\init_timers_pins.c(4): warning:  #177-D: function "init_GPIO" was declared but never referenced
".\Obj\Proyecto1.axf" - 1 Errors, 78 Warning(s).
Target not created
Build target 'LPC1768'
compiling main.c...
..\USER\init_timers_pins.h(16): warning:  #1-D: last line of file ends without a newline
compiling init_timers_pins.c...
..\USER\init_timers_pins.h(16): warning:  #1-D: last line of file ends without a newline
..\USER\init_timers_pins.c(8): warning:  #61-D: integer operation result is out of range
..\USER\init_timers_pins.c(11): warning:  #61-D: integer operation result is out of range
linking...
Program Size: Code=2824 RO-data=236 RW-data=16036 ZI-data=612  
".\Obj\Proyecto1.axf" - 0 Errors, 4 Warning(s).
Build target 'LPC1768'
compiling main.c...
..\USER\init_timers_pins.h(17): warning:  #1-D: last line of file ends without a newline
compiling init_timers_pins.c...
..\USER\init_timers_pins.h(17): warning:  #1-D: last line of file ends without a newline
..\USER\init_timers_pins.c(8): warning:  #61-D: integer operation result is out of range
..\USER\init_timers_pins.c(11): warning:  #61-D: integer operation result is out of range
linking...
Program Size: Code=2824 RO-data=236 RW-data=16036 ZI-data=612  
".\Obj\Proyecto1.axf" - 0 Errors, 4 Warning(s).
Build target 'LPC1768'
compiling main.c...
..\USER\init_timers_pins.h(17): warning:  #1-D: last line of file ends without a newline
compiling init_timers_pins.c...
..\USER\init_timers_pins.h(17): warning:  #1-D: last line of file ends without a newline
..\USER\init_timers_pins.c(8): warning:  #61-D: integer operation result is out of range
..\USER\init_timers_pins.c(11): warning:  #61-D: integer operation result is out of range
linking...
Program Size: Code=2828 RO-data=236 RW-data=16036 ZI-data=612  
".\Obj\Proyecto1.axf" - 0 Errors, 4 Warning(s).
Clean started: Project: 'Proyecto1'
   deleting intermediate output files for target 'LPC1768'
