<html>
<body>
<pre>
<h1>µVision Build Log</h1>
<h2>Project:</h2>
C:\Users\GalleDoh\Documents\Universidad\Máster\Curso 1\Cuatrimestre 1\Subsistemas Electrónicos\Práctica final\Efectos\Reverb\reverb.uvproj
Project File Date:  12/30/2017

<h2>Output:</h2>
Rebuild target 'Target 1'
compiling reverb.c...
assembling startup_LPC17xx.s...
compiling system_LPC17xx.c...
linking...
.\reverb.axf: Error: L6406E: No space in execution regions with .ANY selector matching reverb.o(.bss).
.\reverb.axf: Error: L6407E: Sections of aggregate size 0x17700 bytes could not fit into .ANY selector(s).
".\reverb.axf" - 2 Errors, 0 Warning(s).
Target not created
Rebuild target 'Target 1'
compiling reverb.c...
assembling startup_LPC17xx.s...
compiling system_LPC17xx.c...
linking...
.\reverb.axf: Error: L6406E: No space in execution regions with .ANY selector matching reverb.o(.bss).
.\reverb.axf: Error: L6407E: Sections of aggregate size 0xea60 bytes could not fit into .ANY selector(s).
".\reverb.axf" - 2 Errors, 0 Warning(s).
Target not created
Rebuild target 'Target 1'
compiling reverb.c...
assembling startup_LPC17xx.s...
compiling system_LPC17xx.c...
linking...
Program Size: Code=1960 RO-data=236 RW-data=20 ZI-data=32612  
".\reverb.axf" - 0 Errors, 0 Warning(s).
Rebuild target 'Target 1'
compiling reverb.c...
assembling startup_LPC17xx.s...
compiling system_LPC17xx.c...
linking...
Program Size: Code=1960 RO-data=236 RW-data=20 ZI-data=32612  
".\reverb.axf" - 0 Errors, 0 Warning(s).
Rebuild target 'Target 1'
compiling reverb.c...
assembling startup_LPC17xx.s...
compiling system_LPC17xx.c...
linking...
Program Size: Code=1960 RO-data=236 RW-data=20 ZI-data=32652  
".\reverb.axf" - 0 Errors, 0 Warning(s).
